ARM GAS  C:\Users\12548\AppData\Local\Temp\ccYQ2CIQ.s 			page 1


   1              		.syntax unified
   2              		.cpu cortex-m0plus
   3              		.fpu softvfp
   4              		.eabi_attribute 20, 1
   5              		.eabi_attribute 21, 1
   6              		.eabi_attribute 23, 3
   7              		.eabi_attribute 24, 1
   8              		.eabi_attribute 25, 1
   9              		.eabi_attribute 26, 1
  10              		.eabi_attribute 30, 1
  11              		.eabi_attribute 34, 0
  12              		.eabi_attribute 18, 4
  13              		.thumb
  14              		.syntax unified
  15              		.file	"cyfitter_cfg.c"
  16              		.text
  17              	.Ltext0:
  18              		.cfi_sections	.debug_frame
  19              		.section	.text.AnalogSetDefault,"ax",%progbits
  20              		.align	2
  21              		.code	16
  22              		.thumb_func
  23              		.type	AnalogSetDefault, %function
  24              	AnalogSetDefault:
  25              	.LFB5:
  26              		.file 1 "Generated_Source\\PSoC4\\cyfitter_cfg.c"
   1:Generated_Source\PSoC4/cyfitter_cfg.c **** 
   2:Generated_Source\PSoC4/cyfitter_cfg.c **** /*******************************************************************************
   3:Generated_Source\PSoC4/cyfitter_cfg.c **** * File Name: cyfitter_cfg.c
   4:Generated_Source\PSoC4/cyfitter_cfg.c **** * 
   5:Generated_Source\PSoC4/cyfitter_cfg.c **** * PSoC Creator  4.4
   6:Generated_Source\PSoC4/cyfitter_cfg.c **** *
   7:Generated_Source\PSoC4/cyfitter_cfg.c **** * Description:
   8:Generated_Source\PSoC4/cyfitter_cfg.c **** * This file contains device initialization code.
   9:Generated_Source\PSoC4/cyfitter_cfg.c **** * Except for the user defined sections in CyClockStartupError(), this file should not be modified.
  10:Generated_Source\PSoC4/cyfitter_cfg.c **** * This file is automatically generated by PSoC Creator.
  11:Generated_Source\PSoC4/cyfitter_cfg.c **** *
  12:Generated_Source\PSoC4/cyfitter_cfg.c **** ********************************************************************************
  13:Generated_Source\PSoC4/cyfitter_cfg.c **** * Copyright (c) 2007-2020 Cypress Semiconductor.  All rights reserved.
  14:Generated_Source\PSoC4/cyfitter_cfg.c **** * You may use this file only in accordance with the license, terms, conditions, 
  15:Generated_Source\PSoC4/cyfitter_cfg.c **** * disclaimers, and limitations in the end user license agreement accompanying 
  16:Generated_Source\PSoC4/cyfitter_cfg.c **** * the software package with which this file was provided.
  17:Generated_Source\PSoC4/cyfitter_cfg.c **** ********************************************************************************/
  18:Generated_Source\PSoC4/cyfitter_cfg.c **** 
  19:Generated_Source\PSoC4/cyfitter_cfg.c **** #include <string.h>
  20:Generated_Source\PSoC4/cyfitter_cfg.c **** #include "cytypes.h"
  21:Generated_Source\PSoC4/cyfitter_cfg.c **** #include "cydevice_trm.h"
  22:Generated_Source\PSoC4/cyfitter_cfg.c **** #include "cyfitter.h"
  23:Generated_Source\PSoC4/cyfitter_cfg.c **** #include "CyLib.h"
  24:Generated_Source\PSoC4/cyfitter_cfg.c **** #include "CyLFClk.h"
  25:Generated_Source\PSoC4/cyfitter_cfg.c **** #include "cyfitter_cfg.h"
  26:Generated_Source\PSoC4/cyfitter_cfg.c **** #include "cyapicallbacks.h"
  27:Generated_Source\PSoC4/cyfitter_cfg.c **** 
  28:Generated_Source\PSoC4/cyfitter_cfg.c **** 
  29:Generated_Source\PSoC4/cyfitter_cfg.c **** #if defined(__GNUC__) || defined(__ARMCC_VERSION)
  30:Generated_Source\PSoC4/cyfitter_cfg.c ****     #define CYPACKED 
  31:Generated_Source\PSoC4/cyfitter_cfg.c ****     #define CYPACKED_ATTR __attribute__ ((packed))
ARM GAS  C:\Users\12548\AppData\Local\Temp\ccYQ2CIQ.s 			page 2


  32:Generated_Source\PSoC4/cyfitter_cfg.c ****     #define CYALIGNED __attribute__ ((aligned))
  33:Generated_Source\PSoC4/cyfitter_cfg.c ****     #define CY_CFG_UNUSED __attribute__ ((unused))
  34:Generated_Source\PSoC4/cyfitter_cfg.c ****     #ifndef CY_CFG_SECTION
  35:Generated_Source\PSoC4/cyfitter_cfg.c ****         #define CY_CFG_SECTION __attribute__ ((section(".psocinit")))
  36:Generated_Source\PSoC4/cyfitter_cfg.c ****     #endif
  37:Generated_Source\PSoC4/cyfitter_cfg.c ****     
  38:Generated_Source\PSoC4/cyfitter_cfg.c ****     #if defined(__ARMCC_VERSION)
  39:Generated_Source\PSoC4/cyfitter_cfg.c ****         #define CY_CFG_MEMORY_BARRIER() __memory_changed()
  40:Generated_Source\PSoC4/cyfitter_cfg.c ****     #else
  41:Generated_Source\PSoC4/cyfitter_cfg.c ****         #define CY_CFG_MEMORY_BARRIER() __sync_synchronize()
  42:Generated_Source\PSoC4/cyfitter_cfg.c ****     #endif
  43:Generated_Source\PSoC4/cyfitter_cfg.c ****     
  44:Generated_Source\PSoC4/cyfitter_cfg.c **** #elif defined(__ICCARM__)
  45:Generated_Source\PSoC4/cyfitter_cfg.c ****     #include <intrinsics.h>
  46:Generated_Source\PSoC4/cyfitter_cfg.c **** 
  47:Generated_Source\PSoC4/cyfitter_cfg.c ****     #define CYPACKED __packed
  48:Generated_Source\PSoC4/cyfitter_cfg.c ****     #define CYPACKED_ATTR 
  49:Generated_Source\PSoC4/cyfitter_cfg.c ****     #define CYALIGNED _Pragma("data_alignment=4")
  50:Generated_Source\PSoC4/cyfitter_cfg.c ****     #define CY_CFG_UNUSED _Pragma("diag_suppress=Pe177")
  51:Generated_Source\PSoC4/cyfitter_cfg.c ****     #define CY_CFG_SECTION _Pragma("location=\".psocinit\"")
  52:Generated_Source\PSoC4/cyfitter_cfg.c ****     
  53:Generated_Source\PSoC4/cyfitter_cfg.c ****     #define CY_CFG_MEMORY_BARRIER() __DMB()
  54:Generated_Source\PSoC4/cyfitter_cfg.c ****     
  55:Generated_Source\PSoC4/cyfitter_cfg.c **** #else
  56:Generated_Source\PSoC4/cyfitter_cfg.c ****     #error Unsupported toolchain
  57:Generated_Source\PSoC4/cyfitter_cfg.c **** #endif
  58:Generated_Source\PSoC4/cyfitter_cfg.c **** 
  59:Generated_Source\PSoC4/cyfitter_cfg.c **** #ifndef CYCODE
  60:Generated_Source\PSoC4/cyfitter_cfg.c ****     #define CYCODE
  61:Generated_Source\PSoC4/cyfitter_cfg.c **** #endif
  62:Generated_Source\PSoC4/cyfitter_cfg.c **** #ifndef CYDATA
  63:Generated_Source\PSoC4/cyfitter_cfg.c ****     #define CYDATA
  64:Generated_Source\PSoC4/cyfitter_cfg.c **** #endif
  65:Generated_Source\PSoC4/cyfitter_cfg.c **** #ifndef CYFAR
  66:Generated_Source\PSoC4/cyfitter_cfg.c ****     #define CYFAR
  67:Generated_Source\PSoC4/cyfitter_cfg.c **** #endif
  68:Generated_Source\PSoC4/cyfitter_cfg.c **** #ifndef CYXDATA
  69:Generated_Source\PSoC4/cyfitter_cfg.c ****     #define CYXDATA
  70:Generated_Source\PSoC4/cyfitter_cfg.c **** #endif
  71:Generated_Source\PSoC4/cyfitter_cfg.c **** 
  72:Generated_Source\PSoC4/cyfitter_cfg.c **** 
  73:Generated_Source\PSoC4/cyfitter_cfg.c **** CY_CFG_UNUSED
  74:Generated_Source\PSoC4/cyfitter_cfg.c **** static void CYMEMZERO(void *s, size_t n);
  75:Generated_Source\PSoC4/cyfitter_cfg.c **** CY_CFG_UNUSED
  76:Generated_Source\PSoC4/cyfitter_cfg.c **** static void CYMEMZERO(void *s, size_t n)
  77:Generated_Source\PSoC4/cyfitter_cfg.c **** {
  78:Generated_Source\PSoC4/cyfitter_cfg.c **** 	(void)memset(s, 0, n);
  79:Generated_Source\PSoC4/cyfitter_cfg.c **** }
  80:Generated_Source\PSoC4/cyfitter_cfg.c **** CY_CFG_UNUSED
  81:Generated_Source\PSoC4/cyfitter_cfg.c **** static void CYCONFIGCPY(void *dest, const void *src, size_t n);
  82:Generated_Source\PSoC4/cyfitter_cfg.c **** CY_CFG_UNUSED
  83:Generated_Source\PSoC4/cyfitter_cfg.c **** static void CYCONFIGCPY(void *dest, const void *src, size_t n)
  84:Generated_Source\PSoC4/cyfitter_cfg.c **** {
  85:Generated_Source\PSoC4/cyfitter_cfg.c **** 	(void)memcpy(dest, src, n);
  86:Generated_Source\PSoC4/cyfitter_cfg.c **** }
  87:Generated_Source\PSoC4/cyfitter_cfg.c **** CY_CFG_UNUSED
  88:Generated_Source\PSoC4/cyfitter_cfg.c **** static void CYCONFIGCPYCODE(void *dest, const void *src, size_t n);
ARM GAS  C:\Users\12548\AppData\Local\Temp\ccYQ2CIQ.s 			page 3


  89:Generated_Source\PSoC4/cyfitter_cfg.c **** CY_CFG_UNUSED
  90:Generated_Source\PSoC4/cyfitter_cfg.c **** static void CYCONFIGCPYCODE(void *dest, const void *src, size_t n)
  91:Generated_Source\PSoC4/cyfitter_cfg.c **** {
  92:Generated_Source\PSoC4/cyfitter_cfg.c **** 	(void)memcpy(dest, src, n);
  93:Generated_Source\PSoC4/cyfitter_cfg.c **** }
  94:Generated_Source\PSoC4/cyfitter_cfg.c **** 
  95:Generated_Source\PSoC4/cyfitter_cfg.c **** 
  96:Generated_Source\PSoC4/cyfitter_cfg.c **** 
  97:Generated_Source\PSoC4/cyfitter_cfg.c **** 
  98:Generated_Source\PSoC4/cyfitter_cfg.c **** /* Clock startup error codes                                                   */
  99:Generated_Source\PSoC4/cyfitter_cfg.c **** #define CYCLOCKSTART_NO_ERROR    0u
 100:Generated_Source\PSoC4/cyfitter_cfg.c **** #define CYCLOCKSTART_XTAL_ERROR  1u
 101:Generated_Source\PSoC4/cyfitter_cfg.c **** #define CYCLOCKSTART_32KHZ_ERROR 2u
 102:Generated_Source\PSoC4/cyfitter_cfg.c **** #define CYCLOCKSTART_PLL_ERROR   3u
 103:Generated_Source\PSoC4/cyfitter_cfg.c **** #define CYCLOCKSTART_FLL_ERROR   4u
 104:Generated_Source\PSoC4/cyfitter_cfg.c **** #define CYCLOCKSTART_WCO_ERROR   5u
 105:Generated_Source\PSoC4/cyfitter_cfg.c **** 
 106:Generated_Source\PSoC4/cyfitter_cfg.c **** 
 107:Generated_Source\PSoC4/cyfitter_cfg.c **** #ifdef CY_NEED_CYCLOCKSTARTUPERROR
 108:Generated_Source\PSoC4/cyfitter_cfg.c **** /*******************************************************************************
 109:Generated_Source\PSoC4/cyfitter_cfg.c **** * Function Name: CyClockStartupError
 110:Generated_Source\PSoC4/cyfitter_cfg.c **** ********************************************************************************
 111:Generated_Source\PSoC4/cyfitter_cfg.c **** * Summary:
 112:Generated_Source\PSoC4/cyfitter_cfg.c **** *  If an error is encountered during clock configuration (crystal startup error,
 113:Generated_Source\PSoC4/cyfitter_cfg.c **** *  PLL lock error, etc.), the system will end up here.  Unless reimplemented by
 114:Generated_Source\PSoC4/cyfitter_cfg.c **** *  the customer, this function will stop in an infinite loop.
 115:Generated_Source\PSoC4/cyfitter_cfg.c **** *
 116:Generated_Source\PSoC4/cyfitter_cfg.c **** * Parameters:
 117:Generated_Source\PSoC4/cyfitter_cfg.c **** *   void
 118:Generated_Source\PSoC4/cyfitter_cfg.c **** *
 119:Generated_Source\PSoC4/cyfitter_cfg.c **** * Return:
 120:Generated_Source\PSoC4/cyfitter_cfg.c **** *   void
 121:Generated_Source\PSoC4/cyfitter_cfg.c **** *
 122:Generated_Source\PSoC4/cyfitter_cfg.c **** *******************************************************************************/
 123:Generated_Source\PSoC4/cyfitter_cfg.c **** CY_CFG_UNUSED
 124:Generated_Source\PSoC4/cyfitter_cfg.c **** static void CyClockStartupError(uint8 errorCode);
 125:Generated_Source\PSoC4/cyfitter_cfg.c **** CY_CFG_UNUSED
 126:Generated_Source\PSoC4/cyfitter_cfg.c **** static void CyClockStartupError(uint8 errorCode)
 127:Generated_Source\PSoC4/cyfitter_cfg.c **** {
 128:Generated_Source\PSoC4/cyfitter_cfg.c ****     /* To remove the compiler warning if errorCode not used.                */
 129:Generated_Source\PSoC4/cyfitter_cfg.c ****     errorCode = errorCode;
 130:Generated_Source\PSoC4/cyfitter_cfg.c **** 
 131:Generated_Source\PSoC4/cyfitter_cfg.c ****     /* If we have a clock startup error (bad MHz crystal, PLL lock, etc.),  */
 132:Generated_Source\PSoC4/cyfitter_cfg.c ****     /* we will end up here to allow the customer to implement something to  */
 133:Generated_Source\PSoC4/cyfitter_cfg.c ****     /* deal with the clock condition.                                       */
 134:Generated_Source\PSoC4/cyfitter_cfg.c **** 
 135:Generated_Source\PSoC4/cyfitter_cfg.c **** #ifdef CY_CFG_CLOCK_STARTUP_ERROR_CALLBACK
 136:Generated_Source\PSoC4/cyfitter_cfg.c ****     CY_CFG_Clock_Startup_ErrorCallback();
 137:Generated_Source\PSoC4/cyfitter_cfg.c **** #else
 138:Generated_Source\PSoC4/cyfitter_cfg.c ****     /*  If not using CY_CFG_CLOCK_STARTUP_ERROR_CALLBACK, place your clock startup code here. */
 139:Generated_Source\PSoC4/cyfitter_cfg.c ****     /* `#START CyClockStartupError` */
 140:Generated_Source\PSoC4/cyfitter_cfg.c **** 
 141:Generated_Source\PSoC4/cyfitter_cfg.c **** 
 142:Generated_Source\PSoC4/cyfitter_cfg.c **** 
 143:Generated_Source\PSoC4/cyfitter_cfg.c ****     /* `#END` */
 144:Generated_Source\PSoC4/cyfitter_cfg.c **** 
 145:Generated_Source\PSoC4/cyfitter_cfg.c ****     while(1) {}
ARM GAS  C:\Users\12548\AppData\Local\Temp\ccYQ2CIQ.s 			page 4


 146:Generated_Source\PSoC4/cyfitter_cfg.c **** #endif /* CY_CFG_CLOCK_STARTUP_ERROR_CALLBACK */
 147:Generated_Source\PSoC4/cyfitter_cfg.c **** }
 148:Generated_Source\PSoC4/cyfitter_cfg.c **** #endif
 149:Generated_Source\PSoC4/cyfitter_cfg.c **** 
 150:Generated_Source\PSoC4/cyfitter_cfg.c **** 
 151:Generated_Source\PSoC4/cyfitter_cfg.c **** 
 152:Generated_Source\PSoC4/cyfitter_cfg.c **** /*******************************************************************************
 153:Generated_Source\PSoC4/cyfitter_cfg.c **** * Function Name: ClockSetup
 154:Generated_Source\PSoC4/cyfitter_cfg.c **** ********************************************************************************
 155:Generated_Source\PSoC4/cyfitter_cfg.c **** *
 156:Generated_Source\PSoC4/cyfitter_cfg.c **** * Summary:
 157:Generated_Source\PSoC4/cyfitter_cfg.c **** *   Performs the initialization of all of the clocks in the device based on the
 158:Generated_Source\PSoC4/cyfitter_cfg.c **** *   settings in the Clock tab of the DWR.  This includes enabling the requested
 159:Generated_Source\PSoC4/cyfitter_cfg.c **** *   clocks and setting the necessary dividers to produce the desired frequency. 
 160:Generated_Source\PSoC4/cyfitter_cfg.c **** *
 161:Generated_Source\PSoC4/cyfitter_cfg.c **** * Parameters:
 162:Generated_Source\PSoC4/cyfitter_cfg.c **** *   void
 163:Generated_Source\PSoC4/cyfitter_cfg.c **** *
 164:Generated_Source\PSoC4/cyfitter_cfg.c **** * Return:
 165:Generated_Source\PSoC4/cyfitter_cfg.c **** *   void
 166:Generated_Source\PSoC4/cyfitter_cfg.c **** *
 167:Generated_Source\PSoC4/cyfitter_cfg.c **** *******************************************************************************/
 168:Generated_Source\PSoC4/cyfitter_cfg.c **** static void ClockSetup(void);
 169:Generated_Source\PSoC4/cyfitter_cfg.c **** CY_CFG_SECTION
 170:Generated_Source\PSoC4/cyfitter_cfg.c **** static void ClockSetup(void)
 171:Generated_Source\PSoC4/cyfitter_cfg.c **** {
 172:Generated_Source\PSoC4/cyfitter_cfg.c **** 
 173:Generated_Source\PSoC4/cyfitter_cfg.c **** 	/* Set Flash Cycles based on max possible frequency in case a glitch occurs during ClockSetup(). *
 174:Generated_Source\PSoC4/cyfitter_cfg.c **** 	CY_SET_REG32((void CYXDATA *)(CYREG_CPUSS_FLASH_CTL), (0x0012u));
 175:Generated_Source\PSoC4/cyfitter_cfg.c **** 	/* Update IMO to new clock speed. */
 176:Generated_Source\PSoC4/cyfitter_cfg.c **** 	CySysClkWriteImoFreq(24u);
 177:Generated_Source\PSoC4/cyfitter_cfg.c **** 
 178:Generated_Source\PSoC4/cyfitter_cfg.c **** 	/* Setup phase aligned clocks */
 179:Generated_Source\PSoC4/cyfitter_cfg.c **** 	CY_SET_REG32((void *)CYREG_PERI_DIV_16_CTL0, 0x00000100u);
 180:Generated_Source\PSoC4/cyfitter_cfg.c **** 	CY_SET_REG32((void *)CYREG_PERI_DIV_CMD, 0x8000FF40u);
 181:Generated_Source\PSoC4/cyfitter_cfg.c **** 	CY_SET_REG32((void *)CYREG_PERI_DIV_16_CTL1, 0x00001000u);
 182:Generated_Source\PSoC4/cyfitter_cfg.c **** 	CY_SET_REG32((void *)CYREG_PERI_DIV_CMD, 0x8000FF41u);
 183:Generated_Source\PSoC4/cyfitter_cfg.c **** 
 184:Generated_Source\PSoC4/cyfitter_cfg.c **** 	/* CYDEV_CLK_SELECT Starting address: CYDEV_CLK_SELECT */
 185:Generated_Source\PSoC4/cyfitter_cfg.c **** 	CY_SET_REG32((void *)(CYREG_CLK_SELECT), 0x00000000u);
 186:Generated_Source\PSoC4/cyfitter_cfg.c **** 
 187:Generated_Source\PSoC4/cyfitter_cfg.c **** 	/* CYDEV_PERI_PCLK_CTL6 Starting address: CYDEV_PERI_PCLK_CTL6 */
 188:Generated_Source\PSoC4/cyfitter_cfg.c **** 	CY_SET_REG32((void *)(CYREG_PERI_PCLK_CTL6), 0x00000040u);
 189:Generated_Source\PSoC4/cyfitter_cfg.c **** 
 190:Generated_Source\PSoC4/cyfitter_cfg.c **** 	/* CYDEV_PERI_PCLK_CTL3 Starting address: CYDEV_PERI_PCLK_CTL3 */
 191:Generated_Source\PSoC4/cyfitter_cfg.c **** 	CY_SET_REG32((void *)(CYREG_PERI_PCLK_CTL3), 0x00000041u);
 192:Generated_Source\PSoC4/cyfitter_cfg.c **** 
 193:Generated_Source\PSoC4/cyfitter_cfg.c **** 	(void)CyIntSetVector(14u, &CySysTimerIsr);
 194:Generated_Source\PSoC4/cyfitter_cfg.c **** 	CyIntEnable(14u);
 195:Generated_Source\PSoC4/cyfitter_cfg.c **** 	CY_SET_REG32((void *)(CYREG_WCO_WDT_CONFIG), 0x00000000u);
 196:Generated_Source\PSoC4/cyfitter_cfg.c **** 	CySysClkSetTimerSource(CY_SYS_CLK_TIMER_SRC_ILO);
 197:Generated_Source\PSoC4/cyfitter_cfg.c **** 	/* Set Flash Cycles based on newly configured 24.00MHz HFCLK. */
 198:Generated_Source\PSoC4/cyfitter_cfg.c **** 	CY_SET_REG32((void CYXDATA *)(CYREG_CPUSS_FLASH_CTL), (0x0011u));
 199:Generated_Source\PSoC4/cyfitter_cfg.c **** }
 200:Generated_Source\PSoC4/cyfitter_cfg.c **** 
 201:Generated_Source\PSoC4/cyfitter_cfg.c **** 
 202:Generated_Source\PSoC4/cyfitter_cfg.c **** /* Analog API Functions */
ARM GAS  C:\Users\12548\AppData\Local\Temp\ccYQ2CIQ.s 			page 5


 203:Generated_Source\PSoC4/cyfitter_cfg.c **** 
 204:Generated_Source\PSoC4/cyfitter_cfg.c **** 
 205:Generated_Source\PSoC4/cyfitter_cfg.c **** /*******************************************************************************
 206:Generated_Source\PSoC4/cyfitter_cfg.c **** * Function Name: AnalogSetDefault
 207:Generated_Source\PSoC4/cyfitter_cfg.c **** ********************************************************************************
 208:Generated_Source\PSoC4/cyfitter_cfg.c **** *
 209:Generated_Source\PSoC4/cyfitter_cfg.c **** * Summary:
 210:Generated_Source\PSoC4/cyfitter_cfg.c **** *  Sets up the analog portions of the chip to default values based on chip
 211:Generated_Source\PSoC4/cyfitter_cfg.c **** *  configuration options from the project.
 212:Generated_Source\PSoC4/cyfitter_cfg.c **** *
 213:Generated_Source\PSoC4/cyfitter_cfg.c **** * Parameters:
 214:Generated_Source\PSoC4/cyfitter_cfg.c **** *  void
 215:Generated_Source\PSoC4/cyfitter_cfg.c **** *
 216:Generated_Source\PSoC4/cyfitter_cfg.c **** * Return:
 217:Generated_Source\PSoC4/cyfitter_cfg.c **** *  void
 218:Generated_Source\PSoC4/cyfitter_cfg.c **** *
 219:Generated_Source\PSoC4/cyfitter_cfg.c **** *******************************************************************************/
 220:Generated_Source\PSoC4/cyfitter_cfg.c **** static void AnalogSetDefault(void);
 221:Generated_Source\PSoC4/cyfitter_cfg.c **** static void AnalogSetDefault(void)
 222:Generated_Source\PSoC4/cyfitter_cfg.c **** {
  27              		.loc 1 222 0
  28              		.cfi_startproc
  29              		@ args = 0, pretend = 0, frame = 0
  30              		@ frame_needed = 0, uses_anonymous_args = 0
  31              		@ link register save eliminated.
 223:Generated_Source\PSoC4/cyfitter_cfg.c **** 	CY_SET_XTND_REG32((void CYFAR *)CYREG_CTBM0_DFT_CTRL, 0x00000003u);
  32              		.loc 1 223 0
  33 0000 0322     		movs	r2, #3
  34 0002 054B     		ldr	r3, .L2
  35 0004 1A60     		str	r2, [r3]
 224:Generated_Source\PSoC4/cyfitter_cfg.c **** 	CY_SET_XTND_REG32((void CYFAR *)CYREG_PASS0_DSAB_DSAB_CTRL, 0x00000020u);
  36              		.loc 1 224 0
  37 0006 2023     		movs	r3, #32
  38 0008 0449     		ldr	r1, .L2+4
  39 000a 0B60     		str	r3, [r1]
 225:Generated_Source\PSoC4/cyfitter_cfg.c **** 	CY_SET_XTND_REG32((void CYFAR *)CYREG_CTBM1_DFT_CTRL, 0x00000003u);
  40              		.loc 1 225 0
  41 000c 0449     		ldr	r1, .L2+8
  42 000e 0A60     		str	r2, [r1]
 226:Generated_Source\PSoC4/cyfitter_cfg.c **** 	CY_SET_XTND_REG32((void CYFAR *)CYREG_PASS1_DSAB_DSAB_CTRL, 0x00000020u);
  43              		.loc 1 226 0
  44 0010 044A     		ldr	r2, .L2+12
  45 0012 1360     		str	r3, [r2]
 227:Generated_Source\PSoC4/cyfitter_cfg.c **** }
  46              		.loc 1 227 0
  47              		@ sp needed
  48 0014 7047     		bx	lr
  49              	.L3:
  50 0016 C046     		.align	2
  51              	.L2:
  52 0018 30003040 		.word	1076887600
  53 001c 000E3F40 		.word	1077874176
  54 0020 30004040 		.word	1077936176
  55 0024 000E4F40 		.word	1078922752
  56              		.cfi_endproc
  57              	.LFE5:
  58              		.size	AnalogSetDefault, .-AnalogSetDefault
ARM GAS  C:\Users\12548\AppData\Local\Temp\ccYQ2CIQ.s 			page 6


  59              		.section	.psocinit,"ax",%progbits
  60              		.align	2
  61              		.code	16
  62              		.thumb_func
  63              		.type	ClockSetup, %function
  64              	ClockSetup:
  65              	.LFB4:
 171:Generated_Source\PSoC4/cyfitter_cfg.c **** 
  66              		.loc 1 171 0
  67              		.cfi_startproc
  68              		@ args = 0, pretend = 0, frame = 0
  69              		@ frame_needed = 0, uses_anonymous_args = 0
  70 0000 70B5     		push	{r4, r5, r6, lr}
  71              		.cfi_def_cfa_offset 16
  72              		.cfi_offset 4, -16
  73              		.cfi_offset 5, -12
  74              		.cfi_offset 6, -8
  75              		.cfi_offset 14, -4
 174:Generated_Source\PSoC4/cyfitter_cfg.c **** 	/* Update IMO to new clock speed. */
  76              		.loc 1 174 0
  77 0002 154C     		ldr	r4, .L5
  78 0004 1223     		movs	r3, #18
  79 0006 2360     		str	r3, [r4]
 176:Generated_Source\PSoC4/cyfitter_cfg.c **** 
  80              		.loc 1 176 0
  81 0008 1820     		movs	r0, #24
  82 000a FFF7FEFF 		bl	CySysClkWriteImoFreq
  83              	.LVL0:
 179:Generated_Source\PSoC4/cyfitter_cfg.c **** 	CY_SET_REG32((void *)CYREG_PERI_DIV_CMD, 0x8000FF40u);
  84              		.loc 1 179 0
  85 000e 8022     		movs	r2, #128
  86 0010 5200     		lsls	r2, r2, #1
  87 0012 124B     		ldr	r3, .L5+4
  88 0014 1A60     		str	r2, [r3]
 180:Generated_Source\PSoC4/cyfitter_cfg.c **** 	CY_SET_REG32((void *)CYREG_PERI_DIV_16_CTL1, 0x00001000u);
  89              		.loc 1 180 0
  90 0016 124B     		ldr	r3, .L5+8
  91 0018 124A     		ldr	r2, .L5+12
  92 001a 1A60     		str	r2, [r3]
 181:Generated_Source\PSoC4/cyfitter_cfg.c **** 	CY_SET_REG32((void *)CYREG_PERI_DIV_CMD, 0x8000FF41u);
  93              		.loc 1 181 0
  94 001c 8021     		movs	r1, #128
  95 001e 4901     		lsls	r1, r1, #5
  96 0020 114A     		ldr	r2, .L5+16
  97 0022 1160     		str	r1, [r2]
 182:Generated_Source\PSoC4/cyfitter_cfg.c **** 
  98              		.loc 1 182 0
  99 0024 114A     		ldr	r2, .L5+20
 100 0026 1A60     		str	r2, [r3]
 185:Generated_Source\PSoC4/cyfitter_cfg.c **** 
 101              		.loc 1 185 0
 102 0028 0025     		movs	r5, #0
 103 002a 114B     		ldr	r3, .L5+24
 104 002c 1D60     		str	r5, [r3]
 188:Generated_Source\PSoC4/cyfitter_cfg.c **** 
 105              		.loc 1 188 0
 106 002e 4022     		movs	r2, #64
ARM GAS  C:\Users\12548\AppData\Local\Temp\ccYQ2CIQ.s 			page 7


 107 0030 104B     		ldr	r3, .L5+28
 108 0032 1A60     		str	r2, [r3]
 191:Generated_Source\PSoC4/cyfitter_cfg.c **** 
 109              		.loc 1 191 0
 110 0034 0132     		adds	r2, r2, #1
 111 0036 104B     		ldr	r3, .L5+32
 112 0038 1A60     		str	r2, [r3]
 193:Generated_Source\PSoC4/cyfitter_cfg.c **** 	CyIntEnable(14u);
 113              		.loc 1 193 0
 114 003a 1049     		ldr	r1, .L5+36
 115 003c 0E20     		movs	r0, #14
 116 003e FFF7FEFF 		bl	CyIntSetVector
 117              	.LVL1:
 194:Generated_Source\PSoC4/cyfitter_cfg.c **** 	CY_SET_REG32((void *)(CYREG_WCO_WDT_CONFIG), 0x00000000u);
 118              		.loc 1 194 0
 119 0042 0E20     		movs	r0, #14
 120 0044 FFF7FEFF 		bl	CyIntEnable
 121              	.LVL2:
 195:Generated_Source\PSoC4/cyfitter_cfg.c **** 	CySysClkSetTimerSource(CY_SYS_CLK_TIMER_SRC_ILO);
 122              		.loc 1 195 0
 123 0048 0D4B     		ldr	r3, .L5+40
 124 004a 1D60     		str	r5, [r3]
 196:Generated_Source\PSoC4/cyfitter_cfg.c **** 	/* Set Flash Cycles based on newly configured 24.00MHz HFCLK. */
 125              		.loc 1 196 0
 126 004c 0020     		movs	r0, #0
 127 004e FFF7FEFF 		bl	CySysClkSetTimerSource
 128              	.LVL3:
 198:Generated_Source\PSoC4/cyfitter_cfg.c **** }
 129              		.loc 1 198 0
 130 0052 1123     		movs	r3, #17
 131 0054 2360     		str	r3, [r4]
 199:Generated_Source\PSoC4/cyfitter_cfg.c **** 
 132              		.loc 1 199 0
 133              		@ sp needed
 134 0056 70BD     		pop	{r4, r5, r6, pc}
 135              	.L6:
 136              		.align	2
 137              	.L5:
 138 0058 30001040 		.word	1074790448
 139 005c 00030140 		.word	1073808128
 140 0060 00000140 		.word	1073807360
 141 0064 40FF0080 		.word	-2147418304
 142 0068 04030140 		.word	1073808132
 143 006c 41FF0080 		.word	-2147418303
 144 0070 28000340 		.word	1073938472
 145 0074 18010140 		.word	1073807640
 146 0078 0C010140 		.word	1073807628
 147 007c 00000000 		.word	CySysTimerIsr
 148 0080 0C022240 		.word	1075970572
 149              		.cfi_endproc
 150              	.LFE4:
 151              		.size	ClockSetup, .-ClockSetup
 152              		.align	2
 153              		.global	cyfitter_cfg
 154              		.code	16
 155              		.thumb_func
 156              		.type	cyfitter_cfg, %function
ARM GAS  C:\Users\12548\AppData\Local\Temp\ccYQ2CIQ.s 			page 8


 157              	cyfitter_cfg:
 158              	.LFB6:
 228:Generated_Source\PSoC4/cyfitter_cfg.c **** 
 229:Generated_Source\PSoC4/cyfitter_cfg.c **** 
 230:Generated_Source\PSoC4/cyfitter_cfg.c **** 
 231:Generated_Source\PSoC4/cyfitter_cfg.c **** 
 232:Generated_Source\PSoC4/cyfitter_cfg.c **** /*******************************************************************************
 233:Generated_Source\PSoC4/cyfitter_cfg.c **** * Function Name: cyfitter_cfg
 234:Generated_Source\PSoC4/cyfitter_cfg.c **** ********************************************************************************
 235:Generated_Source\PSoC4/cyfitter_cfg.c **** * Summary:
 236:Generated_Source\PSoC4/cyfitter_cfg.c **** *  This function is called by the start-up code for the selected device. It
 237:Generated_Source\PSoC4/cyfitter_cfg.c **** *  performs all of the necessary device configuration based on the design
 238:Generated_Source\PSoC4/cyfitter_cfg.c **** *  settings.  This includes settings from the Design Wide Resources (DWR) such
 239:Generated_Source\PSoC4/cyfitter_cfg.c **** *  as Clocks and Pins as well as any component configuration that is necessary.
 240:Generated_Source\PSoC4/cyfitter_cfg.c **** *
 241:Generated_Source\PSoC4/cyfitter_cfg.c **** * Parameters:
 242:Generated_Source\PSoC4/cyfitter_cfg.c **** *   void
 243:Generated_Source\PSoC4/cyfitter_cfg.c **** *
 244:Generated_Source\PSoC4/cyfitter_cfg.c **** * Return:
 245:Generated_Source\PSoC4/cyfitter_cfg.c **** *   void
 246:Generated_Source\PSoC4/cyfitter_cfg.c **** *
 247:Generated_Source\PSoC4/cyfitter_cfg.c **** *******************************************************************************/
 248:Generated_Source\PSoC4/cyfitter_cfg.c **** CY_CFG_SECTION
 249:Generated_Source\PSoC4/cyfitter_cfg.c **** void cyfitter_cfg(void)
 250:Generated_Source\PSoC4/cyfitter_cfg.c **** {
 159              		.loc 1 250 0
 160              		.cfi_startproc
 161              		@ args = 0, pretend = 0, frame = 0
 162              		@ frame_needed = 0, uses_anonymous_args = 0
 163 0084 10B5     		push	{r4, lr}
 164              		.cfi_def_cfa_offset 8
 165              		.cfi_offset 4, -8
 166              		.cfi_offset 14, -4
 251:Generated_Source\PSoC4/cyfitter_cfg.c **** 	/* Disable interrupts by default. Let user enable if/when they want. */
 252:Generated_Source\PSoC4/cyfitter_cfg.c **** 	CyGlobalIntDisable;
 167              		.loc 1 252 0
 168              		.syntax divided
 169              	@ 252 "Generated_Source\PSoC4\cyfitter_cfg.c" 1
 170 0086 72B6     		CPSID   i
 171              	@ 0 "" 2
 253:Generated_Source\PSoC4/cyfitter_cfg.c **** 
 254:Generated_Source\PSoC4/cyfitter_cfg.c **** 	{
 255:Generated_Source\PSoC4/cyfitter_cfg.c **** 		/* HSIOM Starting address: CYDEV_HSIOM_BASE */
 256:Generated_Source\PSoC4/cyfitter_cfg.c **** 		CY_SET_REG32((void *)(CYREG_HSIOM_PORT_SEL2), 0x00990000u);
 172              		.loc 1 256 0
 173              		.thumb
 174              		.syntax unified
 175 0088 9922     		movs	r2, #153
 176 008a 1204     		lsls	r2, r2, #16
 177 008c 0C4B     		ldr	r3, .L8
 178 008e 1A60     		str	r2, [r3]
 257:Generated_Source\PSoC4/cyfitter_cfg.c **** 		CY_SET_REG32((void *)(CYREG_HSIOM_PORT_SEL3), 0x0000EE00u);
 179              		.loc 1 257 0
 180 0090 EE22     		movs	r2, #238
 181 0092 1202     		lsls	r2, r2, #8
 182 0094 0B4B     		ldr	r3, .L8+4
 183 0096 1A60     		str	r2, [r3]
ARM GAS  C:\Users\12548\AppData\Local\Temp\ccYQ2CIQ.s 			page 9


 258:Generated_Source\PSoC4/cyfitter_cfg.c **** 
 259:Generated_Source\PSoC4/cyfitter_cfg.c **** 	}
 260:Generated_Source\PSoC4/cyfitter_cfg.c **** 
 261:Generated_Source\PSoC4/cyfitter_cfg.c **** 	/* Perform second pass device configuration. These items must be configured in specific order afte
 262:Generated_Source\PSoC4/cyfitter_cfg.c **** 	/* IOPINS0_2 Starting address: CYDEV_GPIO_PRT2_BASE */
 263:Generated_Source\PSoC4/cyfitter_cfg.c **** 	CY_SET_REG32((void *)(CYDEV_GPIO_PRT2_BASE), 0x00000020u);
 184              		.loc 1 263 0
 185 0098 2023     		movs	r3, #32
 186 009a 0B4A     		ldr	r2, .L8+8
 187 009c 1360     		str	r3, [r2]
 264:Generated_Source\PSoC4/cyfitter_cfg.c **** 	CY_SET_REG32((void *)(CYREG_GPIO_PRT2_PC), 0x00031000u);
 188              		.loc 1 264 0
 189 009e C421     		movs	r1, #196
 190 00a0 8902     		lsls	r1, r1, #10
 191 00a2 0A4A     		ldr	r2, .L8+12
 192 00a4 1160     		str	r1, [r2]
 265:Generated_Source\PSoC4/cyfitter_cfg.c **** 	CY_SET_REG32((void *)(CYREG_GPIO_PRT2_PC2), 0x00000020u);
 193              		.loc 1 265 0
 194 00a6 0A4A     		ldr	r2, .L8+16
 195 00a8 1360     		str	r3, [r2]
 266:Generated_Source\PSoC4/cyfitter_cfg.c **** 
 267:Generated_Source\PSoC4/cyfitter_cfg.c **** 	/* IOPINS0_3 Starting address: CYDEV_GPIO_PRT3_BASE */
 268:Generated_Source\PSoC4/cyfitter_cfg.c **** 	CY_SET_REG32((void *)(CYDEV_GPIO_PRT3_BASE), 0x00000001u);
 196              		.loc 1 268 0
 197 00aa 0122     		movs	r2, #1
 198 00ac 094B     		ldr	r3, .L8+20
 199 00ae 1A60     		str	r2, [r3]
 269:Generated_Source\PSoC4/cyfitter_cfg.c **** 	CY_SET_REG32((void *)(CYREG_GPIO_PRT3_PC), 0x00000D84u);
 200              		.loc 1 269 0
 201 00b0 094A     		ldr	r2, .L8+24
 202 00b2 0A4B     		ldr	r3, .L8+28
 203 00b4 1A60     		str	r2, [r3]
 270:Generated_Source\PSoC4/cyfitter_cfg.c **** 
 271:Generated_Source\PSoC4/cyfitter_cfg.c **** 
 272:Generated_Source\PSoC4/cyfitter_cfg.c **** 	/* Setup clocks based on selections from Clock DWR */
 273:Generated_Source\PSoC4/cyfitter_cfg.c **** 	ClockSetup();
 204              		.loc 1 273 0
 205 00b6 FFF7A3FF 		bl	ClockSetup
 206              	.LVL4:
 274:Generated_Source\PSoC4/cyfitter_cfg.c **** 
 275:Generated_Source\PSoC4/cyfitter_cfg.c **** 	/* Perform basic analog initialization to defaults */
 276:Generated_Source\PSoC4/cyfitter_cfg.c **** 	AnalogSetDefault();
 207              		.loc 1 276 0
 208 00ba FFF7FEFF 		bl	AnalogSetDefault
 209              	.LVL5:
 277:Generated_Source\PSoC4/cyfitter_cfg.c **** 
 278:Generated_Source\PSoC4/cyfitter_cfg.c **** }
 210              		.loc 1 278 0
 211              		@ sp needed
 212 00be 10BD     		pop	{r4, pc}
 213              	.L9:
 214              		.align	2
 215              	.L8:
 216 00c0 00020240 		.word	1073873408
 217 00c4 00030240 		.word	1073873664
 218 00c8 00020440 		.word	1074004480
 219 00cc 08020440 		.word	1074004488
ARM GAS  C:\Users\12548\AppData\Local\Temp\ccYQ2CIQ.s 			page 10


 220 00d0 18020440 		.word	1074004504
 221 00d4 00030440 		.word	1074004736
 222 00d8 840D0000 		.word	3460
 223 00dc 08030440 		.word	1074004744
 224              		.cfi_endproc
 225              	.LFE6:
 226              		.size	cyfitter_cfg, .-cyfitter_cfg
 227              		.text
 228              	.Letext0:
 229              		.file 2 "Generated_Source\\PSoC4\\cytypes.h"
 230              		.file 3 "Generated_Source\\PSoC4\\CyLib.h"
 231              		.file 4 "Generated_Source\\PSoC4\\CyLFClk.h"
 232              		.section	.debug_info,"",%progbits
 233              	.Ldebug_info0:
 234 0000 6C010000 		.4byte	0x16c
 235 0004 0400     		.2byte	0x4
 236 0006 00000000 		.4byte	.Ldebug_abbrev0
 237 000a 04       		.byte	0x4
 238 000b 01       		.uleb128 0x1
 239 000c C2010000 		.4byte	.LASF20
 240 0010 0C       		.byte	0xc
 241 0011 15000000 		.4byte	.LASF21
 242 0015 A7000000 		.4byte	.LASF22
 243 0019 00000000 		.4byte	.Ldebug_ranges0+0
 244 001d 00000000 		.4byte	0
 245 0021 00000000 		.4byte	.Ldebug_line0
 246 0025 02       		.uleb128 0x2
 247 0026 04       		.byte	0x4
 248 0027 05       		.byte	0x5
 249 0028 696E7400 		.ascii	"int\000"
 250 002c 03       		.uleb128 0x3
 251 002d 04       		.byte	0x4
 252 002e 07       		.byte	0x7
 253 002f 3B000000 		.4byte	.LASF0
 254 0033 03       		.uleb128 0x3
 255 0034 08       		.byte	0x8
 256 0035 05       		.byte	0x5
 257 0036 00000000 		.4byte	.LASF1
 258 003a 03       		.uleb128 0x3
 259 003b 08       		.byte	0x8
 260 003c 04       		.byte	0x4
 261 003d AC010000 		.4byte	.LASF2
 262 0041 03       		.uleb128 0x3
 263 0042 01       		.byte	0x1
 264 0043 06       		.byte	0x6
 265 0044 94010000 		.4byte	.LASF3
 266 0048 03       		.uleb128 0x3
 267 0049 01       		.byte	0x1
 268 004a 08       		.byte	0x8
 269 004b 48000000 		.4byte	.LASF4
 270 004f 03       		.uleb128 0x3
 271 0050 02       		.byte	0x2
 272 0051 05       		.byte	0x5
 273 0052 B8010000 		.4byte	.LASF5
 274 0056 03       		.uleb128 0x3
 275 0057 02       		.byte	0x2
 276 0058 07       		.byte	0x7
ARM GAS  C:\Users\12548\AppData\Local\Temp\ccYQ2CIQ.s 			page 11


 277 0059 81010000 		.4byte	.LASF6
 278 005d 03       		.uleb128 0x3
 279 005e 04       		.byte	0x4
 280 005f 05       		.byte	0x5
 281 0060 38010000 		.4byte	.LASF7
 282 0064 03       		.uleb128 0x3
 283 0065 04       		.byte	0x4
 284 0066 07       		.byte	0x7
 285 0067 6B000000 		.4byte	.LASF8
 286 006b 03       		.uleb128 0x3
 287 006c 08       		.byte	0x8
 288 006d 07       		.byte	0x7
 289 006e 8A000000 		.4byte	.LASF9
 290 0072 03       		.uleb128 0x3
 291 0073 04       		.byte	0x4
 292 0074 07       		.byte	0x7
 293 0075 54020000 		.4byte	.LASF10
 294 0079 03       		.uleb128 0x3
 295 007a 01       		.byte	0x1
 296 007b 08       		.byte	0x8
 297 007c 33010000 		.4byte	.LASF11
 298 0080 04       		.uleb128 0x4
 299 0081 0E000000 		.4byte	.LASF14
 300 0085 02       		.byte	0x2
 301 0086 FD01     		.2byte	0x1fd
 302 0088 64000000 		.4byte	0x64
 303 008c 03       		.uleb128 0x3
 304 008d 04       		.byte	0x4
 305 008e 04       		.byte	0x4
 306 008f A1000000 		.4byte	.LASF12
 307 0093 03       		.uleb128 0x3
 308 0094 08       		.byte	0x8
 309 0095 04       		.byte	0x4
 310 0096 74010000 		.4byte	.LASF13
 311 009a 04       		.uleb128 0x4
 312 009b 7B010000 		.4byte	.LASF15
 313 009f 02       		.byte	0x2
 314 00a0 A702     		.2byte	0x2a7
 315 00a2 A6000000 		.4byte	0xa6
 316 00a6 05       		.uleb128 0x5
 317 00a7 80000000 		.4byte	0x80
 318 00ab 06       		.uleb128 0x6
 319 00ac 41010000 		.4byte	.LASF23
 320 00b0 01       		.byte	0x1
 321 00b1 DD       		.byte	0xdd
 322 00b2 00000000 		.4byte	.LFB5
 323 00b6 28000000 		.4byte	.LFE5-.LFB5
 324 00ba 01       		.uleb128 0x1
 325 00bb 9C       		.byte	0x9c
 326 00bc 07       		.uleb128 0x7
 327 00bd 52010000 		.4byte	.LASF24
 328 00c1 01       		.byte	0x1
 329 00c2 AA       		.byte	0xaa
 330 00c3 00000000 		.4byte	.LFB4
 331 00c7 84000000 		.4byte	.LFE4-.LFB4
 332 00cb 01       		.uleb128 0x1
 333 00cc 9C       		.byte	0x9c
ARM GAS  C:\Users\12548\AppData\Local\Temp\ccYQ2CIQ.s 			page 12


 334 00cd 1B010000 		.4byte	0x11b
 335 00d1 08       		.uleb128 0x8
 336 00d2 0E000000 		.4byte	.LVL0
 337 00d6 43010000 		.4byte	0x143
 338 00da E4000000 		.4byte	0xe4
 339 00de 09       		.uleb128 0x9
 340 00df 01       		.uleb128 0x1
 341 00e0 50       		.byte	0x50
 342 00e1 01       		.uleb128 0x1
 343 00e2 48       		.byte	0x48
 344 00e3 00       		.byte	0
 345 00e4 08       		.uleb128 0x8
 346 00e5 42000000 		.4byte	.LVL1
 347 00e9 4E010000 		.4byte	0x14e
 348 00ed F7000000 		.4byte	0xf7
 349 00f1 09       		.uleb128 0x9
 350 00f2 01       		.uleb128 0x1
 351 00f3 50       		.byte	0x50
 352 00f4 01       		.uleb128 0x1
 353 00f5 3E       		.byte	0x3e
 354 00f6 00       		.byte	0
 355 00f7 08       		.uleb128 0x8
 356 00f8 48000000 		.4byte	.LVL2
 357 00fc 59010000 		.4byte	0x159
 358 0100 0A010000 		.4byte	0x10a
 359 0104 09       		.uleb128 0x9
 360 0105 01       		.uleb128 0x1
 361 0106 50       		.byte	0x50
 362 0107 01       		.uleb128 0x1
 363 0108 3E       		.byte	0x3e
 364 0109 00       		.byte	0
 365 010a 0A       		.uleb128 0xa
 366 010b 52000000 		.4byte	.LVL3
 367 010f 64010000 		.4byte	0x164
 368 0113 09       		.uleb128 0x9
 369 0114 01       		.uleb128 0x1
 370 0115 50       		.byte	0x50
 371 0116 02       		.uleb128 0x2
 372 0117 75       		.byte	0x75
 373 0118 00       		.sleb128 0
 374 0119 00       		.byte	0
 375 011a 00       		.byte	0
 376 011b 0B       		.uleb128 0xb
 377 011c 7D000000 		.4byte	.LASF25
 378 0120 01       		.byte	0x1
 379 0121 F9       		.byte	0xf9
 380 0122 84000000 		.4byte	.LFB6
 381 0126 5C000000 		.4byte	.LFE6-.LFB6
 382 012a 01       		.uleb128 0x1
 383 012b 9C       		.byte	0x9c
 384 012c 43010000 		.4byte	0x143
 385 0130 0C       		.uleb128 0xc
 386 0131 BA000000 		.4byte	.LVL4
 387 0135 BC000000 		.4byte	0xbc
 388 0139 0C       		.uleb128 0xc
 389 013a BE000000 		.4byte	.LVL5
 390 013e AB000000 		.4byte	0xab
ARM GAS  C:\Users\12548\AppData\Local\Temp\ccYQ2CIQ.s 			page 13


 391 0142 00       		.byte	0
 392 0143 0D       		.uleb128 0xd
 393 0144 56000000 		.4byte	.LASF16
 394 0148 56000000 		.4byte	.LASF16
 395 014c 03       		.byte	0x3
 396 014d 6C       		.byte	0x6c
 397 014e 0D       		.uleb128 0xd
 398 014f 24010000 		.4byte	.LASF17
 399 0153 24010000 		.4byte	.LASF17
 400 0157 03       		.byte	0x3
 401 0158 D0       		.byte	0xd0
 402 0159 0D       		.uleb128 0xd
 403 015a A0010000 		.4byte	.LASF18
 404 015e A0010000 		.4byte	.LASF18
 405 0162 03       		.byte	0x3
 406 0163 D6       		.byte	0xd6
 407 0164 0D       		.uleb128 0xd
 408 0165 5D010000 		.4byte	.LASF19
 409 0169 5D010000 		.4byte	.LASF19
 410 016d 04       		.byte	0x4
 411 016e 9F       		.byte	0x9f
 412 016f 00       		.byte	0
 413              		.section	.debug_abbrev,"",%progbits
 414              	.Ldebug_abbrev0:
 415 0000 01       		.uleb128 0x1
 416 0001 11       		.uleb128 0x11
 417 0002 01       		.byte	0x1
 418 0003 25       		.uleb128 0x25
 419 0004 0E       		.uleb128 0xe
 420 0005 13       		.uleb128 0x13
 421 0006 0B       		.uleb128 0xb
 422 0007 03       		.uleb128 0x3
 423 0008 0E       		.uleb128 0xe
 424 0009 1B       		.uleb128 0x1b
 425 000a 0E       		.uleb128 0xe
 426 000b 55       		.uleb128 0x55
 427 000c 17       		.uleb128 0x17
 428 000d 11       		.uleb128 0x11
 429 000e 01       		.uleb128 0x1
 430 000f 10       		.uleb128 0x10
 431 0010 17       		.uleb128 0x17
 432 0011 00       		.byte	0
 433 0012 00       		.byte	0
 434 0013 02       		.uleb128 0x2
 435 0014 24       		.uleb128 0x24
 436 0015 00       		.byte	0
 437 0016 0B       		.uleb128 0xb
 438 0017 0B       		.uleb128 0xb
 439 0018 3E       		.uleb128 0x3e
 440 0019 0B       		.uleb128 0xb
 441 001a 03       		.uleb128 0x3
 442 001b 08       		.uleb128 0x8
 443 001c 00       		.byte	0
 444 001d 00       		.byte	0
 445 001e 03       		.uleb128 0x3
 446 001f 24       		.uleb128 0x24
 447 0020 00       		.byte	0
ARM GAS  C:\Users\12548\AppData\Local\Temp\ccYQ2CIQ.s 			page 14


 448 0021 0B       		.uleb128 0xb
 449 0022 0B       		.uleb128 0xb
 450 0023 3E       		.uleb128 0x3e
 451 0024 0B       		.uleb128 0xb
 452 0025 03       		.uleb128 0x3
 453 0026 0E       		.uleb128 0xe
 454 0027 00       		.byte	0
 455 0028 00       		.byte	0
 456 0029 04       		.uleb128 0x4
 457 002a 16       		.uleb128 0x16
 458 002b 00       		.byte	0
 459 002c 03       		.uleb128 0x3
 460 002d 0E       		.uleb128 0xe
 461 002e 3A       		.uleb128 0x3a
 462 002f 0B       		.uleb128 0xb
 463 0030 3B       		.uleb128 0x3b
 464 0031 05       		.uleb128 0x5
 465 0032 49       		.uleb128 0x49
 466 0033 13       		.uleb128 0x13
 467 0034 00       		.byte	0
 468 0035 00       		.byte	0
 469 0036 05       		.uleb128 0x5
 470 0037 35       		.uleb128 0x35
 471 0038 00       		.byte	0
 472 0039 49       		.uleb128 0x49
 473 003a 13       		.uleb128 0x13
 474 003b 00       		.byte	0
 475 003c 00       		.byte	0
 476 003d 06       		.uleb128 0x6
 477 003e 2E       		.uleb128 0x2e
 478 003f 00       		.byte	0
 479 0040 03       		.uleb128 0x3
 480 0041 0E       		.uleb128 0xe
 481 0042 3A       		.uleb128 0x3a
 482 0043 0B       		.uleb128 0xb
 483 0044 3B       		.uleb128 0x3b
 484 0045 0B       		.uleb128 0xb
 485 0046 27       		.uleb128 0x27
 486 0047 19       		.uleb128 0x19
 487 0048 11       		.uleb128 0x11
 488 0049 01       		.uleb128 0x1
 489 004a 12       		.uleb128 0x12
 490 004b 06       		.uleb128 0x6
 491 004c 40       		.uleb128 0x40
 492 004d 18       		.uleb128 0x18
 493 004e 9742     		.uleb128 0x2117
 494 0050 19       		.uleb128 0x19
 495 0051 00       		.byte	0
 496 0052 00       		.byte	0
 497 0053 07       		.uleb128 0x7
 498 0054 2E       		.uleb128 0x2e
 499 0055 01       		.byte	0x1
 500 0056 03       		.uleb128 0x3
 501 0057 0E       		.uleb128 0xe
 502 0058 3A       		.uleb128 0x3a
 503 0059 0B       		.uleb128 0xb
 504 005a 3B       		.uleb128 0x3b
ARM GAS  C:\Users\12548\AppData\Local\Temp\ccYQ2CIQ.s 			page 15


 505 005b 0B       		.uleb128 0xb
 506 005c 27       		.uleb128 0x27
 507 005d 19       		.uleb128 0x19
 508 005e 11       		.uleb128 0x11
 509 005f 01       		.uleb128 0x1
 510 0060 12       		.uleb128 0x12
 511 0061 06       		.uleb128 0x6
 512 0062 40       		.uleb128 0x40
 513 0063 18       		.uleb128 0x18
 514 0064 9742     		.uleb128 0x2117
 515 0066 19       		.uleb128 0x19
 516 0067 01       		.uleb128 0x1
 517 0068 13       		.uleb128 0x13
 518 0069 00       		.byte	0
 519 006a 00       		.byte	0
 520 006b 08       		.uleb128 0x8
 521 006c 898201   		.uleb128 0x4109
 522 006f 01       		.byte	0x1
 523 0070 11       		.uleb128 0x11
 524 0071 01       		.uleb128 0x1
 525 0072 31       		.uleb128 0x31
 526 0073 13       		.uleb128 0x13
 527 0074 01       		.uleb128 0x1
 528 0075 13       		.uleb128 0x13
 529 0076 00       		.byte	0
 530 0077 00       		.byte	0
 531 0078 09       		.uleb128 0x9
 532 0079 8A8201   		.uleb128 0x410a
 533 007c 00       		.byte	0
 534 007d 02       		.uleb128 0x2
 535 007e 18       		.uleb128 0x18
 536 007f 9142     		.uleb128 0x2111
 537 0081 18       		.uleb128 0x18
 538 0082 00       		.byte	0
 539 0083 00       		.byte	0
 540 0084 0A       		.uleb128 0xa
 541 0085 898201   		.uleb128 0x4109
 542 0088 01       		.byte	0x1
 543 0089 11       		.uleb128 0x11
 544 008a 01       		.uleb128 0x1
 545 008b 31       		.uleb128 0x31
 546 008c 13       		.uleb128 0x13
 547 008d 00       		.byte	0
 548 008e 00       		.byte	0
 549 008f 0B       		.uleb128 0xb
 550 0090 2E       		.uleb128 0x2e
 551 0091 01       		.byte	0x1
 552 0092 3F       		.uleb128 0x3f
 553 0093 19       		.uleb128 0x19
 554 0094 03       		.uleb128 0x3
 555 0095 0E       		.uleb128 0xe
 556 0096 3A       		.uleb128 0x3a
 557 0097 0B       		.uleb128 0xb
 558 0098 3B       		.uleb128 0x3b
 559 0099 0B       		.uleb128 0xb
 560 009a 27       		.uleb128 0x27
 561 009b 19       		.uleb128 0x19
ARM GAS  C:\Users\12548\AppData\Local\Temp\ccYQ2CIQ.s 			page 16


 562 009c 11       		.uleb128 0x11
 563 009d 01       		.uleb128 0x1
 564 009e 12       		.uleb128 0x12
 565 009f 06       		.uleb128 0x6
 566 00a0 40       		.uleb128 0x40
 567 00a1 18       		.uleb128 0x18
 568 00a2 9742     		.uleb128 0x2117
 569 00a4 19       		.uleb128 0x19
 570 00a5 01       		.uleb128 0x1
 571 00a6 13       		.uleb128 0x13
 572 00a7 00       		.byte	0
 573 00a8 00       		.byte	0
 574 00a9 0C       		.uleb128 0xc
 575 00aa 898201   		.uleb128 0x4109
 576 00ad 00       		.byte	0
 577 00ae 11       		.uleb128 0x11
 578 00af 01       		.uleb128 0x1
 579 00b0 31       		.uleb128 0x31
 580 00b1 13       		.uleb128 0x13
 581 00b2 00       		.byte	0
 582 00b3 00       		.byte	0
 583 00b4 0D       		.uleb128 0xd
 584 00b5 2E       		.uleb128 0x2e
 585 00b6 00       		.byte	0
 586 00b7 3F       		.uleb128 0x3f
 587 00b8 19       		.uleb128 0x19
 588 00b9 3C       		.uleb128 0x3c
 589 00ba 19       		.uleb128 0x19
 590 00bb 6E       		.uleb128 0x6e
 591 00bc 0E       		.uleb128 0xe
 592 00bd 03       		.uleb128 0x3
 593 00be 0E       		.uleb128 0xe
 594 00bf 3A       		.uleb128 0x3a
 595 00c0 0B       		.uleb128 0xb
 596 00c1 3B       		.uleb128 0x3b
 597 00c2 0B       		.uleb128 0xb
 598 00c3 00       		.byte	0
 599 00c4 00       		.byte	0
 600 00c5 00       		.byte	0
 601              		.section	.debug_aranges,"",%progbits
 602 0000 2C000000 		.4byte	0x2c
 603 0004 0200     		.2byte	0x2
 604 0006 00000000 		.4byte	.Ldebug_info0
 605 000a 04       		.byte	0x4
 606 000b 00       		.byte	0
 607 000c 0000     		.2byte	0
 608 000e 0000     		.2byte	0
 609 0010 00000000 		.4byte	.LFB5
 610 0014 28000000 		.4byte	.LFE5-.LFB5
 611 0018 00000000 		.4byte	.LFB4
 612 001c 84000000 		.4byte	.LFE4-.LFB4
 613 0020 84000000 		.4byte	.LFB6
 614 0024 5C000000 		.4byte	.LFE6-.LFB6
 615 0028 00000000 		.4byte	0
 616 002c 00000000 		.4byte	0
 617              		.section	.debug_ranges,"",%progbits
 618              	.Ldebug_ranges0:
ARM GAS  C:\Users\12548\AppData\Local\Temp\ccYQ2CIQ.s 			page 17


 619 0000 00000000 		.4byte	.LFB5
 620 0004 28000000 		.4byte	.LFE5
 621 0008 00000000 		.4byte	.LFB4
 622 000c 84000000 		.4byte	.LFE4
 623 0010 84000000 		.4byte	.LFB6
 624 0014 E0000000 		.4byte	.LFE6
 625 0018 00000000 		.4byte	0
 626 001c 00000000 		.4byte	0
 627              		.section	.debug_line,"",%progbits
 628              	.Ldebug_line0:
 629 0000 A9000000 		.section	.debug_str,"MS",%progbits,1
 629      02006100 
 629      00000201 
 629      FB0E0D00 
 629      01010101 
 630              	.LASF1:
 631 0000 6C6F6E67 		.ascii	"long long int\000"
 631      206C6F6E 
 631      6720696E 
 631      7400
 632              	.LASF14:
 633 000e 75696E74 		.ascii	"uint32\000"
 633      333200
 634              	.LASF21:
 635 0015 47656E65 		.ascii	"Generated_Source\\PSoC4\\cyfitter_cfg.c\000"
 635      72617465 
 635      645F536F 
 635      75726365 
 635      5C50536F 
 636              	.LASF0:
 637 003b 756E7369 		.ascii	"unsigned int\000"
 637      676E6564 
 637      20696E74 
 637      00
 638              	.LASF4:
 639 0048 756E7369 		.ascii	"unsigned char\000"
 639      676E6564 
 639      20636861 
 639      7200
 640              	.LASF16:
 641 0056 43795379 		.ascii	"CySysClkWriteImoFreq\000"
 641      73436C6B 
 641      57726974 
 641      65496D6F 
 641      46726571 
 642              	.LASF8:
 643 006b 6C6F6E67 		.ascii	"long unsigned int\000"
 643      20756E73 
 643      69676E65 
 643      6420696E 
 643      7400
 644              	.LASF25:
 645 007d 63796669 		.ascii	"cyfitter_cfg\000"
 645      74746572 
 645      5F636667 
 645      00
 646              	.LASF9:
ARM GAS  C:\Users\12548\AppData\Local\Temp\ccYQ2CIQ.s 			page 18


 647 008a 6C6F6E67 		.ascii	"long long unsigned int\000"
 647      206C6F6E 
 647      6720756E 
 647      7369676E 
 647      65642069 
 648              	.LASF12:
 649 00a1 666C6F61 		.ascii	"float\000"
 649      7400
 650              	.LASF22:
 651 00a7 433A5C55 		.ascii	"C:\\Users\\12548\\Studies_Works\\DS18B20temperatur_"
 651      73657273 
 651      5C313235 
 651      34385C53 
 651      74756469 
 652 00d6 73656E73 		.ascii	"sensor_test\\DS18B20temperatur_sensor_test\\DS18B20"
 652      6F725F74 
 652      6573745C 
 652      44533138 
 652      42323074 
 653 0107 74656D70 		.ascii	"temperatur_sensor_test.cydsn\000"
 653      65726174 
 653      75725F73 
 653      656E736F 
 653      725F7465 
 654              	.LASF17:
 655 0124 4379496E 		.ascii	"CyIntSetVector\000"
 655      74536574 
 655      56656374 
 655      6F7200
 656              	.LASF11:
 657 0133 63686172 		.ascii	"char\000"
 657      00
 658              	.LASF7:
 659 0138 6C6F6E67 		.ascii	"long int\000"
 659      20696E74 
 659      00
 660              	.LASF23:
 661 0141 416E616C 		.ascii	"AnalogSetDefault\000"
 661      6F675365 
 661      74446566 
 661      61756C74 
 661      00
 662              	.LASF24:
 663 0152 436C6F63 		.ascii	"ClockSetup\000"
 663      6B536574 
 663      757000
 664              	.LASF19:
 665 015d 43795379 		.ascii	"CySysClkSetTimerSource\000"
 665      73436C6B 
 665      53657454 
 665      696D6572 
 665      536F7572 
 666              	.LASF13:
 667 0174 646F7562 		.ascii	"double\000"
 667      6C6500
 668              	.LASF15:
 669 017b 72656733 		.ascii	"reg32\000"
ARM GAS  C:\Users\12548\AppData\Local\Temp\ccYQ2CIQ.s 			page 19


 669      3200
 670              	.LASF6:
 671 0181 73686F72 		.ascii	"short unsigned int\000"
 671      7420756E 
 671      7369676E 
 671      65642069 
 671      6E7400
 672              	.LASF3:
 673 0194 7369676E 		.ascii	"signed char\000"
 673      65642063 
 673      68617200 
 674              	.LASF18:
 675 01a0 4379496E 		.ascii	"CyIntEnable\000"
 675      74456E61 
 675      626C6500 
 676              	.LASF2:
 677 01ac 6C6F6E67 		.ascii	"long double\000"
 677      20646F75 
 677      626C6500 
 678              	.LASF5:
 679 01b8 73686F72 		.ascii	"short int\000"
 679      7420696E 
 679      7400
 680              	.LASF20:
 681 01c2 474E5520 		.ascii	"GNU C11 5.4.1 20160609 (release) [ARM/embedded-5-br"
 681      43313120 
 681      352E342E 
 681      31203230 
 681      31363036 
 682 01f5 616E6368 		.ascii	"anch revision 237715] -mcpu=cortex-m0plus -mthumb -"
 682      20726576 
 682      6973696F 
 682      6E203233 
 682      37373135 
 683 0228 67202D4F 		.ascii	"g -Og -ffunction-sections -ffat-lto-objects\000"
 683      67202D66 
 683      66756E63 
 683      74696F6E 
 683      2D736563 
 684              	.LASF10:
 685 0254 73697A65 		.ascii	"sizetype\000"
 685      74797065 
 685      00
 686              		.ident	"GCC: (GNU Tools for ARM Embedded Processors) 5.4.1 20160609 (release) [ARM/embedded-5-bran
