ARM GAS  C:\Users\12548\AppData\Local\Temp\cc7dxOac.s 			page 1


   1              		.syntax unified
   2              		.cpu cortex-m0plus
   3              		.fpu softvfp
   4              		.eabi_attribute 20, 1
   5              		.eabi_attribute 21, 1
   6              		.eabi_attribute 23, 3
   7              		.eabi_attribute 24, 1
   8              		.eabi_attribute 25, 1
   9              		.eabi_attribute 26, 1
  10              		.eabi_attribute 30, 1
  11              		.eabi_attribute 34, 0
  12              		.eabi_attribute 18, 4
  13              		.thumb
  14              		.syntax unified
  15              		.file	"cyfitter_cfg.c"
  16              		.text
  17              	.Ltext0:
  18              		.cfi_sections	.debug_frame
  19              		.section	.text.AnalogSetDefault,"ax",%progbits
  20              		.align	2
  21              		.code	16
  22              		.thumb_func
  23              		.type	AnalogSetDefault, %function
  24              	AnalogSetDefault:
  25              	.LFB5:
  26              		.file 1 "Generated_Source\\PSoC4\\cyfitter_cfg.c"
   1:Generated_Source\PSoC4/cyfitter_cfg.c **** 
   2:Generated_Source\PSoC4/cyfitter_cfg.c **** /*******************************************************************************
   3:Generated_Source\PSoC4/cyfitter_cfg.c **** * File Name: cyfitter_cfg.c
   4:Generated_Source\PSoC4/cyfitter_cfg.c **** * 
   5:Generated_Source\PSoC4/cyfitter_cfg.c **** * PSoC Creator  4.4
   6:Generated_Source\PSoC4/cyfitter_cfg.c **** *
   7:Generated_Source\PSoC4/cyfitter_cfg.c **** * Description:
   8:Generated_Source\PSoC4/cyfitter_cfg.c **** * This file contains device initialization code.
   9:Generated_Source\PSoC4/cyfitter_cfg.c **** * Except for the user defined sections in CyClockStartupError(), this file should not be modified.
  10:Generated_Source\PSoC4/cyfitter_cfg.c **** * This file is automatically generated by PSoC Creator.
  11:Generated_Source\PSoC4/cyfitter_cfg.c **** *
  12:Generated_Source\PSoC4/cyfitter_cfg.c **** ********************************************************************************
  13:Generated_Source\PSoC4/cyfitter_cfg.c **** * Copyright (c) 2007-2020 Cypress Semiconductor.  All rights reserved.
  14:Generated_Source\PSoC4/cyfitter_cfg.c **** * You may use this file only in accordance with the license, terms, conditions, 
  15:Generated_Source\PSoC4/cyfitter_cfg.c **** * disclaimers, and limitations in the end user license agreement accompanying 
  16:Generated_Source\PSoC4/cyfitter_cfg.c **** * the software package with which this file was provided.
  17:Generated_Source\PSoC4/cyfitter_cfg.c **** ********************************************************************************/
  18:Generated_Source\PSoC4/cyfitter_cfg.c **** 
  19:Generated_Source\PSoC4/cyfitter_cfg.c **** #include <string.h>
  20:Generated_Source\PSoC4/cyfitter_cfg.c **** #include "cytypes.h"
  21:Generated_Source\PSoC4/cyfitter_cfg.c **** #include "cydevice_trm.h"
  22:Generated_Source\PSoC4/cyfitter_cfg.c **** #include "cyfitter.h"
  23:Generated_Source\PSoC4/cyfitter_cfg.c **** #include "CyLib.h"
  24:Generated_Source\PSoC4/cyfitter_cfg.c **** #include "CyLFClk.h"
  25:Generated_Source\PSoC4/cyfitter_cfg.c **** #include "cyfitter_cfg.h"
  26:Generated_Source\PSoC4/cyfitter_cfg.c **** #include "cyapicallbacks.h"
  27:Generated_Source\PSoC4/cyfitter_cfg.c **** 
  28:Generated_Source\PSoC4/cyfitter_cfg.c **** 
  29:Generated_Source\PSoC4/cyfitter_cfg.c **** #if defined(__GNUC__) || defined(__ARMCC_VERSION)
  30:Generated_Source\PSoC4/cyfitter_cfg.c ****     #define CYPACKED 
  31:Generated_Source\PSoC4/cyfitter_cfg.c ****     #define CYPACKED_ATTR __attribute__ ((packed))
ARM GAS  C:\Users\12548\AppData\Local\Temp\cc7dxOac.s 			page 2


  32:Generated_Source\PSoC4/cyfitter_cfg.c ****     #define CYALIGNED __attribute__ ((aligned))
  33:Generated_Source\PSoC4/cyfitter_cfg.c ****     #define CY_CFG_UNUSED __attribute__ ((unused))
  34:Generated_Source\PSoC4/cyfitter_cfg.c ****     #ifndef CY_CFG_SECTION
  35:Generated_Source\PSoC4/cyfitter_cfg.c ****         #define CY_CFG_SECTION __attribute__ ((section(".psocinit")))
  36:Generated_Source\PSoC4/cyfitter_cfg.c ****     #endif
  37:Generated_Source\PSoC4/cyfitter_cfg.c ****     
  38:Generated_Source\PSoC4/cyfitter_cfg.c ****     #if defined(__ARMCC_VERSION)
  39:Generated_Source\PSoC4/cyfitter_cfg.c ****         #define CY_CFG_MEMORY_BARRIER() __memory_changed()
  40:Generated_Source\PSoC4/cyfitter_cfg.c ****     #else
  41:Generated_Source\PSoC4/cyfitter_cfg.c ****         #define CY_CFG_MEMORY_BARRIER() __sync_synchronize()
  42:Generated_Source\PSoC4/cyfitter_cfg.c ****     #endif
  43:Generated_Source\PSoC4/cyfitter_cfg.c ****     
  44:Generated_Source\PSoC4/cyfitter_cfg.c **** #elif defined(__ICCARM__)
  45:Generated_Source\PSoC4/cyfitter_cfg.c ****     #include <intrinsics.h>
  46:Generated_Source\PSoC4/cyfitter_cfg.c **** 
  47:Generated_Source\PSoC4/cyfitter_cfg.c ****     #define CYPACKED __packed
  48:Generated_Source\PSoC4/cyfitter_cfg.c ****     #define CYPACKED_ATTR 
  49:Generated_Source\PSoC4/cyfitter_cfg.c ****     #define CYALIGNED _Pragma("data_alignment=4")
  50:Generated_Source\PSoC4/cyfitter_cfg.c ****     #define CY_CFG_UNUSED _Pragma("diag_suppress=Pe177")
  51:Generated_Source\PSoC4/cyfitter_cfg.c ****     #define CY_CFG_SECTION _Pragma("location=\".psocinit\"")
  52:Generated_Source\PSoC4/cyfitter_cfg.c ****     
  53:Generated_Source\PSoC4/cyfitter_cfg.c ****     #define CY_CFG_MEMORY_BARRIER() __DMB()
  54:Generated_Source\PSoC4/cyfitter_cfg.c ****     
  55:Generated_Source\PSoC4/cyfitter_cfg.c **** #else
  56:Generated_Source\PSoC4/cyfitter_cfg.c ****     #error Unsupported toolchain
  57:Generated_Source\PSoC4/cyfitter_cfg.c **** #endif
  58:Generated_Source\PSoC4/cyfitter_cfg.c **** 
  59:Generated_Source\PSoC4/cyfitter_cfg.c **** #ifndef CYCODE
  60:Generated_Source\PSoC4/cyfitter_cfg.c ****     #define CYCODE
  61:Generated_Source\PSoC4/cyfitter_cfg.c **** #endif
  62:Generated_Source\PSoC4/cyfitter_cfg.c **** #ifndef CYDATA
  63:Generated_Source\PSoC4/cyfitter_cfg.c ****     #define CYDATA
  64:Generated_Source\PSoC4/cyfitter_cfg.c **** #endif
  65:Generated_Source\PSoC4/cyfitter_cfg.c **** #ifndef CYFAR
  66:Generated_Source\PSoC4/cyfitter_cfg.c ****     #define CYFAR
  67:Generated_Source\PSoC4/cyfitter_cfg.c **** #endif
  68:Generated_Source\PSoC4/cyfitter_cfg.c **** #ifndef CYXDATA
  69:Generated_Source\PSoC4/cyfitter_cfg.c ****     #define CYXDATA
  70:Generated_Source\PSoC4/cyfitter_cfg.c **** #endif
  71:Generated_Source\PSoC4/cyfitter_cfg.c **** 
  72:Generated_Source\PSoC4/cyfitter_cfg.c **** 
  73:Generated_Source\PSoC4/cyfitter_cfg.c **** CY_CFG_UNUSED
  74:Generated_Source\PSoC4/cyfitter_cfg.c **** static void CYMEMZERO(void *s, size_t n);
  75:Generated_Source\PSoC4/cyfitter_cfg.c **** CY_CFG_UNUSED
  76:Generated_Source\PSoC4/cyfitter_cfg.c **** static void CYMEMZERO(void *s, size_t n)
  77:Generated_Source\PSoC4/cyfitter_cfg.c **** {
  78:Generated_Source\PSoC4/cyfitter_cfg.c **** 	(void)memset(s, 0, n);
  79:Generated_Source\PSoC4/cyfitter_cfg.c **** }
  80:Generated_Source\PSoC4/cyfitter_cfg.c **** CY_CFG_UNUSED
  81:Generated_Source\PSoC4/cyfitter_cfg.c **** static void CYCONFIGCPY(void *dest, const void *src, size_t n);
  82:Generated_Source\PSoC4/cyfitter_cfg.c **** CY_CFG_UNUSED
  83:Generated_Source\PSoC4/cyfitter_cfg.c **** static void CYCONFIGCPY(void *dest, const void *src, size_t n)
  84:Generated_Source\PSoC4/cyfitter_cfg.c **** {
  85:Generated_Source\PSoC4/cyfitter_cfg.c **** 	(void)memcpy(dest, src, n);
  86:Generated_Source\PSoC4/cyfitter_cfg.c **** }
  87:Generated_Source\PSoC4/cyfitter_cfg.c **** CY_CFG_UNUSED
  88:Generated_Source\PSoC4/cyfitter_cfg.c **** static void CYCONFIGCPYCODE(void *dest, const void *src, size_t n);
ARM GAS  C:\Users\12548\AppData\Local\Temp\cc7dxOac.s 			page 3


  89:Generated_Source\PSoC4/cyfitter_cfg.c **** CY_CFG_UNUSED
  90:Generated_Source\PSoC4/cyfitter_cfg.c **** static void CYCONFIGCPYCODE(void *dest, const void *src, size_t n)
  91:Generated_Source\PSoC4/cyfitter_cfg.c **** {
  92:Generated_Source\PSoC4/cyfitter_cfg.c **** 	(void)memcpy(dest, src, n);
  93:Generated_Source\PSoC4/cyfitter_cfg.c **** }
  94:Generated_Source\PSoC4/cyfitter_cfg.c **** 
  95:Generated_Source\PSoC4/cyfitter_cfg.c **** 
  96:Generated_Source\PSoC4/cyfitter_cfg.c **** 
  97:Generated_Source\PSoC4/cyfitter_cfg.c **** 
  98:Generated_Source\PSoC4/cyfitter_cfg.c **** /* Clock startup error codes                                                   */
  99:Generated_Source\PSoC4/cyfitter_cfg.c **** #define CYCLOCKSTART_NO_ERROR    0u
 100:Generated_Source\PSoC4/cyfitter_cfg.c **** #define CYCLOCKSTART_XTAL_ERROR  1u
 101:Generated_Source\PSoC4/cyfitter_cfg.c **** #define CYCLOCKSTART_32KHZ_ERROR 2u
 102:Generated_Source\PSoC4/cyfitter_cfg.c **** #define CYCLOCKSTART_PLL_ERROR   3u
 103:Generated_Source\PSoC4/cyfitter_cfg.c **** #define CYCLOCKSTART_FLL_ERROR   4u
 104:Generated_Source\PSoC4/cyfitter_cfg.c **** #define CYCLOCKSTART_WCO_ERROR   5u
 105:Generated_Source\PSoC4/cyfitter_cfg.c **** 
 106:Generated_Source\PSoC4/cyfitter_cfg.c **** 
 107:Generated_Source\PSoC4/cyfitter_cfg.c **** #ifdef CY_NEED_CYCLOCKSTARTUPERROR
 108:Generated_Source\PSoC4/cyfitter_cfg.c **** /*******************************************************************************
 109:Generated_Source\PSoC4/cyfitter_cfg.c **** * Function Name: CyClockStartupError
 110:Generated_Source\PSoC4/cyfitter_cfg.c **** ********************************************************************************
 111:Generated_Source\PSoC4/cyfitter_cfg.c **** * Summary:
 112:Generated_Source\PSoC4/cyfitter_cfg.c **** *  If an error is encountered during clock configuration (crystal startup error,
 113:Generated_Source\PSoC4/cyfitter_cfg.c **** *  PLL lock error, etc.), the system will end up here.  Unless reimplemented by
 114:Generated_Source\PSoC4/cyfitter_cfg.c **** *  the customer, this function will stop in an infinite loop.
 115:Generated_Source\PSoC4/cyfitter_cfg.c **** *
 116:Generated_Source\PSoC4/cyfitter_cfg.c **** * Parameters:
 117:Generated_Source\PSoC4/cyfitter_cfg.c **** *   void
 118:Generated_Source\PSoC4/cyfitter_cfg.c **** *
 119:Generated_Source\PSoC4/cyfitter_cfg.c **** * Return:
 120:Generated_Source\PSoC4/cyfitter_cfg.c **** *   void
 121:Generated_Source\PSoC4/cyfitter_cfg.c **** *
 122:Generated_Source\PSoC4/cyfitter_cfg.c **** *******************************************************************************/
 123:Generated_Source\PSoC4/cyfitter_cfg.c **** CY_CFG_UNUSED
 124:Generated_Source\PSoC4/cyfitter_cfg.c **** static void CyClockStartupError(uint8 errorCode);
 125:Generated_Source\PSoC4/cyfitter_cfg.c **** CY_CFG_UNUSED
 126:Generated_Source\PSoC4/cyfitter_cfg.c **** static void CyClockStartupError(uint8 errorCode)
 127:Generated_Source\PSoC4/cyfitter_cfg.c **** {
 128:Generated_Source\PSoC4/cyfitter_cfg.c ****     /* To remove the compiler warning if errorCode not used.                */
 129:Generated_Source\PSoC4/cyfitter_cfg.c ****     errorCode = errorCode;
 130:Generated_Source\PSoC4/cyfitter_cfg.c **** 
 131:Generated_Source\PSoC4/cyfitter_cfg.c ****     /* If we have a clock startup error (bad MHz crystal, PLL lock, etc.),  */
 132:Generated_Source\PSoC4/cyfitter_cfg.c ****     /* we will end up here to allow the customer to implement something to  */
 133:Generated_Source\PSoC4/cyfitter_cfg.c ****     /* deal with the clock condition.                                       */
 134:Generated_Source\PSoC4/cyfitter_cfg.c **** 
 135:Generated_Source\PSoC4/cyfitter_cfg.c **** #ifdef CY_CFG_CLOCK_STARTUP_ERROR_CALLBACK
 136:Generated_Source\PSoC4/cyfitter_cfg.c ****     CY_CFG_Clock_Startup_ErrorCallback();
 137:Generated_Source\PSoC4/cyfitter_cfg.c **** #else
 138:Generated_Source\PSoC4/cyfitter_cfg.c ****     /*  If not using CY_CFG_CLOCK_STARTUP_ERROR_CALLBACK, place your clock startup code here. */
 139:Generated_Source\PSoC4/cyfitter_cfg.c ****     /* `#START CyClockStartupError` */
 140:Generated_Source\PSoC4/cyfitter_cfg.c **** 
 141:Generated_Source\PSoC4/cyfitter_cfg.c **** 
 142:Generated_Source\PSoC4/cyfitter_cfg.c **** 
 143:Generated_Source\PSoC4/cyfitter_cfg.c ****     /* `#END` */
 144:Generated_Source\PSoC4/cyfitter_cfg.c **** 
 145:Generated_Source\PSoC4/cyfitter_cfg.c ****     while(1) {}
ARM GAS  C:\Users\12548\AppData\Local\Temp\cc7dxOac.s 			page 4


 146:Generated_Source\PSoC4/cyfitter_cfg.c **** #endif /* CY_CFG_CLOCK_STARTUP_ERROR_CALLBACK */
 147:Generated_Source\PSoC4/cyfitter_cfg.c **** }
 148:Generated_Source\PSoC4/cyfitter_cfg.c **** #endif
 149:Generated_Source\PSoC4/cyfitter_cfg.c **** 
 150:Generated_Source\PSoC4/cyfitter_cfg.c **** 
 151:Generated_Source\PSoC4/cyfitter_cfg.c **** 
 152:Generated_Source\PSoC4/cyfitter_cfg.c **** /*******************************************************************************
 153:Generated_Source\PSoC4/cyfitter_cfg.c **** * Function Name: ClockSetup
 154:Generated_Source\PSoC4/cyfitter_cfg.c **** ********************************************************************************
 155:Generated_Source\PSoC4/cyfitter_cfg.c **** *
 156:Generated_Source\PSoC4/cyfitter_cfg.c **** * Summary:
 157:Generated_Source\PSoC4/cyfitter_cfg.c **** *   Performs the initialization of all of the clocks in the device based on the
 158:Generated_Source\PSoC4/cyfitter_cfg.c **** *   settings in the Clock tab of the DWR.  This includes enabling the requested
 159:Generated_Source\PSoC4/cyfitter_cfg.c **** *   clocks and setting the necessary dividers to produce the desired frequency. 
 160:Generated_Source\PSoC4/cyfitter_cfg.c **** *
 161:Generated_Source\PSoC4/cyfitter_cfg.c **** * Parameters:
 162:Generated_Source\PSoC4/cyfitter_cfg.c **** *   void
 163:Generated_Source\PSoC4/cyfitter_cfg.c **** *
 164:Generated_Source\PSoC4/cyfitter_cfg.c **** * Return:
 165:Generated_Source\PSoC4/cyfitter_cfg.c **** *   void
 166:Generated_Source\PSoC4/cyfitter_cfg.c **** *
 167:Generated_Source\PSoC4/cyfitter_cfg.c **** *******************************************************************************/
 168:Generated_Source\PSoC4/cyfitter_cfg.c **** static void ClockSetup(void);
 169:Generated_Source\PSoC4/cyfitter_cfg.c **** CY_CFG_SECTION
 170:Generated_Source\PSoC4/cyfitter_cfg.c **** static void ClockSetup(void)
 171:Generated_Source\PSoC4/cyfitter_cfg.c **** {
 172:Generated_Source\PSoC4/cyfitter_cfg.c **** 
 173:Generated_Source\PSoC4/cyfitter_cfg.c **** 	/* Set Flash Cycles based on max possible frequency in case a glitch occurs during ClockSetup(). *
 174:Generated_Source\PSoC4/cyfitter_cfg.c **** 	CY_SET_REG32((void CYXDATA *)(CYREG_CPUSS_FLASH_CTL), (0x0012u));
 175:Generated_Source\PSoC4/cyfitter_cfg.c **** 	/* Update IMO to new clock speed. */
 176:Generated_Source\PSoC4/cyfitter_cfg.c **** 	CySysClkWriteImoFreq(24u);
 177:Generated_Source\PSoC4/cyfitter_cfg.c **** 
 178:Generated_Source\PSoC4/cyfitter_cfg.c **** 	/* Setup phase aligned clocks */
 179:Generated_Source\PSoC4/cyfitter_cfg.c **** 	CY_SET_REG32((void *)CYREG_PERI_DIV_16_CTL3, 0x00001700u);
 180:Generated_Source\PSoC4/cyfitter_cfg.c **** 	CY_SET_REG32((void *)CYREG_PERI_DIV_CMD, 0x8000FF43u);
 181:Generated_Source\PSoC4/cyfitter_cfg.c **** 	CY_SET_REG32((void *)CYREG_PERI_DIV_16_CTL4, 0x00001700u);
 182:Generated_Source\PSoC4/cyfitter_cfg.c **** 	CY_SET_REG32((void *)CYREG_PERI_DIV_CMD, 0x8000FF44u);
 183:Generated_Source\PSoC4/cyfitter_cfg.c **** 	CY_SET_REG32((void *)CYREG_PERI_DIV_16_CTL0, 0x00000100u);
 184:Generated_Source\PSoC4/cyfitter_cfg.c **** 	CY_SET_REG32((void *)CYREG_PERI_DIV_CMD, 0x8000FF40u);
 185:Generated_Source\PSoC4/cyfitter_cfg.c **** 	CY_SET_REG32((void *)CYREG_PERI_DIV_16_CTL2, 0x00001000u);
 186:Generated_Source\PSoC4/cyfitter_cfg.c **** 	CY_SET_REG32((void *)CYREG_PERI_DIV_CMD, 0x8000FF42u);
 187:Generated_Source\PSoC4/cyfitter_cfg.c **** 	CY_SET_REG32((void *)CYREG_PERI_DIV_16_CTL1, 0x00000E00u);
 188:Generated_Source\PSoC4/cyfitter_cfg.c **** 	CY_SET_REG32((void *)CYREG_PERI_DIV_CMD, 0x8000FF41u);
 189:Generated_Source\PSoC4/cyfitter_cfg.c **** 
 190:Generated_Source\PSoC4/cyfitter_cfg.c **** 	/* CYDEV_CLK_SELECT Starting address: CYDEV_CLK_SELECT */
 191:Generated_Source\PSoC4/cyfitter_cfg.c **** 	CY_SET_REG32((void *)(CYREG_CLK_SELECT), 0x00000000u);
 192:Generated_Source\PSoC4/cyfitter_cfg.c **** 
 193:Generated_Source\PSoC4/cyfitter_cfg.c **** 	/* CYDEV_PERI_PCLK_CTL8 Starting address: CYDEV_PERI_PCLK_CTL8 */
 194:Generated_Source\PSoC4/cyfitter_cfg.c **** 	CY_SET_REG32((void *)(CYREG_PERI_PCLK_CTL8), 0x00000043u);
 195:Generated_Source\PSoC4/cyfitter_cfg.c **** 
 196:Generated_Source\PSoC4/cyfitter_cfg.c **** 	/* CYDEV_PERI_PCLK_CTL7 Starting address: CYDEV_PERI_PCLK_CTL7 */
 197:Generated_Source\PSoC4/cyfitter_cfg.c **** 	CY_SET_REG32((void *)(CYREG_PERI_PCLK_CTL7), 0x00000044u);
 198:Generated_Source\PSoC4/cyfitter_cfg.c **** 
 199:Generated_Source\PSoC4/cyfitter_cfg.c **** 	/* CYDEV_PERI_PCLK_CTL6 Starting address: CYDEV_PERI_PCLK_CTL6 */
 200:Generated_Source\PSoC4/cyfitter_cfg.c **** 	CY_SET_REG32((void *)(CYREG_PERI_PCLK_CTL6), 0x00000040u);
 201:Generated_Source\PSoC4/cyfitter_cfg.c **** 
 202:Generated_Source\PSoC4/cyfitter_cfg.c **** 	/* CYDEV_PERI_PCLK_CTL1 Starting address: CYDEV_PERI_PCLK_CTL1 */
ARM GAS  C:\Users\12548\AppData\Local\Temp\cc7dxOac.s 			page 5


 203:Generated_Source\PSoC4/cyfitter_cfg.c **** 	CY_SET_REG32((void *)(CYREG_PERI_PCLK_CTL1), 0x00000042u);
 204:Generated_Source\PSoC4/cyfitter_cfg.c **** 
 205:Generated_Source\PSoC4/cyfitter_cfg.c **** 	/* CYDEV_PERI_PCLK_CTL0 Starting address: CYDEV_PERI_PCLK_CTL0 */
 206:Generated_Source\PSoC4/cyfitter_cfg.c **** 	CY_SET_REG32((void *)(CYREG_PERI_PCLK_CTL0), 0x00000041u);
 207:Generated_Source\PSoC4/cyfitter_cfg.c **** 
 208:Generated_Source\PSoC4/cyfitter_cfg.c **** 	(void)CyIntSetVector(14u, &CySysTimerIsr);
 209:Generated_Source\PSoC4/cyfitter_cfg.c **** 	CyIntEnable(14u);
 210:Generated_Source\PSoC4/cyfitter_cfg.c **** 	CY_SET_REG32((void *)(CYREG_WCO_WDT_CONFIG), 0x00000000u);
 211:Generated_Source\PSoC4/cyfitter_cfg.c **** 	CySysClkSetTimerSource(CY_SYS_CLK_TIMER_SRC_ILO);
 212:Generated_Source\PSoC4/cyfitter_cfg.c **** 	/* Set Flash Cycles based on newly configured 24.00MHz HFCLK. */
 213:Generated_Source\PSoC4/cyfitter_cfg.c **** 	CY_SET_REG32((void CYXDATA *)(CYREG_CPUSS_FLASH_CTL), (0x0011u));
 214:Generated_Source\PSoC4/cyfitter_cfg.c **** }
 215:Generated_Source\PSoC4/cyfitter_cfg.c **** 
 216:Generated_Source\PSoC4/cyfitter_cfg.c **** 
 217:Generated_Source\PSoC4/cyfitter_cfg.c **** /* Analog API Functions */
 218:Generated_Source\PSoC4/cyfitter_cfg.c **** 
 219:Generated_Source\PSoC4/cyfitter_cfg.c **** 
 220:Generated_Source\PSoC4/cyfitter_cfg.c **** /*******************************************************************************
 221:Generated_Source\PSoC4/cyfitter_cfg.c **** * Function Name: AnalogSetDefault
 222:Generated_Source\PSoC4/cyfitter_cfg.c **** ********************************************************************************
 223:Generated_Source\PSoC4/cyfitter_cfg.c **** *
 224:Generated_Source\PSoC4/cyfitter_cfg.c **** * Summary:
 225:Generated_Source\PSoC4/cyfitter_cfg.c **** *  Sets up the analog portions of the chip to default values based on chip
 226:Generated_Source\PSoC4/cyfitter_cfg.c **** *  configuration options from the project.
 227:Generated_Source\PSoC4/cyfitter_cfg.c **** *
 228:Generated_Source\PSoC4/cyfitter_cfg.c **** * Parameters:
 229:Generated_Source\PSoC4/cyfitter_cfg.c **** *  void
 230:Generated_Source\PSoC4/cyfitter_cfg.c **** *
 231:Generated_Source\PSoC4/cyfitter_cfg.c **** * Return:
 232:Generated_Source\PSoC4/cyfitter_cfg.c **** *  void
 233:Generated_Source\PSoC4/cyfitter_cfg.c **** *
 234:Generated_Source\PSoC4/cyfitter_cfg.c **** *******************************************************************************/
 235:Generated_Source\PSoC4/cyfitter_cfg.c **** static void AnalogSetDefault(void);
 236:Generated_Source\PSoC4/cyfitter_cfg.c **** static void AnalogSetDefault(void)
 237:Generated_Source\PSoC4/cyfitter_cfg.c **** {
  27              		.loc 1 237 0
  28              		.cfi_startproc
  29              		@ args = 0, pretend = 0, frame = 0
  30              		@ frame_needed = 0, uses_anonymous_args = 0
  31              		@ link register save eliminated.
 238:Generated_Source\PSoC4/cyfitter_cfg.c **** 	CY_SET_XTND_REG32((void CYFAR *)CYREG_CTBM0_DFT_CTRL, 0x00000003u);
  32              		.loc 1 238 0
  33 0000 0322     		movs	r2, #3
  34 0002 054B     		ldr	r3, .L2
  35 0004 1A60     		str	r2, [r3]
 239:Generated_Source\PSoC4/cyfitter_cfg.c **** 	CY_SET_XTND_REG32((void CYFAR *)CYREG_PASS0_DSAB_DSAB_CTRL, 0x00000020u);
  36              		.loc 1 239 0
  37 0006 2023     		movs	r3, #32
  38 0008 0449     		ldr	r1, .L2+4
  39 000a 0B60     		str	r3, [r1]
 240:Generated_Source\PSoC4/cyfitter_cfg.c **** 	CY_SET_XTND_REG32((void CYFAR *)CYREG_CTBM1_DFT_CTRL, 0x00000003u);
  40              		.loc 1 240 0
  41 000c 0449     		ldr	r1, .L2+8
  42 000e 0A60     		str	r2, [r1]
 241:Generated_Source\PSoC4/cyfitter_cfg.c **** 	CY_SET_XTND_REG32((void CYFAR *)CYREG_PASS1_DSAB_DSAB_CTRL, 0x00000020u);
  43              		.loc 1 241 0
  44 0010 044A     		ldr	r2, .L2+12
ARM GAS  C:\Users\12548\AppData\Local\Temp\cc7dxOac.s 			page 6


  45 0012 1360     		str	r3, [r2]
 242:Generated_Source\PSoC4/cyfitter_cfg.c **** }
  46              		.loc 1 242 0
  47              		@ sp needed
  48 0014 7047     		bx	lr
  49              	.L3:
  50 0016 C046     		.align	2
  51              	.L2:
  52 0018 30003040 		.word	1076887600
  53 001c 000E3F40 		.word	1077874176
  54 0020 30004040 		.word	1077936176
  55 0024 000E4F40 		.word	1078922752
  56              		.cfi_endproc
  57              	.LFE5:
  58              		.size	AnalogSetDefault, .-AnalogSetDefault
  59              		.section	.psocinit,"ax",%progbits
  60              		.align	2
  61              		.code	16
  62              		.thumb_func
  63              		.type	ClockSetup, %function
  64              	ClockSetup:
  65              	.LFB4:
 171:Generated_Source\PSoC4/cyfitter_cfg.c **** 
  66              		.loc 1 171 0
  67              		.cfi_startproc
  68              		@ args = 0, pretend = 0, frame = 0
  69              		@ frame_needed = 0, uses_anonymous_args = 0
  70 0000 70B5     		push	{r4, r5, r6, lr}
  71              		.cfi_def_cfa_offset 16
  72              		.cfi_offset 4, -16
  73              		.cfi_offset 5, -12
  74              		.cfi_offset 6, -8
  75              		.cfi_offset 14, -4
 174:Generated_Source\PSoC4/cyfitter_cfg.c **** 	/* Update IMO to new clock speed. */
  76              		.loc 1 174 0
  77 0002 224C     		ldr	r4, .L5
  78 0004 1223     		movs	r3, #18
  79 0006 2360     		str	r3, [r4]
 176:Generated_Source\PSoC4/cyfitter_cfg.c **** 
  80              		.loc 1 176 0
  81 0008 1820     		movs	r0, #24
  82 000a FFF7FEFF 		bl	CySysClkWriteImoFreq
  83              	.LVL0:
 179:Generated_Source\PSoC4/cyfitter_cfg.c **** 	CY_SET_REG32((void *)CYREG_PERI_DIV_CMD, 0x8000FF43u);
  84              		.loc 1 179 0
  85 000e B822     		movs	r2, #184
  86 0010 5201     		lsls	r2, r2, #5
  87 0012 1F4B     		ldr	r3, .L5+4
  88 0014 1A60     		str	r2, [r3]
 180:Generated_Source\PSoC4/cyfitter_cfg.c **** 	CY_SET_REG32((void *)CYREG_PERI_DIV_16_CTL4, 0x00001700u);
  89              		.loc 1 180 0
  90 0016 1F4B     		ldr	r3, .L5+8
  91 0018 1F49     		ldr	r1, .L5+12
  92 001a 1960     		str	r1, [r3]
 181:Generated_Source\PSoC4/cyfitter_cfg.c **** 	CY_SET_REG32((void *)CYREG_PERI_DIV_CMD, 0x8000FF44u);
  93              		.loc 1 181 0
  94 001c 1F49     		ldr	r1, .L5+16
ARM GAS  C:\Users\12548\AppData\Local\Temp\cc7dxOac.s 			page 7


  95 001e 0A60     		str	r2, [r1]
 182:Generated_Source\PSoC4/cyfitter_cfg.c **** 	CY_SET_REG32((void *)CYREG_PERI_DIV_16_CTL0, 0x00000100u);
  96              		.loc 1 182 0
  97 0020 1F4A     		ldr	r2, .L5+20
  98 0022 1A60     		str	r2, [r3]
 183:Generated_Source\PSoC4/cyfitter_cfg.c **** 	CY_SET_REG32((void *)CYREG_PERI_DIV_CMD, 0x8000FF40u);
  99              		.loc 1 183 0
 100 0024 8021     		movs	r1, #128
 101 0026 4900     		lsls	r1, r1, #1
 102 0028 1E4A     		ldr	r2, .L5+24
 103 002a 1160     		str	r1, [r2]
 184:Generated_Source\PSoC4/cyfitter_cfg.c **** 	CY_SET_REG32((void *)CYREG_PERI_DIV_16_CTL2, 0x00001000u);
 104              		.loc 1 184 0
 105 002c 1E4A     		ldr	r2, .L5+28
 106 002e 1A60     		str	r2, [r3]
 185:Generated_Source\PSoC4/cyfitter_cfg.c **** 	CY_SET_REG32((void *)CYREG_PERI_DIV_CMD, 0x8000FF42u);
 107              		.loc 1 185 0
 108 0030 8021     		movs	r1, #128
 109 0032 4901     		lsls	r1, r1, #5
 110 0034 1D4A     		ldr	r2, .L5+32
 111 0036 1160     		str	r1, [r2]
 186:Generated_Source\PSoC4/cyfitter_cfg.c **** 	CY_SET_REG32((void *)CYREG_PERI_DIV_16_CTL1, 0x00000E00u);
 112              		.loc 1 186 0
 113 0038 1D4A     		ldr	r2, .L5+36
 114 003a 1A60     		str	r2, [r3]
 187:Generated_Source\PSoC4/cyfitter_cfg.c **** 	CY_SET_REG32((void *)CYREG_PERI_DIV_CMD, 0x8000FF41u);
 115              		.loc 1 187 0
 116 003c E021     		movs	r1, #224
 117 003e 0901     		lsls	r1, r1, #4
 118 0040 1C4A     		ldr	r2, .L5+40
 119 0042 1160     		str	r1, [r2]
 188:Generated_Source\PSoC4/cyfitter_cfg.c **** 
 120              		.loc 1 188 0
 121 0044 1C4A     		ldr	r2, .L5+44
 122 0046 1A60     		str	r2, [r3]
 191:Generated_Source\PSoC4/cyfitter_cfg.c **** 
 123              		.loc 1 191 0
 124 0048 0025     		movs	r5, #0
 125 004a 1C4B     		ldr	r3, .L5+48
 126 004c 1D60     		str	r5, [r3]
 194:Generated_Source\PSoC4/cyfitter_cfg.c **** 
 127              		.loc 1 194 0
 128 004e 4322     		movs	r2, #67
 129 0050 1B4B     		ldr	r3, .L5+52
 130 0052 1A60     		str	r2, [r3]
 197:Generated_Source\PSoC4/cyfitter_cfg.c **** 
 131              		.loc 1 197 0
 132 0054 0132     		adds	r2, r2, #1
 133 0056 1B4B     		ldr	r3, .L5+56
 134 0058 1A60     		str	r2, [r3]
 200:Generated_Source\PSoC4/cyfitter_cfg.c **** 
 135              		.loc 1 200 0
 136 005a 043A     		subs	r2, r2, #4
 137 005c 1A4B     		ldr	r3, .L5+60
 138 005e 1A60     		str	r2, [r3]
 203:Generated_Source\PSoC4/cyfitter_cfg.c **** 
 139              		.loc 1 203 0
ARM GAS  C:\Users\12548\AppData\Local\Temp\cc7dxOac.s 			page 8


 140 0060 0232     		adds	r2, r2, #2
 141 0062 1A4B     		ldr	r3, .L5+64
 142 0064 1A60     		str	r2, [r3]
 206:Generated_Source\PSoC4/cyfitter_cfg.c **** 
 143              		.loc 1 206 0
 144 0066 013A     		subs	r2, r2, #1
 145 0068 194B     		ldr	r3, .L5+68
 146 006a 1A60     		str	r2, [r3]
 208:Generated_Source\PSoC4/cyfitter_cfg.c **** 	CyIntEnable(14u);
 147              		.loc 1 208 0
 148 006c 1949     		ldr	r1, .L5+72
 149 006e 0E20     		movs	r0, #14
 150 0070 FFF7FEFF 		bl	CyIntSetVector
 151              	.LVL1:
 209:Generated_Source\PSoC4/cyfitter_cfg.c **** 	CY_SET_REG32((void *)(CYREG_WCO_WDT_CONFIG), 0x00000000u);
 152              		.loc 1 209 0
 153 0074 0E20     		movs	r0, #14
 154 0076 FFF7FEFF 		bl	CyIntEnable
 155              	.LVL2:
 210:Generated_Source\PSoC4/cyfitter_cfg.c **** 	CySysClkSetTimerSource(CY_SYS_CLK_TIMER_SRC_ILO);
 156              		.loc 1 210 0
 157 007a 174B     		ldr	r3, .L5+76
 158 007c 1D60     		str	r5, [r3]
 211:Generated_Source\PSoC4/cyfitter_cfg.c **** 	/* Set Flash Cycles based on newly configured 24.00MHz HFCLK. */
 159              		.loc 1 211 0
 160 007e 0020     		movs	r0, #0
 161 0080 FFF7FEFF 		bl	CySysClkSetTimerSource
 162              	.LVL3:
 213:Generated_Source\PSoC4/cyfitter_cfg.c **** }
 163              		.loc 1 213 0
 164 0084 1123     		movs	r3, #17
 165 0086 2360     		str	r3, [r4]
 214:Generated_Source\PSoC4/cyfitter_cfg.c **** 
 166              		.loc 1 214 0
 167              		@ sp needed
 168 0088 70BD     		pop	{r4, r5, r6, pc}
 169              	.L6:
 170 008a C046     		.align	2
 171              	.L5:
 172 008c 30001040 		.word	1074790448
 173 0090 0C030140 		.word	1073808140
 174 0094 00000140 		.word	1073807360
 175 0098 43FF0080 		.word	-2147418301
 176 009c 10030140 		.word	1073808144
 177 00a0 44FF0080 		.word	-2147418300
 178 00a4 00030140 		.word	1073808128
 179 00a8 40FF0080 		.word	-2147418304
 180 00ac 08030140 		.word	1073808136
 181 00b0 42FF0080 		.word	-2147418302
 182 00b4 04030140 		.word	1073808132
 183 00b8 41FF0080 		.word	-2147418303
 184 00bc 28000340 		.word	1073938472
 185 00c0 20010140 		.word	1073807648
 186 00c4 1C010140 		.word	1073807644
 187 00c8 18010140 		.word	1073807640
 188 00cc 04010140 		.word	1073807620
 189 00d0 00010140 		.word	1073807616
ARM GAS  C:\Users\12548\AppData\Local\Temp\cc7dxOac.s 			page 9


 190 00d4 00000000 		.word	CySysTimerIsr
 191 00d8 0C022240 		.word	1075970572
 192              		.cfi_endproc
 193              	.LFE4:
 194              		.size	ClockSetup, .-ClockSetup
 195              		.align	2
 196              		.global	cyfitter_cfg
 197              		.code	16
 198              		.thumb_func
 199              		.type	cyfitter_cfg, %function
 200              	cyfitter_cfg:
 201              	.LFB6:
 243:Generated_Source\PSoC4/cyfitter_cfg.c **** 
 244:Generated_Source\PSoC4/cyfitter_cfg.c **** 
 245:Generated_Source\PSoC4/cyfitter_cfg.c **** 
 246:Generated_Source\PSoC4/cyfitter_cfg.c **** 
 247:Generated_Source\PSoC4/cyfitter_cfg.c **** /*******************************************************************************
 248:Generated_Source\PSoC4/cyfitter_cfg.c **** * Function Name: cyfitter_cfg
 249:Generated_Source\PSoC4/cyfitter_cfg.c **** ********************************************************************************
 250:Generated_Source\PSoC4/cyfitter_cfg.c **** * Summary:
 251:Generated_Source\PSoC4/cyfitter_cfg.c **** *  This function is called by the start-up code for the selected device. It
 252:Generated_Source\PSoC4/cyfitter_cfg.c **** *  performs all of the necessary device configuration based on the design
 253:Generated_Source\PSoC4/cyfitter_cfg.c **** *  settings.  This includes settings from the Design Wide Resources (DWR) such
 254:Generated_Source\PSoC4/cyfitter_cfg.c **** *  as Clocks and Pins as well as any component configuration that is necessary.
 255:Generated_Source\PSoC4/cyfitter_cfg.c **** *
 256:Generated_Source\PSoC4/cyfitter_cfg.c **** * Parameters:
 257:Generated_Source\PSoC4/cyfitter_cfg.c **** *   void
 258:Generated_Source\PSoC4/cyfitter_cfg.c **** *
 259:Generated_Source\PSoC4/cyfitter_cfg.c **** * Return:
 260:Generated_Source\PSoC4/cyfitter_cfg.c **** *   void
 261:Generated_Source\PSoC4/cyfitter_cfg.c **** *
 262:Generated_Source\PSoC4/cyfitter_cfg.c **** *******************************************************************************/
 263:Generated_Source\PSoC4/cyfitter_cfg.c **** CY_CFG_SECTION
 264:Generated_Source\PSoC4/cyfitter_cfg.c **** void cyfitter_cfg(void)
 265:Generated_Source\PSoC4/cyfitter_cfg.c **** {
 202              		.loc 1 265 0
 203              		.cfi_startproc
 204              		@ args = 0, pretend = 0, frame = 0
 205              		@ frame_needed = 0, uses_anonymous_args = 0
 206 00dc 10B5     		push	{r4, lr}
 207              		.cfi_def_cfa_offset 8
 208              		.cfi_offset 4, -8
 209              		.cfi_offset 14, -4
 266:Generated_Source\PSoC4/cyfitter_cfg.c **** 	/* Disable interrupts by default. Let user enable if/when they want. */
 267:Generated_Source\PSoC4/cyfitter_cfg.c **** 	CyGlobalIntDisable;
 210              		.loc 1 267 0
 211              		.syntax divided
 212              	@ 267 "Generated_Source\PSoC4\cyfitter_cfg.c" 1
 213 00de 72B6     		CPSID   i
 214              	@ 0 "" 2
 268:Generated_Source\PSoC4/cyfitter_cfg.c **** 
 269:Generated_Source\PSoC4/cyfitter_cfg.c **** 	{
 270:Generated_Source\PSoC4/cyfitter_cfg.c **** 		/* HSIOM Starting address: CYDEV_HSIOM_BASE */
 271:Generated_Source\PSoC4/cyfitter_cfg.c **** 		CY_SET_REG32((void *)(CYDEV_HSIOM_BASE), 0x00990000u);
 215              		.loc 1 271 0
 216              		.thumb
 217              		.syntax unified
ARM GAS  C:\Users\12548\AppData\Local\Temp\cc7dxOac.s 			page 10


 218 00e0 9922     		movs	r2, #153
 219 00e2 1204     		lsls	r2, r2, #16
 220 00e4 154B     		ldr	r3, .L8
 221 00e6 1A60     		str	r2, [r3]
 272:Generated_Source\PSoC4/cyfitter_cfg.c **** 		CY_SET_REG32((void *)(CYREG_HSIOM_PORT_SEL1), 0x000000EEu);
 222              		.loc 1 272 0
 223 00e8 EE22     		movs	r2, #238
 224 00ea 154B     		ldr	r3, .L8+4
 225 00ec 1A60     		str	r2, [r3]
 273:Generated_Source\PSoC4/cyfitter_cfg.c **** 		CY_SET_REG32((void *)(CYREG_HSIOM_PORT_SEL2), 0x08000000u);
 226              		.loc 1 273 0
 227 00ee 8022     		movs	r2, #128
 228 00f0 1205     		lsls	r2, r2, #20
 229 00f2 144B     		ldr	r3, .L8+8
 230 00f4 1A60     		str	r2, [r3]
 274:Generated_Source\PSoC4/cyfitter_cfg.c **** 		CY_SET_REG32((void *)(CYREG_HSIOM_PORT_SEL3), 0x0000EE00u);
 231              		.loc 1 274 0
 232 00f6 EE22     		movs	r2, #238
 233 00f8 1202     		lsls	r2, r2, #8
 234 00fa 134B     		ldr	r3, .L8+12
 235 00fc 1A60     		str	r2, [r3]
 275:Generated_Source\PSoC4/cyfitter_cfg.c **** 
 276:Generated_Source\PSoC4/cyfitter_cfg.c **** 	}
 277:Generated_Source\PSoC4/cyfitter_cfg.c **** 
 278:Generated_Source\PSoC4/cyfitter_cfg.c **** 	/* Perform second pass device configuration. These items must be configured in specific order afte
 279:Generated_Source\PSoC4/cyfitter_cfg.c **** 	/* IOPINS0_0 Starting address: CYDEV_GPIO_PRT0_BASE */
 280:Generated_Source\PSoC4/cyfitter_cfg.c **** 	CY_SET_REG32((void *)(CYDEV_GPIO_PRT0_BASE), 0x00000021u);
 236              		.loc 1 280 0
 237 00fe 2122     		movs	r2, #33
 238 0100 124B     		ldr	r3, .L8+16
 239 0102 1A60     		str	r2, [r3]
 281:Generated_Source\PSoC4/cyfitter_cfg.c **** 	CY_SET_REG32((void *)(CYREG_GPIO_PRT0_PC), 0x00031DB4u);
 240              		.loc 1 281 0
 241 0104 124A     		ldr	r2, .L8+20
 242 0106 134B     		ldr	r3, .L8+24
 243 0108 1A60     		str	r2, [r3]
 282:Generated_Source\PSoC4/cyfitter_cfg.c **** 	CY_SET_REG32((void *)(CYREG_GPIO_PRT0_PC2), 0x00000020u);
 244              		.loc 1 282 0
 245 010a 2022     		movs	r2, #32
 246 010c 124B     		ldr	r3, .L8+28
 247 010e 1A60     		str	r2, [r3]
 283:Generated_Source\PSoC4/cyfitter_cfg.c **** 
 284:Generated_Source\PSoC4/cyfitter_cfg.c **** 	/* IOPINS0_1 Starting address: CYDEV_GPIO_PRT1_BASE */
 285:Generated_Source\PSoC4/cyfitter_cfg.c **** 	CY_SET_REG32((void *)(CYDEV_GPIO_PRT1_BASE), 0x00000003u);
 248              		.loc 1 285 0
 249 0110 1D3A     		subs	r2, r2, #29
 250 0112 124B     		ldr	r3, .L8+32
 251 0114 1A60     		str	r2, [r3]
 286:Generated_Source\PSoC4/cyfitter_cfg.c **** 	CY_SET_REG32((void *)(CYREG_GPIO_PRT1_PC), 0x00000024u);
 252              		.loc 1 286 0
 253 0116 2132     		adds	r2, r2, #33
 254 0118 114B     		ldr	r3, .L8+36
 255 011a 1A60     		str	r2, [r3]
 287:Generated_Source\PSoC4/cyfitter_cfg.c **** 
 288:Generated_Source\PSoC4/cyfitter_cfg.c **** 	/* IOPINS0_2 Starting address: CYDEV_GPIO_PRT2_BASE */
 289:Generated_Source\PSoC4/cyfitter_cfg.c **** 	CY_SET_REG32((void *)(CYDEV_GPIO_PRT2_BASE), 0x00000040u);
 256              		.loc 1 289 0
ARM GAS  C:\Users\12548\AppData\Local\Temp\cc7dxOac.s 			page 11


 257 011c 1C32     		adds	r2, r2, #28
 258 011e 114B     		ldr	r3, .L8+40
 259 0120 1A60     		str	r2, [r3]
 290:Generated_Source\PSoC4/cyfitter_cfg.c **** 	CY_SET_REG32((void *)(CYREG_GPIO_PRT2_PC), 0x00180000u);
 260              		.loc 1 290 0
 261 0122 C022     		movs	r2, #192
 262 0124 5203     		lsls	r2, r2, #13
 263 0126 104B     		ldr	r3, .L8+44
 264 0128 1A60     		str	r2, [r3]
 291:Generated_Source\PSoC4/cyfitter_cfg.c **** 
 292:Generated_Source\PSoC4/cyfitter_cfg.c **** 	/* IOPINS0_3 Starting address: CYDEV_GPIO_PRT3_BASE */
 293:Generated_Source\PSoC4/cyfitter_cfg.c **** 	CY_SET_REG32((void *)(CYREG_GPIO_PRT3_PC), 0x00000D80u);
 265              		.loc 1 293 0
 266 012a D822     		movs	r2, #216
 267 012c 1201     		lsls	r2, r2, #4
 268 012e 0F4B     		ldr	r3, .L8+48
 269 0130 1A60     		str	r2, [r3]
 294:Generated_Source\PSoC4/cyfitter_cfg.c **** 
 295:Generated_Source\PSoC4/cyfitter_cfg.c **** 
 296:Generated_Source\PSoC4/cyfitter_cfg.c **** 	/* Setup clocks based on selections from Clock DWR */
 297:Generated_Source\PSoC4/cyfitter_cfg.c **** 	ClockSetup();
 270              		.loc 1 297 0
 271 0132 FFF765FF 		bl	ClockSetup
 272              	.LVL4:
 298:Generated_Source\PSoC4/cyfitter_cfg.c **** 
 299:Generated_Source\PSoC4/cyfitter_cfg.c **** 	/* Perform basic analog initialization to defaults */
 300:Generated_Source\PSoC4/cyfitter_cfg.c **** 	AnalogSetDefault();
 273              		.loc 1 300 0
 274 0136 FFF7FEFF 		bl	AnalogSetDefault
 275              	.LVL5:
 301:Generated_Source\PSoC4/cyfitter_cfg.c **** 
 302:Generated_Source\PSoC4/cyfitter_cfg.c **** }
 276              		.loc 1 302 0
 277              		@ sp needed
 278 013a 10BD     		pop	{r4, pc}
 279              	.L9:
 280              		.align	2
 281              	.L8:
 282 013c 00000240 		.word	1073872896
 283 0140 00010240 		.word	1073873152
 284 0144 00020240 		.word	1073873408
 285 0148 00030240 		.word	1073873664
 286 014c 00000440 		.word	1074003968
 287 0150 B41D0300 		.word	204212
 288 0154 08000440 		.word	1074003976
 289 0158 18000440 		.word	1074003992
 290 015c 00010440 		.word	1074004224
 291 0160 08010440 		.word	1074004232
 292 0164 00020440 		.word	1074004480
 293 0168 08020440 		.word	1074004488
 294 016c 08030440 		.word	1074004744
 295              		.cfi_endproc
 296              	.LFE6:
 297              		.size	cyfitter_cfg, .-cyfitter_cfg
 298              		.text
 299              	.Letext0:
 300              		.file 2 "Generated_Source\\PSoC4\\cytypes.h"
ARM GAS  C:\Users\12548\AppData\Local\Temp\cc7dxOac.s 			page 12


 301              		.file 3 "Generated_Source\\PSoC4\\CyLib.h"
 302              		.file 4 "Generated_Source\\PSoC4\\CyLFClk.h"
 303              		.section	.debug_info,"",%progbits
 304              	.Ldebug_info0:
 305 0000 6D010000 		.4byte	0x16d
 306 0004 0400     		.2byte	0x4
 307 0006 00000000 		.4byte	.Ldebug_abbrev0
 308 000a 04       		.byte	0x4
 309 000b 01       		.uleb128 0x1
 310 000c 93010000 		.4byte	.LASF20
 311 0010 0C       		.byte	0xc
 312 0011 15000000 		.4byte	.LASF21
 313 0015 FE000000 		.4byte	.LASF22
 314 0019 00000000 		.4byte	.Ldebug_ranges0+0
 315 001d 00000000 		.4byte	0
 316 0021 00000000 		.4byte	.Ldebug_line0
 317 0025 02       		.uleb128 0x2
 318 0026 04       		.byte	0x4
 319 0027 05       		.byte	0x5
 320 0028 696E7400 		.ascii	"int\000"
 321 002c 03       		.uleb128 0x3
 322 002d 04       		.byte	0x4
 323 002e 07       		.byte	0x7
 324 002f 3B000000 		.4byte	.LASF0
 325 0033 03       		.uleb128 0x3
 326 0034 08       		.byte	0x8
 327 0035 05       		.byte	0x5
 328 0036 00000000 		.4byte	.LASF1
 329 003a 03       		.uleb128 0x3
 330 003b 08       		.byte	0x8
 331 003c 04       		.byte	0x4
 332 003d 7D010000 		.4byte	.LASF2
 333 0041 03       		.uleb128 0x3
 334 0042 01       		.byte	0x1
 335 0043 06       		.byte	0x6
 336 0044 65010000 		.4byte	.LASF3
 337 0048 03       		.uleb128 0x3
 338 0049 01       		.byte	0x1
 339 004a 08       		.byte	0x8
 340 004b 48000000 		.4byte	.LASF4
 341 004f 03       		.uleb128 0x3
 342 0050 02       		.byte	0x2
 343 0051 05       		.byte	0x5
 344 0052 89010000 		.4byte	.LASF5
 345 0056 03       		.uleb128 0x3
 346 0057 02       		.byte	0x2
 347 0058 07       		.byte	0x7
 348 0059 52010000 		.4byte	.LASF6
 349 005d 03       		.uleb128 0x3
 350 005e 04       		.byte	0x4
 351 005f 05       		.byte	0x5
 352 0060 BB000000 		.4byte	.LASF7
 353 0064 03       		.uleb128 0x3
 354 0065 04       		.byte	0x4
 355 0066 07       		.byte	0x7
 356 0067 6B000000 		.4byte	.LASF8
 357 006b 03       		.uleb128 0x3
ARM GAS  C:\Users\12548\AppData\Local\Temp\cc7dxOac.s 			page 13


 358 006c 08       		.byte	0x8
 359 006d 07       		.byte	0x7
 360 006e 8A000000 		.4byte	.LASF9
 361 0072 03       		.uleb128 0x3
 362 0073 04       		.byte	0x4
 363 0074 07       		.byte	0x7
 364 0075 25020000 		.4byte	.LASF10
 365 0079 03       		.uleb128 0x3
 366 007a 01       		.byte	0x1
 367 007b 08       		.byte	0x8
 368 007c B6000000 		.4byte	.LASF11
 369 0080 04       		.uleb128 0x4
 370 0081 0E000000 		.4byte	.LASF14
 371 0085 02       		.byte	0x2
 372 0086 FD01     		.2byte	0x1fd
 373 0088 64000000 		.4byte	0x64
 374 008c 03       		.uleb128 0x3
 375 008d 04       		.byte	0x4
 376 008e 04       		.byte	0x4
 377 008f A1000000 		.4byte	.LASF12
 378 0093 03       		.uleb128 0x3
 379 0094 08       		.byte	0x8
 380 0095 04       		.byte	0x4
 381 0096 F7000000 		.4byte	.LASF13
 382 009a 04       		.uleb128 0x4
 383 009b 4C010000 		.4byte	.LASF15
 384 009f 02       		.byte	0x2
 385 00a0 A702     		.2byte	0x2a7
 386 00a2 A6000000 		.4byte	0xa6
 387 00a6 05       		.uleb128 0x5
 388 00a7 80000000 		.4byte	0x80
 389 00ab 06       		.uleb128 0x6
 390 00ac C4000000 		.4byte	.LASF23
 391 00b0 01       		.byte	0x1
 392 00b1 EC       		.byte	0xec
 393 00b2 00000000 		.4byte	.LFB5
 394 00b6 28000000 		.4byte	.LFE5-.LFB5
 395 00ba 01       		.uleb128 0x1
 396 00bb 9C       		.byte	0x9c
 397 00bc 07       		.uleb128 0x7
 398 00bd D5000000 		.4byte	.LASF24
 399 00c1 01       		.byte	0x1
 400 00c2 AA       		.byte	0xaa
 401 00c3 00000000 		.4byte	.LFB4
 402 00c7 DC000000 		.4byte	.LFE4-.LFB4
 403 00cb 01       		.uleb128 0x1
 404 00cc 9C       		.byte	0x9c
 405 00cd 1B010000 		.4byte	0x11b
 406 00d1 08       		.uleb128 0x8
 407 00d2 0E000000 		.4byte	.LVL0
 408 00d6 44010000 		.4byte	0x144
 409 00da E4000000 		.4byte	0xe4
 410 00de 09       		.uleb128 0x9
 411 00df 01       		.uleb128 0x1
 412 00e0 50       		.byte	0x50
 413 00e1 01       		.uleb128 0x1
 414 00e2 48       		.byte	0x48
ARM GAS  C:\Users\12548\AppData\Local\Temp\cc7dxOac.s 			page 14


 415 00e3 00       		.byte	0
 416 00e4 08       		.uleb128 0x8
 417 00e5 74000000 		.4byte	.LVL1
 418 00e9 4F010000 		.4byte	0x14f
 419 00ed F7000000 		.4byte	0xf7
 420 00f1 09       		.uleb128 0x9
 421 00f2 01       		.uleb128 0x1
 422 00f3 50       		.byte	0x50
 423 00f4 01       		.uleb128 0x1
 424 00f5 3E       		.byte	0x3e
 425 00f6 00       		.byte	0
 426 00f7 08       		.uleb128 0x8
 427 00f8 7A000000 		.4byte	.LVL2
 428 00fc 5A010000 		.4byte	0x15a
 429 0100 0A010000 		.4byte	0x10a
 430 0104 09       		.uleb128 0x9
 431 0105 01       		.uleb128 0x1
 432 0106 50       		.byte	0x50
 433 0107 01       		.uleb128 0x1
 434 0108 3E       		.byte	0x3e
 435 0109 00       		.byte	0
 436 010a 0A       		.uleb128 0xa
 437 010b 84000000 		.4byte	.LVL3
 438 010f 65010000 		.4byte	0x165
 439 0113 09       		.uleb128 0x9
 440 0114 01       		.uleb128 0x1
 441 0115 50       		.byte	0x50
 442 0116 02       		.uleb128 0x2
 443 0117 75       		.byte	0x75
 444 0118 00       		.sleb128 0
 445 0119 00       		.byte	0
 446 011a 00       		.byte	0
 447 011b 0B       		.uleb128 0xb
 448 011c 7D000000 		.4byte	.LASF25
 449 0120 01       		.byte	0x1
 450 0121 0801     		.2byte	0x108
 451 0123 DC000000 		.4byte	.LFB6
 452 0127 94000000 		.4byte	.LFE6-.LFB6
 453 012b 01       		.uleb128 0x1
 454 012c 9C       		.byte	0x9c
 455 012d 44010000 		.4byte	0x144
 456 0131 0C       		.uleb128 0xc
 457 0132 36010000 		.4byte	.LVL4
 458 0136 BC000000 		.4byte	0xbc
 459 013a 0C       		.uleb128 0xc
 460 013b 3A010000 		.4byte	.LVL5
 461 013f AB000000 		.4byte	0xab
 462 0143 00       		.byte	0
 463 0144 0D       		.uleb128 0xd
 464 0145 56000000 		.4byte	.LASF16
 465 0149 56000000 		.4byte	.LASF16
 466 014d 03       		.byte	0x3
 467 014e 6C       		.byte	0x6c
 468 014f 0D       		.uleb128 0xd
 469 0150 A7000000 		.4byte	.LASF17
 470 0154 A7000000 		.4byte	.LASF17
 471 0158 03       		.byte	0x3
ARM GAS  C:\Users\12548\AppData\Local\Temp\cc7dxOac.s 			page 15


 472 0159 D0       		.byte	0xd0
 473 015a 0D       		.uleb128 0xd
 474 015b 71010000 		.4byte	.LASF18
 475 015f 71010000 		.4byte	.LASF18
 476 0163 03       		.byte	0x3
 477 0164 D6       		.byte	0xd6
 478 0165 0D       		.uleb128 0xd
 479 0166 E0000000 		.4byte	.LASF19
 480 016a E0000000 		.4byte	.LASF19
 481 016e 04       		.byte	0x4
 482 016f 9F       		.byte	0x9f
 483 0170 00       		.byte	0
 484              		.section	.debug_abbrev,"",%progbits
 485              	.Ldebug_abbrev0:
 486 0000 01       		.uleb128 0x1
 487 0001 11       		.uleb128 0x11
 488 0002 01       		.byte	0x1
 489 0003 25       		.uleb128 0x25
 490 0004 0E       		.uleb128 0xe
 491 0005 13       		.uleb128 0x13
 492 0006 0B       		.uleb128 0xb
 493 0007 03       		.uleb128 0x3
 494 0008 0E       		.uleb128 0xe
 495 0009 1B       		.uleb128 0x1b
 496 000a 0E       		.uleb128 0xe
 497 000b 55       		.uleb128 0x55
 498 000c 17       		.uleb128 0x17
 499 000d 11       		.uleb128 0x11
 500 000e 01       		.uleb128 0x1
 501 000f 10       		.uleb128 0x10
 502 0010 17       		.uleb128 0x17
 503 0011 00       		.byte	0
 504 0012 00       		.byte	0
 505 0013 02       		.uleb128 0x2
 506 0014 24       		.uleb128 0x24
 507 0015 00       		.byte	0
 508 0016 0B       		.uleb128 0xb
 509 0017 0B       		.uleb128 0xb
 510 0018 3E       		.uleb128 0x3e
 511 0019 0B       		.uleb128 0xb
 512 001a 03       		.uleb128 0x3
 513 001b 08       		.uleb128 0x8
 514 001c 00       		.byte	0
 515 001d 00       		.byte	0
 516 001e 03       		.uleb128 0x3
 517 001f 24       		.uleb128 0x24
 518 0020 00       		.byte	0
 519 0021 0B       		.uleb128 0xb
 520 0022 0B       		.uleb128 0xb
 521 0023 3E       		.uleb128 0x3e
 522 0024 0B       		.uleb128 0xb
 523 0025 03       		.uleb128 0x3
 524 0026 0E       		.uleb128 0xe
 525 0027 00       		.byte	0
 526 0028 00       		.byte	0
 527 0029 04       		.uleb128 0x4
 528 002a 16       		.uleb128 0x16
ARM GAS  C:\Users\12548\AppData\Local\Temp\cc7dxOac.s 			page 16


 529 002b 00       		.byte	0
 530 002c 03       		.uleb128 0x3
 531 002d 0E       		.uleb128 0xe
 532 002e 3A       		.uleb128 0x3a
 533 002f 0B       		.uleb128 0xb
 534 0030 3B       		.uleb128 0x3b
 535 0031 05       		.uleb128 0x5
 536 0032 49       		.uleb128 0x49
 537 0033 13       		.uleb128 0x13
 538 0034 00       		.byte	0
 539 0035 00       		.byte	0
 540 0036 05       		.uleb128 0x5
 541 0037 35       		.uleb128 0x35
 542 0038 00       		.byte	0
 543 0039 49       		.uleb128 0x49
 544 003a 13       		.uleb128 0x13
 545 003b 00       		.byte	0
 546 003c 00       		.byte	0
 547 003d 06       		.uleb128 0x6
 548 003e 2E       		.uleb128 0x2e
 549 003f 00       		.byte	0
 550 0040 03       		.uleb128 0x3
 551 0041 0E       		.uleb128 0xe
 552 0042 3A       		.uleb128 0x3a
 553 0043 0B       		.uleb128 0xb
 554 0044 3B       		.uleb128 0x3b
 555 0045 0B       		.uleb128 0xb
 556 0046 27       		.uleb128 0x27
 557 0047 19       		.uleb128 0x19
 558 0048 11       		.uleb128 0x11
 559 0049 01       		.uleb128 0x1
 560 004a 12       		.uleb128 0x12
 561 004b 06       		.uleb128 0x6
 562 004c 40       		.uleb128 0x40
 563 004d 18       		.uleb128 0x18
 564 004e 9742     		.uleb128 0x2117
 565 0050 19       		.uleb128 0x19
 566 0051 00       		.byte	0
 567 0052 00       		.byte	0
 568 0053 07       		.uleb128 0x7
 569 0054 2E       		.uleb128 0x2e
 570 0055 01       		.byte	0x1
 571 0056 03       		.uleb128 0x3
 572 0057 0E       		.uleb128 0xe
 573 0058 3A       		.uleb128 0x3a
 574 0059 0B       		.uleb128 0xb
 575 005a 3B       		.uleb128 0x3b
 576 005b 0B       		.uleb128 0xb
 577 005c 27       		.uleb128 0x27
 578 005d 19       		.uleb128 0x19
 579 005e 11       		.uleb128 0x11
 580 005f 01       		.uleb128 0x1
 581 0060 12       		.uleb128 0x12
 582 0061 06       		.uleb128 0x6
 583 0062 40       		.uleb128 0x40
 584 0063 18       		.uleb128 0x18
 585 0064 9742     		.uleb128 0x2117
ARM GAS  C:\Users\12548\AppData\Local\Temp\cc7dxOac.s 			page 17


 586 0066 19       		.uleb128 0x19
 587 0067 01       		.uleb128 0x1
 588 0068 13       		.uleb128 0x13
 589 0069 00       		.byte	0
 590 006a 00       		.byte	0
 591 006b 08       		.uleb128 0x8
 592 006c 898201   		.uleb128 0x4109
 593 006f 01       		.byte	0x1
 594 0070 11       		.uleb128 0x11
 595 0071 01       		.uleb128 0x1
 596 0072 31       		.uleb128 0x31
 597 0073 13       		.uleb128 0x13
 598 0074 01       		.uleb128 0x1
 599 0075 13       		.uleb128 0x13
 600 0076 00       		.byte	0
 601 0077 00       		.byte	0
 602 0078 09       		.uleb128 0x9
 603 0079 8A8201   		.uleb128 0x410a
 604 007c 00       		.byte	0
 605 007d 02       		.uleb128 0x2
 606 007e 18       		.uleb128 0x18
 607 007f 9142     		.uleb128 0x2111
 608 0081 18       		.uleb128 0x18
 609 0082 00       		.byte	0
 610 0083 00       		.byte	0
 611 0084 0A       		.uleb128 0xa
 612 0085 898201   		.uleb128 0x4109
 613 0088 01       		.byte	0x1
 614 0089 11       		.uleb128 0x11
 615 008a 01       		.uleb128 0x1
 616 008b 31       		.uleb128 0x31
 617 008c 13       		.uleb128 0x13
 618 008d 00       		.byte	0
 619 008e 00       		.byte	0
 620 008f 0B       		.uleb128 0xb
 621 0090 2E       		.uleb128 0x2e
 622 0091 01       		.byte	0x1
 623 0092 3F       		.uleb128 0x3f
 624 0093 19       		.uleb128 0x19
 625 0094 03       		.uleb128 0x3
 626 0095 0E       		.uleb128 0xe
 627 0096 3A       		.uleb128 0x3a
 628 0097 0B       		.uleb128 0xb
 629 0098 3B       		.uleb128 0x3b
 630 0099 05       		.uleb128 0x5
 631 009a 27       		.uleb128 0x27
 632 009b 19       		.uleb128 0x19
 633 009c 11       		.uleb128 0x11
 634 009d 01       		.uleb128 0x1
 635 009e 12       		.uleb128 0x12
 636 009f 06       		.uleb128 0x6
 637 00a0 40       		.uleb128 0x40
 638 00a1 18       		.uleb128 0x18
 639 00a2 9742     		.uleb128 0x2117
 640 00a4 19       		.uleb128 0x19
 641 00a5 01       		.uleb128 0x1
 642 00a6 13       		.uleb128 0x13
ARM GAS  C:\Users\12548\AppData\Local\Temp\cc7dxOac.s 			page 18


 643 00a7 00       		.byte	0
 644 00a8 00       		.byte	0
 645 00a9 0C       		.uleb128 0xc
 646 00aa 898201   		.uleb128 0x4109
 647 00ad 00       		.byte	0
 648 00ae 11       		.uleb128 0x11
 649 00af 01       		.uleb128 0x1
 650 00b0 31       		.uleb128 0x31
 651 00b1 13       		.uleb128 0x13
 652 00b2 00       		.byte	0
 653 00b3 00       		.byte	0
 654 00b4 0D       		.uleb128 0xd
 655 00b5 2E       		.uleb128 0x2e
 656 00b6 00       		.byte	0
 657 00b7 3F       		.uleb128 0x3f
 658 00b8 19       		.uleb128 0x19
 659 00b9 3C       		.uleb128 0x3c
 660 00ba 19       		.uleb128 0x19
 661 00bb 6E       		.uleb128 0x6e
 662 00bc 0E       		.uleb128 0xe
 663 00bd 03       		.uleb128 0x3
 664 00be 0E       		.uleb128 0xe
 665 00bf 3A       		.uleb128 0x3a
 666 00c0 0B       		.uleb128 0xb
 667 00c1 3B       		.uleb128 0x3b
 668 00c2 0B       		.uleb128 0xb
 669 00c3 00       		.byte	0
 670 00c4 00       		.byte	0
 671 00c5 00       		.byte	0
 672              		.section	.debug_aranges,"",%progbits
 673 0000 2C000000 		.4byte	0x2c
 674 0004 0200     		.2byte	0x2
 675 0006 00000000 		.4byte	.Ldebug_info0
 676 000a 04       		.byte	0x4
 677 000b 00       		.byte	0
 678 000c 0000     		.2byte	0
 679 000e 0000     		.2byte	0
 680 0010 00000000 		.4byte	.LFB5
 681 0014 28000000 		.4byte	.LFE5-.LFB5
 682 0018 00000000 		.4byte	.LFB4
 683 001c DC000000 		.4byte	.LFE4-.LFB4
 684 0020 DC000000 		.4byte	.LFB6
 685 0024 94000000 		.4byte	.LFE6-.LFB6
 686 0028 00000000 		.4byte	0
 687 002c 00000000 		.4byte	0
 688              		.section	.debug_ranges,"",%progbits
 689              	.Ldebug_ranges0:
 690 0000 00000000 		.4byte	.LFB5
 691 0004 28000000 		.4byte	.LFE5
 692 0008 00000000 		.4byte	.LFB4
 693 000c DC000000 		.4byte	.LFE4
 694 0010 DC000000 		.4byte	.LFB6
 695 0014 70010000 		.4byte	.LFE6
 696 0018 00000000 		.4byte	0
 697 001c 00000000 		.4byte	0
 698              		.section	.debug_line,"",%progbits
 699              	.Ldebug_line0:
ARM GAS  C:\Users\12548\AppData\Local\Temp\cc7dxOac.s 			page 19


 700 0000 B9000000 		.section	.debug_str,"MS",%progbits,1
 700      02006100 
 700      00000201 
 700      FB0E0D00 
 700      01010101 
 701              	.LASF1:
 702 0000 6C6F6E67 		.ascii	"long long int\000"
 702      206C6F6E 
 702      6720696E 
 702      7400
 703              	.LASF14:
 704 000e 75696E74 		.ascii	"uint32\000"
 704      333200
 705              	.LASF21:
 706 0015 47656E65 		.ascii	"Generated_Source\\PSoC4\\cyfitter_cfg.c\000"
 706      72617465 
 706      645F536F 
 706      75726365 
 706      5C50536F 
 707              	.LASF0:
 708 003b 756E7369 		.ascii	"unsigned int\000"
 708      676E6564 
 708      20696E74 
 708      00
 709              	.LASF4:
 710 0048 756E7369 		.ascii	"unsigned char\000"
 710      676E6564 
 710      20636861 
 710      7200
 711              	.LASF16:
 712 0056 43795379 		.ascii	"CySysClkWriteImoFreq\000"
 712      73436C6B 
 712      57726974 
 712      65496D6F 
 712      46726571 
 713              	.LASF8:
 714 006b 6C6F6E67 		.ascii	"long unsigned int\000"
 714      20756E73 
 714      69676E65 
 714      6420696E 
 714      7400
 715              	.LASF25:
 716 007d 63796669 		.ascii	"cyfitter_cfg\000"
 716      74746572 
 716      5F636667 
 716      00
 717              	.LASF9:
 718 008a 6C6F6E67 		.ascii	"long long unsigned int\000"
 718      206C6F6E 
 718      6720756E 
 718      7369676E 
 718      65642069 
 719              	.LASF12:
 720 00a1 666C6F61 		.ascii	"float\000"
 720      7400
 721              	.LASF17:
 722 00a7 4379496E 		.ascii	"CyIntSetVector\000"
ARM GAS  C:\Users\12548\AppData\Local\Temp\cc7dxOac.s 			page 20


 722      74536574 
 722      56656374 
 722      6F7200
 723              	.LASF11:
 724 00b6 63686172 		.ascii	"char\000"
 724      00
 725              	.LASF7:
 726 00bb 6C6F6E67 		.ascii	"long int\000"
 726      20696E74 
 726      00
 727              	.LASF23:
 728 00c4 416E616C 		.ascii	"AnalogSetDefault\000"
 728      6F675365 
 728      74446566 
 728      61756C74 
 728      00
 729              	.LASF24:
 730 00d5 436C6F63 		.ascii	"ClockSetup\000"
 730      6B536574 
 730      757000
 731              	.LASF19:
 732 00e0 43795379 		.ascii	"CySysClkSetTimerSource\000"
 732      73436C6B 
 732      53657454 
 732      696D6572 
 732      536F7572 
 733              	.LASF13:
 734 00f7 646F7562 		.ascii	"double\000"
 734      6C6500
 735              	.LASF22:
 736 00fe 433A5C55 		.ascii	"C:\\Users\\12548\\Studies_Works\\IP\\CDCEndEdition\\"
 736      73657273 
 736      5C313235 
 736      34385C53 
 736      74756469 
 737 012c 576F726B 		.ascii	"Workspace01\\CDCEndEdition.cydsn\000"
 737      73706163 
 737      6530315C 
 737      43444345 
 737      6E644564 
 738              	.LASF15:
 739 014c 72656733 		.ascii	"reg32\000"
 739      3200
 740              	.LASF6:
 741 0152 73686F72 		.ascii	"short unsigned int\000"
 741      7420756E 
 741      7369676E 
 741      65642069 
 741      6E7400
 742              	.LASF3:
 743 0165 7369676E 		.ascii	"signed char\000"
 743      65642063 
 743      68617200 
 744              	.LASF18:
 745 0171 4379496E 		.ascii	"CyIntEnable\000"
 745      74456E61 
 745      626C6500 
ARM GAS  C:\Users\12548\AppData\Local\Temp\cc7dxOac.s 			page 21


 746              	.LASF2:
 747 017d 6C6F6E67 		.ascii	"long double\000"
 747      20646F75 
 747      626C6500 
 748              	.LASF5:
 749 0189 73686F72 		.ascii	"short int\000"
 749      7420696E 
 749      7400
 750              	.LASF20:
 751 0193 474E5520 		.ascii	"GNU C11 5.4.1 20160609 (release) [ARM/embedded-5-br"
 751      43313120 
 751      352E342E 
 751      31203230 
 751      31363036 
 752 01c6 616E6368 		.ascii	"anch revision 237715] -mcpu=cortex-m0plus -mthumb -"
 752      20726576 
 752      6973696F 
 752      6E203233 
 752      37373135 
 753 01f9 67202D4F 		.ascii	"g -Og -ffunction-sections -ffat-lto-objects\000"
 753      67202D66 
 753      66756E63 
 753      74696F6E 
 753      2D736563 
 754              	.LASF10:
 755 0225 73697A65 		.ascii	"sizetype\000"
 755      74797065 
 755      00
 756              		.ident	"GCC: (GNU Tools for ARM Embedded Processors) 5.4.1 20160609 (release) [ARM/embedded-5-bran
