ARM GAS  C:\Users\12548\AppData\Local\Temp\ccaqiq4e.s 			page 1


   1              		.syntax unified
   2              		.cpu cortex-m0plus
   3              		.fpu softvfp
   4              		.eabi_attribute 20, 1
   5              		.eabi_attribute 21, 1
   6              		.eabi_attribute 23, 3
   7              		.eabi_attribute 24, 1
   8              		.eabi_attribute 25, 1
   9              		.eabi_attribute 26, 1
  10              		.eabi_attribute 30, 1
  11              		.eabi_attribute 34, 0
  12              		.eabi_attribute 18, 4
  13              		.thumb
  14              		.syntax unified
  15              		.file	"cyfitter_cfg.c"
  16              		.text
  17              	.Ltext0:
  18              		.cfi_sections	.debug_frame
  19              		.section	.text.AnalogSetDefault,"ax",%progbits
  20              		.align	2
  21              		.code	16
  22              		.thumb_func
  23              		.type	AnalogSetDefault, %function
  24              	AnalogSetDefault:
  25              	.LFB5:
  26              		.file 1 "Generated_Source\\PSoC4\\cyfitter_cfg.c"
   1:Generated_Source\PSoC4/cyfitter_cfg.c **** 
   2:Generated_Source\PSoC4/cyfitter_cfg.c **** /*******************************************************************************
   3:Generated_Source\PSoC4/cyfitter_cfg.c **** * File Name: cyfitter_cfg.c
   4:Generated_Source\PSoC4/cyfitter_cfg.c **** * 
   5:Generated_Source\PSoC4/cyfitter_cfg.c **** * PSoC Creator  4.4
   6:Generated_Source\PSoC4/cyfitter_cfg.c **** *
   7:Generated_Source\PSoC4/cyfitter_cfg.c **** * Description:
   8:Generated_Source\PSoC4/cyfitter_cfg.c **** * This file contains device initialization code.
   9:Generated_Source\PSoC4/cyfitter_cfg.c **** * Except for the user defined sections in CyClockStartupError(), this file should not be modified.
  10:Generated_Source\PSoC4/cyfitter_cfg.c **** * This file is automatically generated by PSoC Creator.
  11:Generated_Source\PSoC4/cyfitter_cfg.c **** *
  12:Generated_Source\PSoC4/cyfitter_cfg.c **** ********************************************************************************
  13:Generated_Source\PSoC4/cyfitter_cfg.c **** * Copyright (c) 2007-2020 Cypress Semiconductor.  All rights reserved.
  14:Generated_Source\PSoC4/cyfitter_cfg.c **** * You may use this file only in accordance with the license, terms, conditions, 
  15:Generated_Source\PSoC4/cyfitter_cfg.c **** * disclaimers, and limitations in the end user license agreement accompanying 
  16:Generated_Source\PSoC4/cyfitter_cfg.c **** * the software package with which this file was provided.
  17:Generated_Source\PSoC4/cyfitter_cfg.c **** ********************************************************************************/
  18:Generated_Source\PSoC4/cyfitter_cfg.c **** 
  19:Generated_Source\PSoC4/cyfitter_cfg.c **** #include <string.h>
  20:Generated_Source\PSoC4/cyfitter_cfg.c **** #include "cytypes.h"
  21:Generated_Source\PSoC4/cyfitter_cfg.c **** #include "cydevice_trm.h"
  22:Generated_Source\PSoC4/cyfitter_cfg.c **** #include "cyfitter.h"
  23:Generated_Source\PSoC4/cyfitter_cfg.c **** #include "CyLib.h"
  24:Generated_Source\PSoC4/cyfitter_cfg.c **** #include "CyLFClk.h"
  25:Generated_Source\PSoC4/cyfitter_cfg.c **** #include "cyfitter_cfg.h"
  26:Generated_Source\PSoC4/cyfitter_cfg.c **** #include "cyapicallbacks.h"
  27:Generated_Source\PSoC4/cyfitter_cfg.c **** 
  28:Generated_Source\PSoC4/cyfitter_cfg.c **** 
  29:Generated_Source\PSoC4/cyfitter_cfg.c **** #if defined(__GNUC__) || defined(__ARMCC_VERSION)
  30:Generated_Source\PSoC4/cyfitter_cfg.c ****     #define CYPACKED 
  31:Generated_Source\PSoC4/cyfitter_cfg.c ****     #define CYPACKED_ATTR __attribute__ ((packed))
ARM GAS  C:\Users\12548\AppData\Local\Temp\ccaqiq4e.s 			page 2


  32:Generated_Source\PSoC4/cyfitter_cfg.c ****     #define CYALIGNED __attribute__ ((aligned))
  33:Generated_Source\PSoC4/cyfitter_cfg.c ****     #define CY_CFG_UNUSED __attribute__ ((unused))
  34:Generated_Source\PSoC4/cyfitter_cfg.c ****     #ifndef CY_CFG_SECTION
  35:Generated_Source\PSoC4/cyfitter_cfg.c ****         #define CY_CFG_SECTION __attribute__ ((section(".psocinit")))
  36:Generated_Source\PSoC4/cyfitter_cfg.c ****     #endif
  37:Generated_Source\PSoC4/cyfitter_cfg.c ****     
  38:Generated_Source\PSoC4/cyfitter_cfg.c ****     #if defined(__ARMCC_VERSION)
  39:Generated_Source\PSoC4/cyfitter_cfg.c ****         #define CY_CFG_MEMORY_BARRIER() __memory_changed()
  40:Generated_Source\PSoC4/cyfitter_cfg.c ****     #else
  41:Generated_Source\PSoC4/cyfitter_cfg.c ****         #define CY_CFG_MEMORY_BARRIER() __sync_synchronize()
  42:Generated_Source\PSoC4/cyfitter_cfg.c ****     #endif
  43:Generated_Source\PSoC4/cyfitter_cfg.c ****     
  44:Generated_Source\PSoC4/cyfitter_cfg.c **** #elif defined(__ICCARM__)
  45:Generated_Source\PSoC4/cyfitter_cfg.c ****     #include <intrinsics.h>
  46:Generated_Source\PSoC4/cyfitter_cfg.c **** 
  47:Generated_Source\PSoC4/cyfitter_cfg.c ****     #define CYPACKED __packed
  48:Generated_Source\PSoC4/cyfitter_cfg.c ****     #define CYPACKED_ATTR 
  49:Generated_Source\PSoC4/cyfitter_cfg.c ****     #define CYALIGNED _Pragma("data_alignment=4")
  50:Generated_Source\PSoC4/cyfitter_cfg.c ****     #define CY_CFG_UNUSED _Pragma("diag_suppress=Pe177")
  51:Generated_Source\PSoC4/cyfitter_cfg.c ****     #define CY_CFG_SECTION _Pragma("location=\".psocinit\"")
  52:Generated_Source\PSoC4/cyfitter_cfg.c ****     
  53:Generated_Source\PSoC4/cyfitter_cfg.c ****     #define CY_CFG_MEMORY_BARRIER() __DMB()
  54:Generated_Source\PSoC4/cyfitter_cfg.c ****     
  55:Generated_Source\PSoC4/cyfitter_cfg.c **** #else
  56:Generated_Source\PSoC4/cyfitter_cfg.c ****     #error Unsupported toolchain
  57:Generated_Source\PSoC4/cyfitter_cfg.c **** #endif
  58:Generated_Source\PSoC4/cyfitter_cfg.c **** 
  59:Generated_Source\PSoC4/cyfitter_cfg.c **** #ifndef CYCODE
  60:Generated_Source\PSoC4/cyfitter_cfg.c ****     #define CYCODE
  61:Generated_Source\PSoC4/cyfitter_cfg.c **** #endif
  62:Generated_Source\PSoC4/cyfitter_cfg.c **** #ifndef CYDATA
  63:Generated_Source\PSoC4/cyfitter_cfg.c ****     #define CYDATA
  64:Generated_Source\PSoC4/cyfitter_cfg.c **** #endif
  65:Generated_Source\PSoC4/cyfitter_cfg.c **** #ifndef CYFAR
  66:Generated_Source\PSoC4/cyfitter_cfg.c ****     #define CYFAR
  67:Generated_Source\PSoC4/cyfitter_cfg.c **** #endif
  68:Generated_Source\PSoC4/cyfitter_cfg.c **** #ifndef CYXDATA
  69:Generated_Source\PSoC4/cyfitter_cfg.c ****     #define CYXDATA
  70:Generated_Source\PSoC4/cyfitter_cfg.c **** #endif
  71:Generated_Source\PSoC4/cyfitter_cfg.c **** 
  72:Generated_Source\PSoC4/cyfitter_cfg.c **** 
  73:Generated_Source\PSoC4/cyfitter_cfg.c **** CY_CFG_UNUSED
  74:Generated_Source\PSoC4/cyfitter_cfg.c **** static void CYMEMZERO(void *s, size_t n);
  75:Generated_Source\PSoC4/cyfitter_cfg.c **** CY_CFG_UNUSED
  76:Generated_Source\PSoC4/cyfitter_cfg.c **** static void CYMEMZERO(void *s, size_t n)
  77:Generated_Source\PSoC4/cyfitter_cfg.c **** {
  78:Generated_Source\PSoC4/cyfitter_cfg.c **** 	(void)memset(s, 0, n);
  79:Generated_Source\PSoC4/cyfitter_cfg.c **** }
  80:Generated_Source\PSoC4/cyfitter_cfg.c **** CY_CFG_UNUSED
  81:Generated_Source\PSoC4/cyfitter_cfg.c **** static void CYCONFIGCPY(void *dest, const void *src, size_t n);
  82:Generated_Source\PSoC4/cyfitter_cfg.c **** CY_CFG_UNUSED
  83:Generated_Source\PSoC4/cyfitter_cfg.c **** static void CYCONFIGCPY(void *dest, const void *src, size_t n)
  84:Generated_Source\PSoC4/cyfitter_cfg.c **** {
  85:Generated_Source\PSoC4/cyfitter_cfg.c **** 	(void)memcpy(dest, src, n);
  86:Generated_Source\PSoC4/cyfitter_cfg.c **** }
  87:Generated_Source\PSoC4/cyfitter_cfg.c **** CY_CFG_UNUSED
  88:Generated_Source\PSoC4/cyfitter_cfg.c **** static void CYCONFIGCPYCODE(void *dest, const void *src, size_t n);
ARM GAS  C:\Users\12548\AppData\Local\Temp\ccaqiq4e.s 			page 3


  89:Generated_Source\PSoC4/cyfitter_cfg.c **** CY_CFG_UNUSED
  90:Generated_Source\PSoC4/cyfitter_cfg.c **** static void CYCONFIGCPYCODE(void *dest, const void *src, size_t n)
  91:Generated_Source\PSoC4/cyfitter_cfg.c **** {
  92:Generated_Source\PSoC4/cyfitter_cfg.c **** 	(void)memcpy(dest, src, n);
  93:Generated_Source\PSoC4/cyfitter_cfg.c **** }
  94:Generated_Source\PSoC4/cyfitter_cfg.c **** 
  95:Generated_Source\PSoC4/cyfitter_cfg.c **** 
  96:Generated_Source\PSoC4/cyfitter_cfg.c **** 
  97:Generated_Source\PSoC4/cyfitter_cfg.c **** 
  98:Generated_Source\PSoC4/cyfitter_cfg.c **** /* Clock startup error codes                                                   */
  99:Generated_Source\PSoC4/cyfitter_cfg.c **** #define CYCLOCKSTART_NO_ERROR    0u
 100:Generated_Source\PSoC4/cyfitter_cfg.c **** #define CYCLOCKSTART_XTAL_ERROR  1u
 101:Generated_Source\PSoC4/cyfitter_cfg.c **** #define CYCLOCKSTART_32KHZ_ERROR 2u
 102:Generated_Source\PSoC4/cyfitter_cfg.c **** #define CYCLOCKSTART_PLL_ERROR   3u
 103:Generated_Source\PSoC4/cyfitter_cfg.c **** #define CYCLOCKSTART_FLL_ERROR   4u
 104:Generated_Source\PSoC4/cyfitter_cfg.c **** #define CYCLOCKSTART_WCO_ERROR   5u
 105:Generated_Source\PSoC4/cyfitter_cfg.c **** 
 106:Generated_Source\PSoC4/cyfitter_cfg.c **** 
 107:Generated_Source\PSoC4/cyfitter_cfg.c **** #ifdef CY_NEED_CYCLOCKSTARTUPERROR
 108:Generated_Source\PSoC4/cyfitter_cfg.c **** /*******************************************************************************
 109:Generated_Source\PSoC4/cyfitter_cfg.c **** * Function Name: CyClockStartupError
 110:Generated_Source\PSoC4/cyfitter_cfg.c **** ********************************************************************************
 111:Generated_Source\PSoC4/cyfitter_cfg.c **** * Summary:
 112:Generated_Source\PSoC4/cyfitter_cfg.c **** *  If an error is encountered during clock configuration (crystal startup error,
 113:Generated_Source\PSoC4/cyfitter_cfg.c **** *  PLL lock error, etc.), the system will end up here.  Unless reimplemented by
 114:Generated_Source\PSoC4/cyfitter_cfg.c **** *  the customer, this function will stop in an infinite loop.
 115:Generated_Source\PSoC4/cyfitter_cfg.c **** *
 116:Generated_Source\PSoC4/cyfitter_cfg.c **** * Parameters:
 117:Generated_Source\PSoC4/cyfitter_cfg.c **** *   void
 118:Generated_Source\PSoC4/cyfitter_cfg.c **** *
 119:Generated_Source\PSoC4/cyfitter_cfg.c **** * Return:
 120:Generated_Source\PSoC4/cyfitter_cfg.c **** *   void
 121:Generated_Source\PSoC4/cyfitter_cfg.c **** *
 122:Generated_Source\PSoC4/cyfitter_cfg.c **** *******************************************************************************/
 123:Generated_Source\PSoC4/cyfitter_cfg.c **** CY_CFG_UNUSED
 124:Generated_Source\PSoC4/cyfitter_cfg.c **** static void CyClockStartupError(uint8 errorCode);
 125:Generated_Source\PSoC4/cyfitter_cfg.c **** CY_CFG_UNUSED
 126:Generated_Source\PSoC4/cyfitter_cfg.c **** static void CyClockStartupError(uint8 errorCode)
 127:Generated_Source\PSoC4/cyfitter_cfg.c **** {
 128:Generated_Source\PSoC4/cyfitter_cfg.c ****     /* To remove the compiler warning if errorCode not used.                */
 129:Generated_Source\PSoC4/cyfitter_cfg.c ****     errorCode = errorCode;
 130:Generated_Source\PSoC4/cyfitter_cfg.c **** 
 131:Generated_Source\PSoC4/cyfitter_cfg.c ****     /* If we have a clock startup error (bad MHz crystal, PLL lock, etc.),  */
 132:Generated_Source\PSoC4/cyfitter_cfg.c ****     /* we will end up here to allow the customer to implement something to  */
 133:Generated_Source\PSoC4/cyfitter_cfg.c ****     /* deal with the clock condition.                                       */
 134:Generated_Source\PSoC4/cyfitter_cfg.c **** 
 135:Generated_Source\PSoC4/cyfitter_cfg.c **** #ifdef CY_CFG_CLOCK_STARTUP_ERROR_CALLBACK
 136:Generated_Source\PSoC4/cyfitter_cfg.c ****     CY_CFG_Clock_Startup_ErrorCallback();
 137:Generated_Source\PSoC4/cyfitter_cfg.c **** #else
 138:Generated_Source\PSoC4/cyfitter_cfg.c ****     /*  If not using CY_CFG_CLOCK_STARTUP_ERROR_CALLBACK, place your clock startup code here. */
 139:Generated_Source\PSoC4/cyfitter_cfg.c ****     /* `#START CyClockStartupError` */
 140:Generated_Source\PSoC4/cyfitter_cfg.c **** 
 141:Generated_Source\PSoC4/cyfitter_cfg.c **** 
 142:Generated_Source\PSoC4/cyfitter_cfg.c **** 
 143:Generated_Source\PSoC4/cyfitter_cfg.c ****     /* `#END` */
 144:Generated_Source\PSoC4/cyfitter_cfg.c **** 
 145:Generated_Source\PSoC4/cyfitter_cfg.c ****     while(1) {}
ARM GAS  C:\Users\12548\AppData\Local\Temp\ccaqiq4e.s 			page 4


 146:Generated_Source\PSoC4/cyfitter_cfg.c **** #endif /* CY_CFG_CLOCK_STARTUP_ERROR_CALLBACK */
 147:Generated_Source\PSoC4/cyfitter_cfg.c **** }
 148:Generated_Source\PSoC4/cyfitter_cfg.c **** #endif
 149:Generated_Source\PSoC4/cyfitter_cfg.c **** 
 150:Generated_Source\PSoC4/cyfitter_cfg.c **** 
 151:Generated_Source\PSoC4/cyfitter_cfg.c **** 
 152:Generated_Source\PSoC4/cyfitter_cfg.c **** /*******************************************************************************
 153:Generated_Source\PSoC4/cyfitter_cfg.c **** * Function Name: ClockSetup
 154:Generated_Source\PSoC4/cyfitter_cfg.c **** ********************************************************************************
 155:Generated_Source\PSoC4/cyfitter_cfg.c **** *
 156:Generated_Source\PSoC4/cyfitter_cfg.c **** * Summary:
 157:Generated_Source\PSoC4/cyfitter_cfg.c **** *   Performs the initialization of all of the clocks in the device based on the
 158:Generated_Source\PSoC4/cyfitter_cfg.c **** *   settings in the Clock tab of the DWR.  This includes enabling the requested
 159:Generated_Source\PSoC4/cyfitter_cfg.c **** *   clocks and setting the necessary dividers to produce the desired frequency. 
 160:Generated_Source\PSoC4/cyfitter_cfg.c **** *
 161:Generated_Source\PSoC4/cyfitter_cfg.c **** * Parameters:
 162:Generated_Source\PSoC4/cyfitter_cfg.c **** *   void
 163:Generated_Source\PSoC4/cyfitter_cfg.c **** *
 164:Generated_Source\PSoC4/cyfitter_cfg.c **** * Return:
 165:Generated_Source\PSoC4/cyfitter_cfg.c **** *   void
 166:Generated_Source\PSoC4/cyfitter_cfg.c **** *
 167:Generated_Source\PSoC4/cyfitter_cfg.c **** *******************************************************************************/
 168:Generated_Source\PSoC4/cyfitter_cfg.c **** static void ClockSetup(void);
 169:Generated_Source\PSoC4/cyfitter_cfg.c **** CY_CFG_SECTION
 170:Generated_Source\PSoC4/cyfitter_cfg.c **** static void ClockSetup(void)
 171:Generated_Source\PSoC4/cyfitter_cfg.c **** {
 172:Generated_Source\PSoC4/cyfitter_cfg.c **** 
 173:Generated_Source\PSoC4/cyfitter_cfg.c **** 	/* Set Flash Cycles based on max possible frequency in case a glitch occurs during ClockSetup(). *
 174:Generated_Source\PSoC4/cyfitter_cfg.c **** 	CY_SET_REG32((void CYXDATA *)(CYREG_CPUSS_FLASH_CTL), (0x0012u));
 175:Generated_Source\PSoC4/cyfitter_cfg.c **** 	/* Update IMO to new clock speed. */
 176:Generated_Source\PSoC4/cyfitter_cfg.c **** 	CySysClkWriteImoFreq(24u);
 177:Generated_Source\PSoC4/cyfitter_cfg.c **** 
 178:Generated_Source\PSoC4/cyfitter_cfg.c **** 	/* Setup phase aligned clocks */
 179:Generated_Source\PSoC4/cyfitter_cfg.c **** 	CY_SET_REG32((void *)CYREG_PERI_DIV_16_CTL2, 0x00001700u);
 180:Generated_Source\PSoC4/cyfitter_cfg.c **** 	CY_SET_REG32((void *)CYREG_PERI_DIV_CMD, 0x8000FF42u);
 181:Generated_Source\PSoC4/cyfitter_cfg.c **** 	CY_SET_REG32((void *)CYREG_PERI_DIV_16_CTL1, 0x00001700u);
 182:Generated_Source\PSoC4/cyfitter_cfg.c **** 	CY_SET_REG32((void *)CYREG_PERI_DIV_CMD, 0x8000FF41u);
 183:Generated_Source\PSoC4/cyfitter_cfg.c **** 	CY_SET_REG32((void *)CYREG_PERI_DIV_16_CTL0, 0x00001000u);
 184:Generated_Source\PSoC4/cyfitter_cfg.c **** 	CY_SET_REG32((void *)CYREG_PERI_DIV_CMD, 0x8000FF40u);
 185:Generated_Source\PSoC4/cyfitter_cfg.c **** 
 186:Generated_Source\PSoC4/cyfitter_cfg.c **** 	/* CYDEV_CLK_SELECT Starting address: CYDEV_CLK_SELECT */
 187:Generated_Source\PSoC4/cyfitter_cfg.c **** 	CY_SET_REG32((void *)(CYREG_CLK_SELECT), 0x00000000u);
 188:Generated_Source\PSoC4/cyfitter_cfg.c **** 
 189:Generated_Source\PSoC4/cyfitter_cfg.c **** 	/* CYDEV_PERI_PCLK_CTL7 Starting address: CYDEV_PERI_PCLK_CTL7 */
 190:Generated_Source\PSoC4/cyfitter_cfg.c **** 	CY_SET_REG32((void *)(CYREG_PERI_PCLK_CTL7), 0x00000042u);
 191:Generated_Source\PSoC4/cyfitter_cfg.c **** 
 192:Generated_Source\PSoC4/cyfitter_cfg.c **** 	/* CYDEV_PERI_PCLK_CTL6 Starting address: CYDEV_PERI_PCLK_CTL6 */
 193:Generated_Source\PSoC4/cyfitter_cfg.c **** 	CY_SET_REG32((void *)(CYREG_PERI_PCLK_CTL6), 0x00000041u);
 194:Generated_Source\PSoC4/cyfitter_cfg.c **** 
 195:Generated_Source\PSoC4/cyfitter_cfg.c **** 	/* CYDEV_PERI_PCLK_CTL3 Starting address: CYDEV_PERI_PCLK_CTL3 */
 196:Generated_Source\PSoC4/cyfitter_cfg.c **** 	CY_SET_REG32((void *)(CYREG_PERI_PCLK_CTL3), 0x00000040u);
 197:Generated_Source\PSoC4/cyfitter_cfg.c **** 
 198:Generated_Source\PSoC4/cyfitter_cfg.c **** 	(void)CyIntSetVector(14u, &CySysTimerIsr);
 199:Generated_Source\PSoC4/cyfitter_cfg.c **** 	CyIntEnable(14u);
 200:Generated_Source\PSoC4/cyfitter_cfg.c **** 	CY_SET_REG32((void *)(CYREG_WCO_WDT_CONFIG), 0x00000000u);
 201:Generated_Source\PSoC4/cyfitter_cfg.c **** 	CySysClkSetTimerSource(CY_SYS_CLK_TIMER_SRC_ILO);
 202:Generated_Source\PSoC4/cyfitter_cfg.c **** 	/* Set Flash Cycles based on newly configured 24.00MHz HFCLK. */
ARM GAS  C:\Users\12548\AppData\Local\Temp\ccaqiq4e.s 			page 5


 203:Generated_Source\PSoC4/cyfitter_cfg.c **** 	CY_SET_REG32((void CYXDATA *)(CYREG_CPUSS_FLASH_CTL), (0x0011u));
 204:Generated_Source\PSoC4/cyfitter_cfg.c **** }
 205:Generated_Source\PSoC4/cyfitter_cfg.c **** 
 206:Generated_Source\PSoC4/cyfitter_cfg.c **** 
 207:Generated_Source\PSoC4/cyfitter_cfg.c **** /* Analog API Functions */
 208:Generated_Source\PSoC4/cyfitter_cfg.c **** 
 209:Generated_Source\PSoC4/cyfitter_cfg.c **** 
 210:Generated_Source\PSoC4/cyfitter_cfg.c **** /*******************************************************************************
 211:Generated_Source\PSoC4/cyfitter_cfg.c **** * Function Name: AnalogSetDefault
 212:Generated_Source\PSoC4/cyfitter_cfg.c **** ********************************************************************************
 213:Generated_Source\PSoC4/cyfitter_cfg.c **** *
 214:Generated_Source\PSoC4/cyfitter_cfg.c **** * Summary:
 215:Generated_Source\PSoC4/cyfitter_cfg.c **** *  Sets up the analog portions of the chip to default values based on chip
 216:Generated_Source\PSoC4/cyfitter_cfg.c **** *  configuration options from the project.
 217:Generated_Source\PSoC4/cyfitter_cfg.c **** *
 218:Generated_Source\PSoC4/cyfitter_cfg.c **** * Parameters:
 219:Generated_Source\PSoC4/cyfitter_cfg.c **** *  void
 220:Generated_Source\PSoC4/cyfitter_cfg.c **** *
 221:Generated_Source\PSoC4/cyfitter_cfg.c **** * Return:
 222:Generated_Source\PSoC4/cyfitter_cfg.c **** *  void
 223:Generated_Source\PSoC4/cyfitter_cfg.c **** *
 224:Generated_Source\PSoC4/cyfitter_cfg.c **** *******************************************************************************/
 225:Generated_Source\PSoC4/cyfitter_cfg.c **** static void AnalogSetDefault(void);
 226:Generated_Source\PSoC4/cyfitter_cfg.c **** static void AnalogSetDefault(void)
 227:Generated_Source\PSoC4/cyfitter_cfg.c **** {
  27              		.loc 1 227 0
  28              		.cfi_startproc
  29              		@ args = 0, pretend = 0, frame = 0
  30              		@ frame_needed = 0, uses_anonymous_args = 0
  31              		@ link register save eliminated.
 228:Generated_Source\PSoC4/cyfitter_cfg.c **** 	CY_SET_XTND_REG32((void CYFAR *)CYREG_CTBM0_DFT_CTRL, 0x00000003u);
  32              		.loc 1 228 0
  33 0000 0322     		movs	r2, #3
  34 0002 054B     		ldr	r3, .L2
  35 0004 1A60     		str	r2, [r3]
 229:Generated_Source\PSoC4/cyfitter_cfg.c **** 	CY_SET_XTND_REG32((void CYFAR *)CYREG_PASS0_DSAB_DSAB_CTRL, 0x00000020u);
  36              		.loc 1 229 0
  37 0006 2023     		movs	r3, #32
  38 0008 0449     		ldr	r1, .L2+4
  39 000a 0B60     		str	r3, [r1]
 230:Generated_Source\PSoC4/cyfitter_cfg.c **** 	CY_SET_XTND_REG32((void CYFAR *)CYREG_CTBM1_DFT_CTRL, 0x00000003u);
  40              		.loc 1 230 0
  41 000c 0449     		ldr	r1, .L2+8
  42 000e 0A60     		str	r2, [r1]
 231:Generated_Source\PSoC4/cyfitter_cfg.c **** 	CY_SET_XTND_REG32((void CYFAR *)CYREG_PASS1_DSAB_DSAB_CTRL, 0x00000020u);
  43              		.loc 1 231 0
  44 0010 044A     		ldr	r2, .L2+12
  45 0012 1360     		str	r3, [r2]
 232:Generated_Source\PSoC4/cyfitter_cfg.c **** }
  46              		.loc 1 232 0
  47              		@ sp needed
  48 0014 7047     		bx	lr
  49              	.L3:
  50 0016 C046     		.align	2
  51              	.L2:
  52 0018 30003040 		.word	1076887600
  53 001c 000E3F40 		.word	1077874176
ARM GAS  C:\Users\12548\AppData\Local\Temp\ccaqiq4e.s 			page 6


  54 0020 30004040 		.word	1077936176
  55 0024 000E4F40 		.word	1078922752
  56              		.cfi_endproc
  57              	.LFE5:
  58              		.size	AnalogSetDefault, .-AnalogSetDefault
  59              		.section	.psocinit,"ax",%progbits
  60              		.align	2
  61              		.code	16
  62              		.thumb_func
  63              		.type	ClockSetup, %function
  64              	ClockSetup:
  65              	.LFB4:
 171:Generated_Source\PSoC4/cyfitter_cfg.c **** 
  66              		.loc 1 171 0
  67              		.cfi_startproc
  68              		@ args = 0, pretend = 0, frame = 0
  69              		@ frame_needed = 0, uses_anonymous_args = 0
  70 0000 70B5     		push	{r4, r5, r6, lr}
  71              		.cfi_def_cfa_offset 16
  72              		.cfi_offset 4, -16
  73              		.cfi_offset 5, -12
  74              		.cfi_offset 6, -8
  75              		.cfi_offset 14, -4
 174:Generated_Source\PSoC4/cyfitter_cfg.c **** 	/* Update IMO to new clock speed. */
  76              		.loc 1 174 0
  77 0002 194C     		ldr	r4, .L5
  78 0004 1223     		movs	r3, #18
  79 0006 2360     		str	r3, [r4]
 176:Generated_Source\PSoC4/cyfitter_cfg.c **** 
  80              		.loc 1 176 0
  81 0008 1820     		movs	r0, #24
  82 000a FFF7FEFF 		bl	CySysClkWriteImoFreq
  83              	.LVL0:
 179:Generated_Source\PSoC4/cyfitter_cfg.c **** 	CY_SET_REG32((void *)CYREG_PERI_DIV_CMD, 0x8000FF42u);
  84              		.loc 1 179 0
  85 000e B822     		movs	r2, #184
  86 0010 5201     		lsls	r2, r2, #5
  87 0012 164B     		ldr	r3, .L5+4
  88 0014 1A60     		str	r2, [r3]
 180:Generated_Source\PSoC4/cyfitter_cfg.c **** 	CY_SET_REG32((void *)CYREG_PERI_DIV_16_CTL1, 0x00001700u);
  89              		.loc 1 180 0
  90 0016 164B     		ldr	r3, .L5+8
  91 0018 1649     		ldr	r1, .L5+12
  92 001a 1960     		str	r1, [r3]
 181:Generated_Source\PSoC4/cyfitter_cfg.c **** 	CY_SET_REG32((void *)CYREG_PERI_DIV_CMD, 0x8000FF41u);
  93              		.loc 1 181 0
  94 001c 1649     		ldr	r1, .L5+16
  95 001e 0A60     		str	r2, [r1]
 182:Generated_Source\PSoC4/cyfitter_cfg.c **** 	CY_SET_REG32((void *)CYREG_PERI_DIV_16_CTL0, 0x00001000u);
  96              		.loc 1 182 0
  97 0020 164A     		ldr	r2, .L5+20
  98 0022 1A60     		str	r2, [r3]
 183:Generated_Source\PSoC4/cyfitter_cfg.c **** 	CY_SET_REG32((void *)CYREG_PERI_DIV_CMD, 0x8000FF40u);
  99              		.loc 1 183 0
 100 0024 8021     		movs	r1, #128
 101 0026 4901     		lsls	r1, r1, #5
 102 0028 154A     		ldr	r2, .L5+24
ARM GAS  C:\Users\12548\AppData\Local\Temp\ccaqiq4e.s 			page 7


 103 002a 1160     		str	r1, [r2]
 184:Generated_Source\PSoC4/cyfitter_cfg.c **** 
 104              		.loc 1 184 0
 105 002c 154A     		ldr	r2, .L5+28
 106 002e 1A60     		str	r2, [r3]
 187:Generated_Source\PSoC4/cyfitter_cfg.c **** 
 107              		.loc 1 187 0
 108 0030 0025     		movs	r5, #0
 109 0032 154B     		ldr	r3, .L5+32
 110 0034 1D60     		str	r5, [r3]
 190:Generated_Source\PSoC4/cyfitter_cfg.c **** 
 111              		.loc 1 190 0
 112 0036 4222     		movs	r2, #66
 113 0038 144B     		ldr	r3, .L5+36
 114 003a 1A60     		str	r2, [r3]
 193:Generated_Source\PSoC4/cyfitter_cfg.c **** 
 115              		.loc 1 193 0
 116 003c 013A     		subs	r2, r2, #1
 117 003e 144B     		ldr	r3, .L5+40
 118 0040 1A60     		str	r2, [r3]
 196:Generated_Source\PSoC4/cyfitter_cfg.c **** 
 119              		.loc 1 196 0
 120 0042 013A     		subs	r2, r2, #1
 121 0044 134B     		ldr	r3, .L5+44
 122 0046 1A60     		str	r2, [r3]
 198:Generated_Source\PSoC4/cyfitter_cfg.c **** 	CyIntEnable(14u);
 123              		.loc 1 198 0
 124 0048 1349     		ldr	r1, .L5+48
 125 004a 0E20     		movs	r0, #14
 126 004c FFF7FEFF 		bl	CyIntSetVector
 127              	.LVL1:
 199:Generated_Source\PSoC4/cyfitter_cfg.c **** 	CY_SET_REG32((void *)(CYREG_WCO_WDT_CONFIG), 0x00000000u);
 128              		.loc 1 199 0
 129 0050 0E20     		movs	r0, #14
 130 0052 FFF7FEFF 		bl	CyIntEnable
 131              	.LVL2:
 200:Generated_Source\PSoC4/cyfitter_cfg.c **** 	CySysClkSetTimerSource(CY_SYS_CLK_TIMER_SRC_ILO);
 132              		.loc 1 200 0
 133 0056 114B     		ldr	r3, .L5+52
 134 0058 1D60     		str	r5, [r3]
 201:Generated_Source\PSoC4/cyfitter_cfg.c **** 	/* Set Flash Cycles based on newly configured 24.00MHz HFCLK. */
 135              		.loc 1 201 0
 136 005a 0020     		movs	r0, #0
 137 005c FFF7FEFF 		bl	CySysClkSetTimerSource
 138              	.LVL3:
 203:Generated_Source\PSoC4/cyfitter_cfg.c **** }
 139              		.loc 1 203 0
 140 0060 1123     		movs	r3, #17
 141 0062 2360     		str	r3, [r4]
 204:Generated_Source\PSoC4/cyfitter_cfg.c **** 
 142              		.loc 1 204 0
 143              		@ sp needed
 144 0064 70BD     		pop	{r4, r5, r6, pc}
 145              	.L6:
 146 0066 C046     		.align	2
 147              	.L5:
 148 0068 30001040 		.word	1074790448
ARM GAS  C:\Users\12548\AppData\Local\Temp\ccaqiq4e.s 			page 8


 149 006c 08030140 		.word	1073808136
 150 0070 00000140 		.word	1073807360
 151 0074 42FF0080 		.word	-2147418302
 152 0078 04030140 		.word	1073808132
 153 007c 41FF0080 		.word	-2147418303
 154 0080 00030140 		.word	1073808128
 155 0084 40FF0080 		.word	-2147418304
 156 0088 28000340 		.word	1073938472
 157 008c 1C010140 		.word	1073807644
 158 0090 18010140 		.word	1073807640
 159 0094 0C010140 		.word	1073807628
 160 0098 00000000 		.word	CySysTimerIsr
 161 009c 0C022240 		.word	1075970572
 162              		.cfi_endproc
 163              	.LFE4:
 164              		.size	ClockSetup, .-ClockSetup
 165              		.align	2
 166              		.global	cyfitter_cfg
 167              		.code	16
 168              		.thumb_func
 169              		.type	cyfitter_cfg, %function
 170              	cyfitter_cfg:
 171              	.LFB6:
 233:Generated_Source\PSoC4/cyfitter_cfg.c **** 
 234:Generated_Source\PSoC4/cyfitter_cfg.c **** 
 235:Generated_Source\PSoC4/cyfitter_cfg.c **** 
 236:Generated_Source\PSoC4/cyfitter_cfg.c **** 
 237:Generated_Source\PSoC4/cyfitter_cfg.c **** /*******************************************************************************
 238:Generated_Source\PSoC4/cyfitter_cfg.c **** * Function Name: cyfitter_cfg
 239:Generated_Source\PSoC4/cyfitter_cfg.c **** ********************************************************************************
 240:Generated_Source\PSoC4/cyfitter_cfg.c **** * Summary:
 241:Generated_Source\PSoC4/cyfitter_cfg.c **** *  This function is called by the start-up code for the selected device. It
 242:Generated_Source\PSoC4/cyfitter_cfg.c **** *  performs all of the necessary device configuration based on the design
 243:Generated_Source\PSoC4/cyfitter_cfg.c **** *  settings.  This includes settings from the Design Wide Resources (DWR) such
 244:Generated_Source\PSoC4/cyfitter_cfg.c **** *  as Clocks and Pins as well as any component configuration that is necessary.
 245:Generated_Source\PSoC4/cyfitter_cfg.c **** *
 246:Generated_Source\PSoC4/cyfitter_cfg.c **** * Parameters:
 247:Generated_Source\PSoC4/cyfitter_cfg.c **** *   void
 248:Generated_Source\PSoC4/cyfitter_cfg.c **** *
 249:Generated_Source\PSoC4/cyfitter_cfg.c **** * Return:
 250:Generated_Source\PSoC4/cyfitter_cfg.c **** *   void
 251:Generated_Source\PSoC4/cyfitter_cfg.c **** *
 252:Generated_Source\PSoC4/cyfitter_cfg.c **** *******************************************************************************/
 253:Generated_Source\PSoC4/cyfitter_cfg.c **** CY_CFG_SECTION
 254:Generated_Source\PSoC4/cyfitter_cfg.c **** void cyfitter_cfg(void)
 255:Generated_Source\PSoC4/cyfitter_cfg.c **** {
 172              		.loc 1 255 0
 173              		.cfi_startproc
 174              		@ args = 0, pretend = 0, frame = 0
 175              		@ frame_needed = 0, uses_anonymous_args = 0
 176 00a0 10B5     		push	{r4, lr}
 177              		.cfi_def_cfa_offset 8
 178              		.cfi_offset 4, -8
 179              		.cfi_offset 14, -4
 256:Generated_Source\PSoC4/cyfitter_cfg.c **** 	/* Disable interrupts by default. Let user enable if/when they want. */
 257:Generated_Source\PSoC4/cyfitter_cfg.c **** 	CyGlobalIntDisable;
 180              		.loc 1 257 0
ARM GAS  C:\Users\12548\AppData\Local\Temp\ccaqiq4e.s 			page 9


 181              		.syntax divided
 182              	@ 257 "Generated_Source\PSoC4\cyfitter_cfg.c" 1
 183 00a2 72B6     		CPSID   i
 184              	@ 0 "" 2
 258:Generated_Source\PSoC4/cyfitter_cfg.c **** 
 259:Generated_Source\PSoC4/cyfitter_cfg.c **** 	{
 260:Generated_Source\PSoC4/cyfitter_cfg.c **** 		/* HSIOM Starting address: CYDEV_HSIOM_BASE */
 261:Generated_Source\PSoC4/cyfitter_cfg.c **** 		CY_SET_REG32((void *)(CYREG_HSIOM_PORT_SEL2), 0x00990000u);
 185              		.loc 1 261 0
 186              		.thumb
 187              		.syntax unified
 188 00a4 9922     		movs	r2, #153
 189 00a6 1204     		lsls	r2, r2, #16
 190 00a8 0C4B     		ldr	r3, .L8
 191 00aa 1A60     		str	r2, [r3]
 262:Generated_Source\PSoC4/cyfitter_cfg.c **** 		CY_SET_REG32((void *)(CYREG_HSIOM_PORT_SEL3), 0x0000EE08u);
 192              		.loc 1 262 0
 193 00ac 0C4A     		ldr	r2, .L8+4
 194 00ae 0D4B     		ldr	r3, .L8+8
 195 00b0 1A60     		str	r2, [r3]
 263:Generated_Source\PSoC4/cyfitter_cfg.c **** 
 264:Generated_Source\PSoC4/cyfitter_cfg.c **** 	}
 265:Generated_Source\PSoC4/cyfitter_cfg.c **** 
 266:Generated_Source\PSoC4/cyfitter_cfg.c **** 	/* Perform second pass device configuration. These items must be configured in specific order afte
 267:Generated_Source\PSoC4/cyfitter_cfg.c **** 	/* IOPINS0_2 Starting address: CYDEV_GPIO_PRT2_BASE */
 268:Generated_Source\PSoC4/cyfitter_cfg.c **** 	CY_SET_REG32((void *)(CYDEV_GPIO_PRT2_BASE), 0x00000020u);
 196              		.loc 1 268 0
 197 00b2 2023     		movs	r3, #32
 198 00b4 0C4A     		ldr	r2, .L8+12
 199 00b6 1360     		str	r3, [r2]
 269:Generated_Source\PSoC4/cyfitter_cfg.c **** 	CY_SET_REG32((void *)(CYREG_GPIO_PRT2_PC), 0x00031000u);
 200              		.loc 1 269 0
 201 00b8 C421     		movs	r1, #196
 202 00ba 8902     		lsls	r1, r1, #10
 203 00bc 0B4A     		ldr	r2, .L8+16
 204 00be 1160     		str	r1, [r2]
 270:Generated_Source\PSoC4/cyfitter_cfg.c **** 	CY_SET_REG32((void *)(CYREG_GPIO_PRT2_PC2), 0x00000020u);
 205              		.loc 1 270 0
 206 00c0 0B4A     		ldr	r2, .L8+20
 207 00c2 1360     		str	r3, [r2]
 271:Generated_Source\PSoC4/cyfitter_cfg.c **** 
 272:Generated_Source\PSoC4/cyfitter_cfg.c **** 	/* IOPINS0_3 Starting address: CYDEV_GPIO_PRT3_BASE */
 273:Generated_Source\PSoC4/cyfitter_cfg.c **** 	CY_SET_REG32((void *)(CYDEV_GPIO_PRT3_BASE), 0x00000001u);
 208              		.loc 1 273 0
 209 00c4 0122     		movs	r2, #1
 210 00c6 0B4B     		ldr	r3, .L8+24
 211 00c8 1A60     		str	r2, [r3]
 274:Generated_Source\PSoC4/cyfitter_cfg.c **** 	CY_SET_REG32((void *)(CYREG_GPIO_PRT3_PC), 0x00036DB6u);
 212              		.loc 1 274 0
 213 00ca 0B4A     		ldr	r2, .L8+28
 214 00cc 0B4B     		ldr	r3, .L8+32
 215 00ce 1A60     		str	r2, [r3]
 275:Generated_Source\PSoC4/cyfitter_cfg.c **** 
 276:Generated_Source\PSoC4/cyfitter_cfg.c **** 
 277:Generated_Source\PSoC4/cyfitter_cfg.c **** 	/* Setup clocks based on selections from Clock DWR */
 278:Generated_Source\PSoC4/cyfitter_cfg.c **** 	ClockSetup();
 216              		.loc 1 278 0
ARM GAS  C:\Users\12548\AppData\Local\Temp\ccaqiq4e.s 			page 10


 217 00d0 FFF796FF 		bl	ClockSetup
 218              	.LVL4:
 279:Generated_Source\PSoC4/cyfitter_cfg.c **** 
 280:Generated_Source\PSoC4/cyfitter_cfg.c **** 	/* Perform basic analog initialization to defaults */
 281:Generated_Source\PSoC4/cyfitter_cfg.c **** 	AnalogSetDefault();
 219              		.loc 1 281 0
 220 00d4 FFF7FEFF 		bl	AnalogSetDefault
 221              	.LVL5:
 282:Generated_Source\PSoC4/cyfitter_cfg.c **** 
 283:Generated_Source\PSoC4/cyfitter_cfg.c **** }
 222              		.loc 1 283 0
 223              		@ sp needed
 224 00d8 10BD     		pop	{r4, pc}
 225              	.L9:
 226 00da C046     		.align	2
 227              	.L8:
 228 00dc 00020240 		.word	1073873408
 229 00e0 08EE0000 		.word	60936
 230 00e4 00030240 		.word	1073873664
 231 00e8 00020440 		.word	1074004480
 232 00ec 08020440 		.word	1074004488
 233 00f0 18020440 		.word	1074004504
 234 00f4 00030440 		.word	1074004736
 235 00f8 B66D0300 		.word	224694
 236 00fc 08030440 		.word	1074004744
 237              		.cfi_endproc
 238              	.LFE6:
 239              		.size	cyfitter_cfg, .-cyfitter_cfg
 240              		.text
 241              	.Letext0:
 242              		.file 2 "Generated_Source\\PSoC4\\cytypes.h"
 243              		.file 3 "Generated_Source\\PSoC4\\CyLib.h"
 244              		.file 4 "Generated_Source\\PSoC4\\CyLFClk.h"
 245              		.section	.debug_info,"",%progbits
 246              	.Ldebug_info0:
 247 0000 6C010000 		.4byte	0x16c
 248 0004 0400     		.2byte	0x4
 249 0006 00000000 		.4byte	.Ldebug_abbrev0
 250 000a 04       		.byte	0x4
 251 000b 01       		.uleb128 0x1
 252 000c 95010000 		.4byte	.LASF20
 253 0010 0C       		.byte	0xc
 254 0011 15000000 		.4byte	.LASF21
 255 0015 8A000000 		.4byte	.LASF22
 256 0019 00000000 		.4byte	.Ldebug_ranges0+0
 257 001d 00000000 		.4byte	0
 258 0021 00000000 		.4byte	.Ldebug_line0
 259 0025 02       		.uleb128 0x2
 260 0026 04       		.byte	0x4
 261 0027 05       		.byte	0x5
 262 0028 696E7400 		.ascii	"int\000"
 263 002c 03       		.uleb128 0x3
 264 002d 04       		.byte	0x4
 265 002e 07       		.byte	0x7
 266 002f 3B000000 		.4byte	.LASF0
 267 0033 03       		.uleb128 0x3
 268 0034 08       		.byte	0x8
ARM GAS  C:\Users\12548\AppData\Local\Temp\ccaqiq4e.s 			page 11


 269 0035 05       		.byte	0x5
 270 0036 00000000 		.4byte	.LASF1
 271 003a 03       		.uleb128 0x3
 272 003b 08       		.byte	0x8
 273 003c 04       		.byte	0x4
 274 003d 7F010000 		.4byte	.LASF2
 275 0041 03       		.uleb128 0x3
 276 0042 01       		.byte	0x1
 277 0043 06       		.byte	0x6
 278 0044 67010000 		.4byte	.LASF3
 279 0048 03       		.uleb128 0x3
 280 0049 01       		.byte	0x1
 281 004a 08       		.byte	0x8
 282 004b 48000000 		.4byte	.LASF4
 283 004f 03       		.uleb128 0x3
 284 0050 02       		.byte	0x2
 285 0051 05       		.byte	0x5
 286 0052 8B010000 		.4byte	.LASF5
 287 0056 03       		.uleb128 0x3
 288 0057 02       		.byte	0x2
 289 0058 07       		.byte	0x7
 290 0059 54010000 		.4byte	.LASF6
 291 005d 03       		.uleb128 0x3
 292 005e 04       		.byte	0x4
 293 005f 05       		.byte	0x5
 294 0060 0B010000 		.4byte	.LASF7
 295 0064 03       		.uleb128 0x3
 296 0065 04       		.byte	0x4
 297 0066 07       		.byte	0x7
 298 0067 78000000 		.4byte	.LASF8
 299 006b 03       		.uleb128 0x3
 300 006c 08       		.byte	0x8
 301 006d 07       		.byte	0x7
 302 006e DA000000 		.4byte	.LASF9
 303 0072 03       		.uleb128 0x3
 304 0073 04       		.byte	0x4
 305 0074 07       		.byte	0x7
 306 0075 27020000 		.4byte	.LASF10
 307 0079 03       		.uleb128 0x3
 308 007a 01       		.byte	0x1
 309 007b 08       		.byte	0x8
 310 007c 06010000 		.4byte	.LASF11
 311 0080 04       		.uleb128 0x4
 312 0081 0E000000 		.4byte	.LASF14
 313 0085 02       		.byte	0x2
 314 0086 FD01     		.2byte	0x1fd
 315 0088 64000000 		.4byte	0x64
 316 008c 03       		.uleb128 0x3
 317 008d 04       		.byte	0x4
 318 008e 04       		.byte	0x4
 319 008f F1000000 		.4byte	.LASF12
 320 0093 03       		.uleb128 0x3
 321 0094 08       		.byte	0x8
 322 0095 04       		.byte	0x4
 323 0096 47010000 		.4byte	.LASF13
 324 009a 04       		.uleb128 0x4
 325 009b 4E010000 		.4byte	.LASF15
ARM GAS  C:\Users\12548\AppData\Local\Temp\ccaqiq4e.s 			page 12


 326 009f 02       		.byte	0x2
 327 00a0 A702     		.2byte	0x2a7
 328 00a2 A6000000 		.4byte	0xa6
 329 00a6 05       		.uleb128 0x5
 330 00a7 80000000 		.4byte	0x80
 331 00ab 06       		.uleb128 0x6
 332 00ac 14010000 		.4byte	.LASF23
 333 00b0 01       		.byte	0x1
 334 00b1 E2       		.byte	0xe2
 335 00b2 00000000 		.4byte	.LFB5
 336 00b6 28000000 		.4byte	.LFE5-.LFB5
 337 00ba 01       		.uleb128 0x1
 338 00bb 9C       		.byte	0x9c
 339 00bc 07       		.uleb128 0x7
 340 00bd 25010000 		.4byte	.LASF24
 341 00c1 01       		.byte	0x1
 342 00c2 AA       		.byte	0xaa
 343 00c3 00000000 		.4byte	.LFB4
 344 00c7 A0000000 		.4byte	.LFE4-.LFB4
 345 00cb 01       		.uleb128 0x1
 346 00cc 9C       		.byte	0x9c
 347 00cd 1B010000 		.4byte	0x11b
 348 00d1 08       		.uleb128 0x8
 349 00d2 0E000000 		.4byte	.LVL0
 350 00d6 43010000 		.4byte	0x143
 351 00da E4000000 		.4byte	0xe4
 352 00de 09       		.uleb128 0x9
 353 00df 01       		.uleb128 0x1
 354 00e0 50       		.byte	0x50
 355 00e1 01       		.uleb128 0x1
 356 00e2 48       		.byte	0x48
 357 00e3 00       		.byte	0
 358 00e4 08       		.uleb128 0x8
 359 00e5 50000000 		.4byte	.LVL1
 360 00e9 4E010000 		.4byte	0x14e
 361 00ed F7000000 		.4byte	0xf7
 362 00f1 09       		.uleb128 0x9
 363 00f2 01       		.uleb128 0x1
 364 00f3 50       		.byte	0x50
 365 00f4 01       		.uleb128 0x1
 366 00f5 3E       		.byte	0x3e
 367 00f6 00       		.byte	0
 368 00f7 08       		.uleb128 0x8
 369 00f8 56000000 		.4byte	.LVL2
 370 00fc 59010000 		.4byte	0x159
 371 0100 0A010000 		.4byte	0x10a
 372 0104 09       		.uleb128 0x9
 373 0105 01       		.uleb128 0x1
 374 0106 50       		.byte	0x50
 375 0107 01       		.uleb128 0x1
 376 0108 3E       		.byte	0x3e
 377 0109 00       		.byte	0
 378 010a 0A       		.uleb128 0xa
 379 010b 60000000 		.4byte	.LVL3
 380 010f 64010000 		.4byte	0x164
 381 0113 09       		.uleb128 0x9
 382 0114 01       		.uleb128 0x1
ARM GAS  C:\Users\12548\AppData\Local\Temp\ccaqiq4e.s 			page 13


 383 0115 50       		.byte	0x50
 384 0116 02       		.uleb128 0x2
 385 0117 75       		.byte	0x75
 386 0118 00       		.sleb128 0
 387 0119 00       		.byte	0
 388 011a 00       		.byte	0
 389 011b 0B       		.uleb128 0xb
 390 011c 56000000 		.4byte	.LASF25
 391 0120 01       		.byte	0x1
 392 0121 FE       		.byte	0xfe
 393 0122 A0000000 		.4byte	.LFB6
 394 0126 60000000 		.4byte	.LFE6-.LFB6
 395 012a 01       		.uleb128 0x1
 396 012b 9C       		.byte	0x9c
 397 012c 43010000 		.4byte	0x143
 398 0130 0C       		.uleb128 0xc
 399 0131 D4000000 		.4byte	.LVL4
 400 0135 BC000000 		.4byte	0xbc
 401 0139 0C       		.uleb128 0xc
 402 013a D8000000 		.4byte	.LVL5
 403 013e AB000000 		.4byte	0xab
 404 0142 00       		.byte	0
 405 0143 0D       		.uleb128 0xd
 406 0144 63000000 		.4byte	.LASF16
 407 0148 63000000 		.4byte	.LASF16
 408 014c 03       		.byte	0x3
 409 014d 6C       		.byte	0x6c
 410 014e 0D       		.uleb128 0xd
 411 014f F7000000 		.4byte	.LASF17
 412 0153 F7000000 		.4byte	.LASF17
 413 0157 03       		.byte	0x3
 414 0158 D0       		.byte	0xd0
 415 0159 0D       		.uleb128 0xd
 416 015a 73010000 		.4byte	.LASF18
 417 015e 73010000 		.4byte	.LASF18
 418 0162 03       		.byte	0x3
 419 0163 D6       		.byte	0xd6
 420 0164 0D       		.uleb128 0xd
 421 0165 30010000 		.4byte	.LASF19
 422 0169 30010000 		.4byte	.LASF19
 423 016d 04       		.byte	0x4
 424 016e 9F       		.byte	0x9f
 425 016f 00       		.byte	0
 426              		.section	.debug_abbrev,"",%progbits
 427              	.Ldebug_abbrev0:
 428 0000 01       		.uleb128 0x1
 429 0001 11       		.uleb128 0x11
 430 0002 01       		.byte	0x1
 431 0003 25       		.uleb128 0x25
 432 0004 0E       		.uleb128 0xe
 433 0005 13       		.uleb128 0x13
 434 0006 0B       		.uleb128 0xb
 435 0007 03       		.uleb128 0x3
 436 0008 0E       		.uleb128 0xe
 437 0009 1B       		.uleb128 0x1b
 438 000a 0E       		.uleb128 0xe
 439 000b 55       		.uleb128 0x55
ARM GAS  C:\Users\12548\AppData\Local\Temp\ccaqiq4e.s 			page 14


 440 000c 17       		.uleb128 0x17
 441 000d 11       		.uleb128 0x11
 442 000e 01       		.uleb128 0x1
 443 000f 10       		.uleb128 0x10
 444 0010 17       		.uleb128 0x17
 445 0011 00       		.byte	0
 446 0012 00       		.byte	0
 447 0013 02       		.uleb128 0x2
 448 0014 24       		.uleb128 0x24
 449 0015 00       		.byte	0
 450 0016 0B       		.uleb128 0xb
 451 0017 0B       		.uleb128 0xb
 452 0018 3E       		.uleb128 0x3e
 453 0019 0B       		.uleb128 0xb
 454 001a 03       		.uleb128 0x3
 455 001b 08       		.uleb128 0x8
 456 001c 00       		.byte	0
 457 001d 00       		.byte	0
 458 001e 03       		.uleb128 0x3
 459 001f 24       		.uleb128 0x24
 460 0020 00       		.byte	0
 461 0021 0B       		.uleb128 0xb
 462 0022 0B       		.uleb128 0xb
 463 0023 3E       		.uleb128 0x3e
 464 0024 0B       		.uleb128 0xb
 465 0025 03       		.uleb128 0x3
 466 0026 0E       		.uleb128 0xe
 467 0027 00       		.byte	0
 468 0028 00       		.byte	0
 469 0029 04       		.uleb128 0x4
 470 002a 16       		.uleb128 0x16
 471 002b 00       		.byte	0
 472 002c 03       		.uleb128 0x3
 473 002d 0E       		.uleb128 0xe
 474 002e 3A       		.uleb128 0x3a
 475 002f 0B       		.uleb128 0xb
 476 0030 3B       		.uleb128 0x3b
 477 0031 05       		.uleb128 0x5
 478 0032 49       		.uleb128 0x49
 479 0033 13       		.uleb128 0x13
 480 0034 00       		.byte	0
 481 0035 00       		.byte	0
 482 0036 05       		.uleb128 0x5
 483 0037 35       		.uleb128 0x35
 484 0038 00       		.byte	0
 485 0039 49       		.uleb128 0x49
 486 003a 13       		.uleb128 0x13
 487 003b 00       		.byte	0
 488 003c 00       		.byte	0
 489 003d 06       		.uleb128 0x6
 490 003e 2E       		.uleb128 0x2e
 491 003f 00       		.byte	0
 492 0040 03       		.uleb128 0x3
 493 0041 0E       		.uleb128 0xe
 494 0042 3A       		.uleb128 0x3a
 495 0043 0B       		.uleb128 0xb
 496 0044 3B       		.uleb128 0x3b
ARM GAS  C:\Users\12548\AppData\Local\Temp\ccaqiq4e.s 			page 15


 497 0045 0B       		.uleb128 0xb
 498 0046 27       		.uleb128 0x27
 499 0047 19       		.uleb128 0x19
 500 0048 11       		.uleb128 0x11
 501 0049 01       		.uleb128 0x1
 502 004a 12       		.uleb128 0x12
 503 004b 06       		.uleb128 0x6
 504 004c 40       		.uleb128 0x40
 505 004d 18       		.uleb128 0x18
 506 004e 9742     		.uleb128 0x2117
 507 0050 19       		.uleb128 0x19
 508 0051 00       		.byte	0
 509 0052 00       		.byte	0
 510 0053 07       		.uleb128 0x7
 511 0054 2E       		.uleb128 0x2e
 512 0055 01       		.byte	0x1
 513 0056 03       		.uleb128 0x3
 514 0057 0E       		.uleb128 0xe
 515 0058 3A       		.uleb128 0x3a
 516 0059 0B       		.uleb128 0xb
 517 005a 3B       		.uleb128 0x3b
 518 005b 0B       		.uleb128 0xb
 519 005c 27       		.uleb128 0x27
 520 005d 19       		.uleb128 0x19
 521 005e 11       		.uleb128 0x11
 522 005f 01       		.uleb128 0x1
 523 0060 12       		.uleb128 0x12
 524 0061 06       		.uleb128 0x6
 525 0062 40       		.uleb128 0x40
 526 0063 18       		.uleb128 0x18
 527 0064 9742     		.uleb128 0x2117
 528 0066 19       		.uleb128 0x19
 529 0067 01       		.uleb128 0x1
 530 0068 13       		.uleb128 0x13
 531 0069 00       		.byte	0
 532 006a 00       		.byte	0
 533 006b 08       		.uleb128 0x8
 534 006c 898201   		.uleb128 0x4109
 535 006f 01       		.byte	0x1
 536 0070 11       		.uleb128 0x11
 537 0071 01       		.uleb128 0x1
 538 0072 31       		.uleb128 0x31
 539 0073 13       		.uleb128 0x13
 540 0074 01       		.uleb128 0x1
 541 0075 13       		.uleb128 0x13
 542 0076 00       		.byte	0
 543 0077 00       		.byte	0
 544 0078 09       		.uleb128 0x9
 545 0079 8A8201   		.uleb128 0x410a
 546 007c 00       		.byte	0
 547 007d 02       		.uleb128 0x2
 548 007e 18       		.uleb128 0x18
 549 007f 9142     		.uleb128 0x2111
 550 0081 18       		.uleb128 0x18
 551 0082 00       		.byte	0
 552 0083 00       		.byte	0
 553 0084 0A       		.uleb128 0xa
ARM GAS  C:\Users\12548\AppData\Local\Temp\ccaqiq4e.s 			page 16


 554 0085 898201   		.uleb128 0x4109
 555 0088 01       		.byte	0x1
 556 0089 11       		.uleb128 0x11
 557 008a 01       		.uleb128 0x1
 558 008b 31       		.uleb128 0x31
 559 008c 13       		.uleb128 0x13
 560 008d 00       		.byte	0
 561 008e 00       		.byte	0
 562 008f 0B       		.uleb128 0xb
 563 0090 2E       		.uleb128 0x2e
 564 0091 01       		.byte	0x1
 565 0092 3F       		.uleb128 0x3f
 566 0093 19       		.uleb128 0x19
 567 0094 03       		.uleb128 0x3
 568 0095 0E       		.uleb128 0xe
 569 0096 3A       		.uleb128 0x3a
 570 0097 0B       		.uleb128 0xb
 571 0098 3B       		.uleb128 0x3b
 572 0099 0B       		.uleb128 0xb
 573 009a 27       		.uleb128 0x27
 574 009b 19       		.uleb128 0x19
 575 009c 11       		.uleb128 0x11
 576 009d 01       		.uleb128 0x1
 577 009e 12       		.uleb128 0x12
 578 009f 06       		.uleb128 0x6
 579 00a0 40       		.uleb128 0x40
 580 00a1 18       		.uleb128 0x18
 581 00a2 9742     		.uleb128 0x2117
 582 00a4 19       		.uleb128 0x19
 583 00a5 01       		.uleb128 0x1
 584 00a6 13       		.uleb128 0x13
 585 00a7 00       		.byte	0
 586 00a8 00       		.byte	0
 587 00a9 0C       		.uleb128 0xc
 588 00aa 898201   		.uleb128 0x4109
 589 00ad 00       		.byte	0
 590 00ae 11       		.uleb128 0x11
 591 00af 01       		.uleb128 0x1
 592 00b0 31       		.uleb128 0x31
 593 00b1 13       		.uleb128 0x13
 594 00b2 00       		.byte	0
 595 00b3 00       		.byte	0
 596 00b4 0D       		.uleb128 0xd
 597 00b5 2E       		.uleb128 0x2e
 598 00b6 00       		.byte	0
 599 00b7 3F       		.uleb128 0x3f
 600 00b8 19       		.uleb128 0x19
 601 00b9 3C       		.uleb128 0x3c
 602 00ba 19       		.uleb128 0x19
 603 00bb 6E       		.uleb128 0x6e
 604 00bc 0E       		.uleb128 0xe
 605 00bd 03       		.uleb128 0x3
 606 00be 0E       		.uleb128 0xe
 607 00bf 3A       		.uleb128 0x3a
 608 00c0 0B       		.uleb128 0xb
 609 00c1 3B       		.uleb128 0x3b
 610 00c2 0B       		.uleb128 0xb
ARM GAS  C:\Users\12548\AppData\Local\Temp\ccaqiq4e.s 			page 17


 611 00c3 00       		.byte	0
 612 00c4 00       		.byte	0
 613 00c5 00       		.byte	0
 614              		.section	.debug_aranges,"",%progbits
 615 0000 2C000000 		.4byte	0x2c
 616 0004 0200     		.2byte	0x2
 617 0006 00000000 		.4byte	.Ldebug_info0
 618 000a 04       		.byte	0x4
 619 000b 00       		.byte	0
 620 000c 0000     		.2byte	0
 621 000e 0000     		.2byte	0
 622 0010 00000000 		.4byte	.LFB5
 623 0014 28000000 		.4byte	.LFE5-.LFB5
 624 0018 00000000 		.4byte	.LFB4
 625 001c A0000000 		.4byte	.LFE4-.LFB4
 626 0020 A0000000 		.4byte	.LFB6
 627 0024 60000000 		.4byte	.LFE6-.LFB6
 628 0028 00000000 		.4byte	0
 629 002c 00000000 		.4byte	0
 630              		.section	.debug_ranges,"",%progbits
 631              	.Ldebug_ranges0:
 632 0000 00000000 		.4byte	.LFB5
 633 0004 28000000 		.4byte	.LFE5
 634 0008 00000000 		.4byte	.LFB4
 635 000c A0000000 		.4byte	.LFE4
 636 0010 A0000000 		.4byte	.LFB6
 637 0014 00010000 		.4byte	.LFE6
 638 0018 00000000 		.4byte	0
 639 001c 00000000 		.4byte	0
 640              		.section	.debug_line,"",%progbits
 641              	.Ldebug_line0:
 642 0000 AD000000 		.section	.debug_str,"MS",%progbits,1
 642      02006100 
 642      00000201 
 642      FB0E0D00 
 642      01010101 
 643              	.LASF1:
 644 0000 6C6F6E67 		.ascii	"long long int\000"
 644      206C6F6E 
 644      6720696E 
 644      7400
 645              	.LASF14:
 646 000e 75696E74 		.ascii	"uint32\000"
 646      333200
 647              	.LASF21:
 648 0015 47656E65 		.ascii	"Generated_Source\\PSoC4\\cyfitter_cfg.c\000"
 648      72617465 
 648      645F536F 
 648      75726365 
 648      5C50536F 
 649              	.LASF0:
 650 003b 756E7369 		.ascii	"unsigned int\000"
 650      676E6564 
 650      20696E74 
 650      00
 651              	.LASF4:
 652 0048 756E7369 		.ascii	"unsigned char\000"
ARM GAS  C:\Users\12548\AppData\Local\Temp\ccaqiq4e.s 			page 18


 652      676E6564 
 652      20636861 
 652      7200
 653              	.LASF25:
 654 0056 63796669 		.ascii	"cyfitter_cfg\000"
 654      74746572 
 654      5F636667 
 654      00
 655              	.LASF16:
 656 0063 43795379 		.ascii	"CySysClkWriteImoFreq\000"
 656      73436C6B 
 656      57726974 
 656      65496D6F 
 656      46726571 
 657              	.LASF8:
 658 0078 6C6F6E67 		.ascii	"long unsigned int\000"
 658      20756E73 
 658      69676E65 
 658      6420696E 
 658      7400
 659              	.LASF22:
 660 008a 433A5C55 		.ascii	"C:\\Users\\12548\\Studies_Works\\IP\\2Motorlaufen\\"
 660      73657273 
 660      5C313235 
 660      34385C53 
 660      74756469 
 661 00b7 576F726B 		.ascii	"Workspace01\\servoplusschritt.cydsn\000"
 661      73706163 
 661      6530315C 
 661      73657276 
 661      6F706C75 
 662              	.LASF9:
 663 00da 6C6F6E67 		.ascii	"long long unsigned int\000"
 663      206C6F6E 
 663      6720756E 
 663      7369676E 
 663      65642069 
 664              	.LASF12:
 665 00f1 666C6F61 		.ascii	"float\000"
 665      7400
 666              	.LASF17:
 667 00f7 4379496E 		.ascii	"CyIntSetVector\000"
 667      74536574 
 667      56656374 
 667      6F7200
 668              	.LASF11:
 669 0106 63686172 		.ascii	"char\000"
 669      00
 670              	.LASF7:
 671 010b 6C6F6E67 		.ascii	"long int\000"
 671      20696E74 
 671      00
 672              	.LASF23:
 673 0114 416E616C 		.ascii	"AnalogSetDefault\000"
 673      6F675365 
 673      74446566 
 673      61756C74 
ARM GAS  C:\Users\12548\AppData\Local\Temp\ccaqiq4e.s 			page 19


 673      00
 674              	.LASF24:
 675 0125 436C6F63 		.ascii	"ClockSetup\000"
 675      6B536574 
 675      757000
 676              	.LASF19:
 677 0130 43795379 		.ascii	"CySysClkSetTimerSource\000"
 677      73436C6B 
 677      53657454 
 677      696D6572 
 677      536F7572 
 678              	.LASF13:
 679 0147 646F7562 		.ascii	"double\000"
 679      6C6500
 680              	.LASF15:
 681 014e 72656733 		.ascii	"reg32\000"
 681      3200
 682              	.LASF6:
 683 0154 73686F72 		.ascii	"short unsigned int\000"
 683      7420756E 
 683      7369676E 
 683      65642069 
 683      6E7400
 684              	.LASF3:
 685 0167 7369676E 		.ascii	"signed char\000"
 685      65642063 
 685      68617200 
 686              	.LASF18:
 687 0173 4379496E 		.ascii	"CyIntEnable\000"
 687      74456E61 
 687      626C6500 
 688              	.LASF2:
 689 017f 6C6F6E67 		.ascii	"long double\000"
 689      20646F75 
 689      626C6500 
 690              	.LASF5:
 691 018b 73686F72 		.ascii	"short int\000"
 691      7420696E 
 691      7400
 692              	.LASF20:
 693 0195 474E5520 		.ascii	"GNU C11 5.4.1 20160609 (release) [ARM/embedded-5-br"
 693      43313120 
 693      352E342E 
 693      31203230 
 693      31363036 
 694 01c8 616E6368 		.ascii	"anch revision 237715] -mcpu=cortex-m0plus -mthumb -"
 694      20726576 
 694      6973696F 
 694      6E203233 
 694      37373135 
 695 01fb 67202D4F 		.ascii	"g -Og -ffunction-sections -ffat-lto-objects\000"
 695      67202D66 
 695      66756E63 
 695      74696F6E 
 695      2D736563 
 696              	.LASF10:
 697 0227 73697A65 		.ascii	"sizetype\000"
ARM GAS  C:\Users\12548\AppData\Local\Temp\ccaqiq4e.s 			page 20


 697      74797065 
 697      00
 698              		.ident	"GCC: (GNU Tools for ARM Embedded Processors) 5.4.1 20160609 (release) [ARM/embedded-5-bran
