Archive member included to satisfy reference by file (symbol)

.\CortexM0p\ARM_GCC_541\Debug\servoplusschritt.a(UART.o)
                              .\CortexM0p\ARM_GCC_541\Debug\main.o (UART_Start)
.\CortexM0p\ARM_GCC_541\Debug\servoplusschritt.a(UART_SPI_UART.o)
                              .\CortexM0p\ARM_GCC_541\Debug\main.o (UART_SpiUartWriteTxData)
.\CortexM0p\ARM_GCC_541\Debug\servoplusschritt.a(UART_UART.o)
                              .\CortexM0p\ARM_GCC_541\Debug\servoplusschritt.a(UART.o) (UART_UartInit)
.\CortexM0p\ARM_GCC_541\Debug\servoplusschritt.a(Pin_STEP.o)
                              .\CortexM0p\ARM_GCC_541\Debug\main.o (Pin_STEP_Write)
.\CortexM0p\ARM_GCC_541\Debug\servoplusschritt.a(Pin_DIR.o)
                              .\CortexM0p\ARM_GCC_541\Debug\main.o (Pin_DIR_Write)
.\CortexM0p\ARM_GCC_541\Debug\servoplusschritt.a(Pin_ENABLE.o)
                              .\CortexM0p\ARM_GCC_541\Debug\main.o (Pin_ENABLE_Write)
.\CortexM0p\ARM_GCC_541\Debug\servoplusschritt.a(CyLib.o)
                              .\CortexM0p\ARM_GCC_541\Debug\cyfitter_cfg.o (CyIntEnable)
.\CortexM0p\ARM_GCC_541\Debug\servoplusschritt.a(CyLFClk.o)
                              .\CortexM0p\ARM_GCC_541\Debug\servoplusschritt.a(CyLib.o) (CySysClkWcoEnabled)
.\CortexM0p\ARM_GCC_541\Debug\servoplusschritt.a(PWM_Servo.o)
                              .\CortexM0p\ARM_GCC_541\Debug\main.o (PWM_Servo_WriteCompare)
.\CortexM0p\ARM_GCC_541\Debug\servoplusschritt.a(CyBootAsmGnu.o)
                              .\CortexM0p\ARM_GCC_541\Debug\servoplusschritt.a(CyLib.o) (CyDelayCycles)
.\CortexM0p\ARM_GCC_541\Debug\servoplusschritt.a(CyFlash.o)
                              .\CortexM0p\ARM_GCC_541\Debug\servoplusschritt.a(CyLib.o) (CySysFlashSetWaitCycles)
c:/program files (x86)/cypress/psoc creator/4.4/psoc creator/import/gnu/arm/5.4.1/bin/../lib/gcc/arm-none-eabi/5.4.1/armv6-m\libgcc.a(_udivsi3.o)
                              .\CortexM0p\ARM_GCC_541\Debug\main.o (__aeabi_uidiv)
c:/program files (x86)/cypress/psoc creator/4.4/psoc creator/import/gnu/arm/5.4.1/bin/../lib/gcc/arm-none-eabi/5.4.1/armv6-m\libgcc.a(_divsi3.o)
                              .\CortexM0p\ARM_GCC_541\Debug\main.o (__aeabi_idiv)
c:/program files (x86)/cypress/psoc creator/4.4/psoc creator/import/gnu/arm/5.4.1/bin/../lib/gcc/arm-none-eabi/5.4.1/armv6-m\libgcc.a(_dvmd_tls.o)
                              c:/program files (x86)/cypress/psoc creator/4.4/psoc creator/import/gnu/arm/5.4.1/bin/../lib/gcc/arm-none-eabi/5.4.1/armv6-m\libgcc.a(_udivsi3.o) (__aeabi_idiv0)
c:/program files (x86)/cypress/psoc creator/4.4/psoc creator/import/gnu/arm/5.4.1/bin/../lib/gcc/arm-none-eabi/5.4.1/../../../../arm-none-eabi/lib/armv6-m\libg_nano.a(lib_a-atoi.o)
                              .\CortexM0p\ARM_GCC_541\Debug\main.o (atoi)
c:/program files (x86)/cypress/psoc creator/4.4/psoc creator/import/gnu/arm/5.4.1/bin/../lib/gcc/arm-none-eabi/5.4.1/../../../../arm-none-eabi/lib/armv6-m\libg_nano.a(lib_a-errno.o)
                              .\CortexM0p\ARM_GCC_541\Debug\Cm0plusStart.o (__errno)
c:/program files (x86)/cypress/psoc creator/4.4/psoc creator/import/gnu/arm/5.4.1/bin/../lib/gcc/arm-none-eabi/5.4.1/../../../../arm-none-eabi/lib/armv6-m\libg_nano.a(lib_a-exit.o)
                              c:/program files (x86)/cypress/psoc creator/4.4/psoc creator/import/gnu/arm/5.4.1/bin/../lib/gcc/arm-none-eabi/5.4.1/../../../../arm-none-eabi/lib/armv6-m/crt0.o (exit)
c:/program files (x86)/cypress/psoc creator/4.4/psoc creator/import/gnu/arm/5.4.1/bin/../lib/gcc/arm-none-eabi/5.4.1/../../../../arm-none-eabi/lib/armv6-m\libg_nano.a(lib_a-impure.o)
                              c:/program files (x86)/cypress/psoc creator/4.4/psoc creator/import/gnu/arm/5.4.1/bin/../lib/gcc/arm-none-eabi/5.4.1/../../../../arm-none-eabi/lib/armv6-m\libg_nano.a(lib_a-exit.o) (_global_impure_ptr)
c:/program files (x86)/cypress/psoc creator/4.4/psoc creator/import/gnu/arm/5.4.1/bin/../lib/gcc/arm-none-eabi/5.4.1/../../../../arm-none-eabi/lib/armv6-m\libg_nano.a(lib_a-init.o)
                              c:/program files (x86)/cypress/psoc creator/4.4/psoc creator/import/gnu/arm/5.4.1/bin/../lib/gcc/arm-none-eabi/5.4.1/../../../../arm-none-eabi/lib/armv6-m/crt0.o (__libc_init_array)
c:/program files (x86)/cypress/psoc creator/4.4/psoc creator/import/gnu/arm/5.4.1/bin/../lib/gcc/arm-none-eabi/5.4.1/../../../../arm-none-eabi/lib/armv6-m\libg_nano.a(lib_a-memcpy-stub.o)
                              .\CortexM0p\ARM_GCC_541\Debug\servoplusschritt.a(CyFlash.o) (memcpy)
c:/program files (x86)/cypress/psoc creator/4.4/psoc creator/import/gnu/arm/5.4.1/bin/../lib/gcc/arm-none-eabi/5.4.1/../../../../arm-none-eabi/lib/armv6-m\libg_nano.a(lib_a-memset.o)
                              c:/program files (x86)/cypress/psoc creator/4.4/psoc creator/import/gnu/arm/5.4.1/bin/../lib/gcc/arm-none-eabi/5.4.1/../../../../arm-none-eabi/lib/armv6-m/crt0.o (memset)
[...]
Memory Configuration

Name             Origin             Length             Attributes
rom              0x00000000         0x00040000         xr
ram              0x20000000         0x00008000         xrw
*default*        0x00000000         0xffffffff

Linker script and memory map

LOAD c:/program files (x86)/cypress/psoc creator/4.4/psoc creator/import/gnu/arm/5.4.1/bin/../lib/gcc/arm-none-eabi/5.4.1/armv6-m/crti.o
LOAD c:/program files (x86)/cypress/psoc creator/4.4/psoc creator/import/gnu/arm/5.4.1/bin/../lib/gcc/arm-none-eabi/5.4.1/armv6-m/crtbegin.o
LOAD c:/program files (x86)/cypress/psoc creator/4.4/psoc creator/import/gnu/arm/5.4.1/bin/../lib/gcc/arm-none-eabi/5.4.1/../../../../arm-none-eabi/lib/armv6-m/crt0.o
START GROUP
LOAD .\CortexM0p\ARM_GCC_541\Debug\main.o
LOAD .\CortexM0p\ARM_GCC_541\Debug\cyfitter_cfg.o
LOAD .\CortexM0p\ARM_GCC_541\Debug\cymetadata.o
LOAD .\CortexM0p\ARM_GCC_541\Debug\Cm0plusStart.o
LOAD .\CortexM0p\ARM_GCC_541\Debug\servoplusschritt.a
END GROUP
START GROUP
LOAD c:/program files (x86)/cypress/psoc creator/4.4/psoc creator/import/gnu/arm/5.4.1/bin/../lib/gcc/arm-none-eabi/5.4.1/armv6-m\libgcc.a
LOAD c:/program files (x86)/cypress/psoc creator/4.4/psoc creator/import/gnu/arm/5.4.1/bin/../lib/gcc/arm-none-eabi/5.4.1/../../../../arm-none-eabi/lib/armv6-m\libg_nano.a
LOAD c:/program files (x86)/cypress/psoc creator/4.4/psoc creator/import/gnu/arm/5.4.1/bin/../lib/gcc/arm-none-eabi/5.4.1/../../../../arm-none-eabi/lib/armv6-m\libc_nano.a
END GROUP
START GROUP
LOAD c:/program files (x86)/cypress/psoc creator/4.4/psoc creator/import/gnu/arm/5.4.1/bin/../lib/gcc/arm-none-eabi/5.4.1/armv6-m\libgcc.a
LOAD c:/program files (x86)/cypress/psoc creator/4.4/psoc creator/import/gnu/arm/5.4.1/bin/../lib/gcc/arm-none-eabi/5.4.1/../../../../arm-none-eabi/lib/armv6-m\libc_nano.a
END GROUP
LOAD c:/program files (x86)/cypress/psoc creator/4.4/psoc creator/import/gnu/arm/5.4.1/bin/../lib/gcc/arm-none-eabi/5.4.1/armv6-m/crtend.o
LOAD c:/program files (x86)/cypress/psoc creator/4.4/psoc creator/import/gnu/arm/5.4.1/bin/../lib/gcc/arm-none-eabi/5.4.1/armv6-m/crtn.o
START GROUP
LOAD c:/program files (x86)/cypress/psoc creator/4.4/psoc creator/import/gnu/arm/5.4.1/bin/../lib/gcc/arm-none-eabi/5.4.1/armv6-m\libgcc.a
LOAD c:/program files (x86)/cypress/psoc creator/4.4/psoc creator/import/gnu/arm/5.4.1/bin/../lib/gcc/arm-none-eabi/5.4.1/../../../../arm-none-eabi/lib/armv6-m\libc.a
LOAD c:/program files (x86)/cypress/psoc creator/4.4/psoc creator/import/gnu/arm/5.4.1/bin/../lib/gcc/arm-none-eabi/5.4.1/../../../../arm-none-eabi/lib/armv6-m\libnosys.a
END GROUP
                0x00000000                CY_APPL_ORIGIN = 0x0
                0x00000100                CY_FLASH_ROW_SIZE = 0x100
                0x00000001                CY_APPL_NUM = 0x1
                0x00000001                CY_APPL_MAX = 0x1
                0x00000040                CY_METADATA_SIZE = 0x40
                0x00000000                CY_APPL_LOADABLE = 0x0
                0x00000000                CY_CHECKSUM_EXCLUDE_SIZE = ALIGN (0x0, CY_FLASH_ROW_SIZE)
                0x00000000                CY_APP_FOR_STACK_AND_COPIER = 0x0
                [!provide]                PROVIDE (__cy_heap_start, _end)
                0x00000001                PROVIDE (__cy_region_num, ((__cy_regions_end - __cy_regions) / 0x10))
                0x20008000                PROVIDE (__cy_stack, (ORIGIN (ram) + LENGTH (ram)))
                [!provide]                PROVIDE (__cy_heap_end, (__cy_stack - 0x800))

.cybootloader   0x00000000        0x0
 *(.cybootloader)
                0x00000000                appl1_start = CY_APPL_ORIGIN?CY_APPL_ORIGIN:ALIGN (CY_FLASH_ROW_SIZE)
                0x0001ff00                appl2_start = (appl1_start + ALIGN ((((LENGTH (rom) - appl1_start) - (0x2 * CY_FLASH_ROW_SIZE)) / 0x2), CY_FLASH_ROW_SIZE))
                0x00000000                appl_start = (CY_APPL_NUM == 0x1)?appl1_start:appl2_start
                0x00000001                cy_project_type_bootloader = (appl_start == 0x0)?0x1:0x0
                0x00000000                cy_project_type_app_for_stack_and_copier = (CY_APP_FOR_STACK_AND_COPIER == 0x1)?0x1:0x0

.text           0x00000000     0x1fca
 CREATE_OBJECT_SYMBOLS
                0x00000000                PROVIDE (__cy_interrupt_vector, RomVectors)
 *(.romvectors)
 .romvectors    0x00000000       0x10 .\CortexM0p\ARM_GCC_541\Debug\Cm0plusStart.o
                0x00000000                RomVectors
                0x00000001                ASSERT ((. != __cy_interrupt_vector), No interrupt vector)
                0x00000001                ASSERT (CY_APPL_ORIGIN?(SIZEOF (.cybootloader) <= CY_APPL_ORIGIN):0x1, Wrong image location)
                0x00000010                PROVIDE (__cy_reset, Reset)
 *(.text.Reset)
 .text.Reset    0x00000010        0xc .\CortexM0p\ARM_GCC_541\Debug\Cm0plusStart.o
                0x00000010                Reset
                0x00000001                ASSERT ((. != __cy_reset), No reset code)
 *(.psocinit)
 .psocinit      0x0000001c      0x100 .\CortexM0p\ARM_GCC_541\Debug\cyfitter_cfg.o
                0x000000bc                cyfitter_cfg
                0x0000011c                . = MAX (., 0x100)
 *(.text .text.* .gnu.linkonce.t.*)
 .text          0x0000011c       0x60 c:/program files (x86)/cypress/psoc creator/4.4/psoc creator/import/gnu/arm/5.4.1/bin/../lib/gcc/arm-none-eabi/5.4.1/armv6-m/crtbegin.o
 .text.uart_print
                0x0000017c        0x8 .\CortexM0p\ARM_GCC_541\Debug\main.o
                0x0000017c                uart_print
 .text.uart_print_number
                0x00000184       0x1c .\CortexM0p\ARM_GCC_541\Debug\main.o
                0x00000184                uart_print_number
 .text.uart_get_char
                0x000001a0       0x14 .\CortexM0p\ARM_GCC_541\Debug\main.o
                0x000001a0                uart_get_char
 .text.delay_ms
                0x000001b4        0x8 .\CortexM0p\ARM_GCC_541\Debug\main.o
                0x000001b4                delay_ms
 .text.delay_with_check
                0x000001bc       0x2c .\CortexM0p\ARM_GCC_541\Debug\main.o
                0x000001bc                delay_with_check
 .text.stepper_move_mm
                0x000001e8       0xcc .\CortexM0p\ARM_GCC_541\Debug\main.o
                0x000001e8                stepper_move_mm
 .text.stepper_move_to
                0x000002b4       0x2c .\CortexM0p\ARM_GCC_541\Debug\main.o
                0x000002b4                stepper_move_to
 .text.stepper_home
                0x000002e0       0x28 .\CortexM0p\ARM_GCC_541\Debug\main.o
                0x000002e0                stepper_home
 .text.servo_set_angle
                0x00000308       0x58 .\CortexM0p\ARM_GCC_541\Debug\main.o
                0x00000308                servo_set_angle
 .text.servo_sweep
                0x00000360       0xa8 .\CortexM0p\ARM_GCC_541\Debug\main.o
                0x00000360                servo_sweep
 .text.run_demo
                0x00000408      0x118 .\CortexM0p\ARM_GCC_541\Debug\main.o
                0x00000408                run_demo
 .text.show_help
                0x00000520       0xe0 .\CortexM0p\ARM_GCC_541\Debug\main.o
                0x00000520                show_help
 .text.show_status
                0x00000600       0xd8 .\CortexM0p\ARM_GCC_541\Debug\main.o
                0x00000600                show_status
 .text.process_command
                0x000006d8      0x30c .\CortexM0p\ARM_GCC_541\Debug\main.o
                0x000006d8                process_command
 .text.main     0x000009e4       0xe0 .\CortexM0p\ARM_GCC_541\Debug\main.o
                0x000009e4                main
 .text.AnalogSetDefault
                0x00000ac4       0x28 .\CortexM0p\ARM_GCC_541\Debug\cyfitter_cfg.o
 .text.IntDefaultHandler
                0x00000aec       0x10 .\CortexM0p\ARM_GCC_541\Debug\Cm0plusStart.o
                0x00000aec                IntDefaultHandler
 .text._sbrk    0x00000afc       0x30 .\CortexM0p\ARM_GCC_541\Debug\Cm0plusStart.o
                0x00000afc                _sbrk
 .text.Start_c  0x00000b2c       0x48 .\CortexM0p\ARM_GCC_541\Debug\Cm0plusStart.o
                0x00000b2c                Start_c
 .text.initialize_psoc
                0x00000b74       0x40 .\CortexM0p\ARM_GCC_541\Debug\Cm0plusStart.o
                0x00000b74                initialize_psoc
 .text.UART_ScbModePostEnable
                0x00000bb4        0x8 .\CortexM0p\ARM_GCC_541\Debug\servoplusschritt.a(UART.o)
 .text.UART_Init
                0x00000bbc        0x8 .\CortexM0p\ARM_GCC_541\Debug\servoplusschritt.a(UART.o)
                0x00000bbc                UART_Init
 .text.UART_Enable
                0x00000bc4       0x18 .\CortexM0p\ARM_GCC_541\Debug\servoplusschritt.a(UART.o)
                0x00000bc4                UART_Enable
 .text.UART_Start
                0x00000bdc       0x20 .\CortexM0p\ARM_GCC_541\Debug\servoplusschritt.a(UART.o)
                0x00000bdc                UART_Start
 .text.UART_SpiUartReadRxData
                0x00000bfc        0xc .\CortexM0p\ARM_GCC_541\Debug\servoplusschritt.a(UART_SPI_UART.o)
                0x00000bfc                UART_SpiUartReadRxData
 .text.UART_SpiUartGetRxBufferSize
                0x00000c08       0x10 .\CortexM0p\ARM_GCC_541\Debug\servoplusschritt.a(UART_SPI_UART.o)
                0x00000c08                UART_SpiUartGetRxBufferSize
 .text.UART_SpiUartWriteTxData
                0x00000c18       0x1c .\CortexM0p\ARM_GCC_541\Debug\servoplusschritt.a(UART_SPI_UART.o)
                0x00000c18                UART_SpiUartWriteTxData
 .text.UART_UartInit
                0x00000c34       0xa8 .\CortexM0p\ARM_GCC_541\Debug\servoplusschritt.a(UART_UART.o)
                0x00000c34                UART_UartInit
 .text.UART_UartPostEnable
                0x00000cdc       0x2c .\CortexM0p\ARM_GCC_541\Debug\servoplusschritt.a(UART_UART.o)
                0x00000cdc                UART_UartPostEnable
 .text.UART_UartGetChar
                0x00000d08       0x2c .\CortexM0p\ARM_GCC_541\Debug\servoplusschritt.a(UART_UART.o)
                0x00000d08                UART_UartGetChar
 .text.UART_UartPutString
                0x00000d34       0x18 .\CortexM0p\ARM_GCC_541\Debug\servoplusschritt.a(UART_UART.o)
                0x00000d34                UART_UartPutString
 .text.Pin_STEP_Write
                0x00000d4c       0x18 .\CortexM0p\ARM_GCC_541\Debug\servoplusschritt.a(Pin_STEP.o)
                0x00000d4c                Pin_STEP_Write
 .text.Pin_DIR_Write
                0x00000d64       0x18 .\CortexM0p\ARM_GCC_541\Debug\servoplusschritt.a(Pin_DIR.o)
                0x00000d64                Pin_DIR_Write
 .text.Pin_ENABLE_Write
                0x00000d7c       0x18 .\CortexM0p\ARM_GCC_541\Debug\servoplusschritt.a(Pin_ENABLE.o)
                0x00000d7c                Pin_ENABLE_Write
 .text.CySysClkImoDisableWcoLock
                0x00000d94       0x4c .\CortexM0p\ARM_GCC_541\Debug\servoplusschritt.a(CyLib.o)
                0x00000d94                CySysClkImoDisableWcoLock
 .text.CySysClkImoGetWcoLock
                0x00000de0       0x14 .\CortexM0p\ARM_GCC_541\Debug\servoplusschritt.a(CyLib.o)
                0x00000de0                CySysClkImoGetWcoLock
 .text.CyIntEnable
                0x00000df4       0x14 .\CortexM0p\ARM_GCC_541\Debug\servoplusschritt.a(CyLib.o)
                0x00000df4                CyIntEnable
 .text.CyHalt   0x00000e08        0x4 .\CortexM0p\ARM_GCC_541\Debug\servoplusschritt.a(CyLib.o)
                0x00000e08                CyHalt
 .text.CyIntSetVector
                0x00000e0c       0x24 .\CortexM0p\ARM_GCC_541\Debug\servoplusschritt.a(CyLib.o)
                0x00000e0c                CyIntSetVector
 .text.CyDelay  0x00000e30       0x30 .\CortexM0p\ARM_GCC_541\Debug\servoplusschritt.a(CyLib.o)
                0x00000e30                CyDelay
 .text.CySysClkImoEnableWcoLock
                0x00000e60       0xd0 .\CortexM0p\ARM_GCC_541\Debug\servoplusschritt.a(CyLib.o)
                0x00000e60                CySysClkImoEnableWcoLock
 .text.CySysClkWriteImoFreq
                0x00000f30       0xd8 .\CortexM0p\ARM_GCC_541\Debug\servoplusschritt.a(CyLib.o)
                0x00000f30                CySysClkWriteImoFreq
 .text.CyDelayUs
                0x00001008       0x14 .\CortexM0p\ARM_GCC_541\Debug\servoplusschritt.a(CyLib.o)
                0x00001008                CyDelayUs
 .text.CySysClkGetTimerSource
                0x0000101c       0x10 .\CortexM0p\ARM_GCC_541\Debug\servoplusschritt.a(CyLFClk.o)
 .text.CySysClkWcoEnabled
                0x0000102c       0x14 .\CortexM0p\ARM_GCC_541\Debug\servoplusschritt.a(CyLFClk.o)
                0x0000102c                CySysClkWcoEnabled
 .text.CySysWdtDisable
                0x00001040       0x10 .\CortexM0p\ARM_GCC_541\Debug\servoplusschritt.a(CyLFClk.o)
                0x00001040                CySysWdtDisable
 .text.CySysClkSetTimerSource
                0x00001050       0x68 .\CortexM0p\ARM_GCC_541\Debug\servoplusschritt.a(CyLFClk.o)
                0x00001050                CySysClkSetTimerSource
 .text.CySysTimerClearInterrupt
                0x000010b8       0x2c .\CortexM0p\ARM_GCC_541\Debug\servoplusschritt.a(CyLFClk.o)
                0x000010b8                CySysTimerClearInterrupt
 .text.CySysTimerIsr
                0x000010e4       0xa4 .\CortexM0p\ARM_GCC_541\Debug\servoplusschritt.a(CyLFClk.o)
                0x000010e4                CySysTimerIsr
 .text.PWM_Servo_WriteCounter
                0x00001188       0x10 .\CortexM0p\ARM_GCC_541\Debug\servoplusschritt.a(PWM_Servo.o)
                0x00001188                PWM_Servo_WriteCounter
 .text.PWM_Servo_WritePeriod
                0x00001198       0x10 .\CortexM0p\ARM_GCC_541\Debug\servoplusschritt.a(PWM_Servo.o)
                0x00001198                PWM_Servo_WritePeriod
 .text.PWM_Servo_WriteCompare
                0x000011a8       0x10 .\CortexM0p\ARM_GCC_541\Debug\servoplusschritt.a(PWM_Servo.o)
                0x000011a8                PWM_Servo_WriteCompare
 .text.PWM_Servo_TriggerCommand
                0x000011b8       0x1c .\CortexM0p\ARM_GCC_541\Debug\servoplusschritt.a(PWM_Servo.o)
                0x000011b8                PWM_Servo_TriggerCommand
 .text.PWM_Servo_Enable
                0x000011d4       0x24 .\CortexM0p\ARM_GCC_541\Debug\servoplusschritt.a(PWM_Servo.o)
                0x000011d4                PWM_Servo_Enable
 .text.PWM_Servo_SetInterruptMode
                0x000011f8        0xc .\CortexM0p\ARM_GCC_541\Debug\servoplusschritt.a(PWM_Servo.o)
                0x000011f8                PWM_Servo_SetInterruptMode
 .text.PWM_Servo_Init
                0x00001204       0x4c .\CortexM0p\ARM_GCC_541\Debug\servoplusschritt.a(PWM_Servo.o)
                0x00001204                PWM_Servo_Init
 .text.PWM_Servo_Start
                0x00001250       0x20 .\CortexM0p\ARM_GCC_541\Debug\servoplusschritt.a(PWM_Servo.o)
                0x00001250                PWM_Servo_Start
 .text          0x00001270       0x20 .\CortexM0p\ARM_GCC_541\Debug\servoplusschritt.a(CyBootAsmGnu.o)
                0x00001270                CyDelayCycles
                0x00001282                CyEnterCriticalSection
                0x0000128a                CyExitCriticalSection
 .text.CySysFlashSetWaitCycles
                0x00001290       0x54 .\CortexM0p\ARM_GCC_541\Debug\servoplusschritt.a(CyFlash.o)
                0x00001290                CySysFlashSetWaitCycles
 .text          0x000012e4      0x114 c:/program files (x86)/cypress/psoc creator/4.4/psoc creator/import/gnu/arm/5.4.1/bin/../lib/gcc/arm-none-eabi/5.4.1/armv6-m\libgcc.a(_udivsi3.o)
                0x000012e4                __aeabi_uidiv
                0x000012e4                __udivsi3
                0x000013f0                __aeabi_uidivmod
 .text          0x000013f8      0x1d4 c:/program files (x86)/cypress/psoc creator/4.4/psoc creator/import/gnu/arm/5.4.1/bin/../lib/gcc/arm-none-eabi/5.4.1/armv6-m\libgcc.a(_divsi3.o)
                0x000013f8                __divsi3
                0x000013f8                __aeabi_idiv
                0x000015c4                __aeabi_idivmod
 .text          0x000015cc        0x4 c:/program files (x86)/cypress/psoc creator/4.4/psoc creator/import/gnu/arm/5.4.1/bin/../lib/gcc/arm-none-eabi/5.4.1/armv6-m\libgcc.a(_dvmd_tls.o)
                0x000015cc                __aeabi_idiv0
                0x000015cc                __aeabi_ldiv0
 .text.atoi     0x000015d0        0xc c:/program files (x86)/cypress/psoc creator/4.4/psoc creator/import/gnu/arm/5.4.1/bin/../lib/gcc/arm-none-eabi/5.4.1/../../../../arm-none-eabi/lib/armv6-m\libg_nano.a(lib_a-atoi.o)
                0x000015d0                atoi
 .text.__errno  0x000015dc        0xc c:/program files (x86)/cypress/psoc creator/4.4/psoc creator/import/gnu/arm/5.4.1/bin/../lib/gcc/arm-none-eabi/5.4.1/../../../../arm-none-eabi/lib/armv6-m\libg_nano.a(lib_a-errno.o)
                0x000015dc                __errno
 .text.__libc_init_array
                0x000015e8       0x4c c:/program files (x86)/cypress/psoc creator/4.4/psoc creator/import/gnu/arm/5.4.1/bin/../lib/gcc/arm-none-eabi/5.4.1/../../../../arm-none-eabi/lib/armv6-m\libg_nano.a(lib_a-init.o)
                0x000015e8                __libc_init_array
 .text.memcpy   0x00001634       0x12 c:/program files (x86)/cypress/psoc creator/4.4/psoc creator/import/gnu/arm/5.4.1/bin/../lib/gcc/arm-none-eabi/5.4.1/../../../../arm-none-eabi/lib/armv6-m\libg_nano.a(lib_a-memcpy-stub.o)
                0x00001634                memcpy
 *fill*         0x00001646        0x2 
 .text.sprintf  0x00001648       0x44 c:/program files (x86)/cypress/psoc creator/4.4/psoc creator/import/gnu/arm/5.4.1/bin/../lib/gcc/arm-none-eabi/5.4.1/../../../../arm-none-eabi/lib/armv6-m\libg_nano.a(lib_a-sprintf.o)
                0x00001648                siprintf
                0x00001648                sprintf
 .text._strtol_r
                0x0000168c      0x124 c:/program files (x86)/cypress/psoc creator/4.4/psoc creator/import/gnu/arm/5.4.1/bin/../lib/gcc/arm-none-eabi/5.4.1/../../../../arm-none-eabi/lib/armv6-m\libg_nano.a(lib_a-strtol.o)
                0x0000168c                _strtol_r
 .text.strtol   0x000017b0       0x18 c:/program files (x86)/cypress/psoc creator/4.4/psoc creator/import/gnu/arm/5.4.1/bin/../lib/gcc/arm-none-eabi/5.4.1/../../../../arm-none-eabi/lib/armv6-m\libg_nano.a(lib_a-strtol.o)
                0x000017b0                strtol
 .text.__ssputs_r
                0x000017c8       0xc4 c:/program files (x86)/cypress/psoc creator/4.4/psoc creator/import/gnu/arm/5.4.1/bin/../lib/gcc/arm-none-eabi/5.4.1/../../../../arm-none-eabi/lib/armv6-m\libg_nano.a(lib_a-nano-svfprintf.o)
                0x000017c8                __ssputs_r
 .text._svfprintf_r
                0x0000188c      0x1fc c:/program files (x86)/cypress/psoc creator/4.4/psoc creator/import/gnu/arm/5.4.1/bin/../lib/gcc/arm-none-eabi/5.4.1/../../../../arm-none-eabi/lib/armv6-m\libg_nano.a(lib_a-nano-svfprintf.o)
                0x0000188c                _svfiprintf_r
                0x0000188c                _svfprintf_r
 .text._printf_common
                0x00001a88       0xdc c:/program files (x86)/cypress/psoc creator/4.4/psoc creator/import/gnu/arm/5.4.1/bin/../lib/gcc/arm-none-eabi/5.4.1/../../../../arm-none-eabi/lib/armv6-m\libg_nano.a(lib_a-nano-vfprintf_i.o)
                0x00001a88                _printf_common
 .text._printf_i
                0x00001b64      0x244 c:/program files (x86)/cypress/psoc creator/4.4/psoc creator/import/gnu/arm/5.4.1/bin/../lib/gcc/arm-none-eabi/5.4.1/../../../../arm-none-eabi/lib/armv6-m\libg_nano.a(lib_a-nano-vfprintf_i.o)
                0x00001b64                _printf_i
 .text.memchr   0x00001da8       0x16 c:/program files (x86)/cypress/psoc creator/4.4/psoc creator/import/gnu/arm/5.4.1/bin/../lib/gcc/arm-none-eabi/5.4.1/../../../../arm-none-eabi/lib/armv6-m\libg_nano.a(lib_a-memchr-stub.o)
                0x00001da8                memchr
 .text.memmove  0x00001dbe       0x2a c:/program files (x86)/cypress/psoc creator/4.4/psoc creator/import/gnu/arm/5.4.1/bin/../lib/gcc/arm-none-eabi/5.4.1/../../../../arm-none-eabi/lib/armv6-m\libg_nano.a(lib_a-memmove.o)
                0x00001dbe                memmove
 .text._free_r  0x00001de8       0x98 c:/program files (x86)/cypress/psoc creator/4.4/psoc creator/import/gnu/arm/5.4.1/bin/../lib/gcc/arm-none-eabi/5.4.1/../../../../arm-none-eabi/lib/armv6-m\libg_nano.a(lib_a-nano-freer.o)
                0x00001de8                _free_r
 .text._malloc_r
                0x00001e80       0xc0 c:/program files (x86)/cypress/psoc creator/4.4/psoc creator/import/gnu/arm/5.4.1/bin/../lib/gcc/arm-none-eabi/5.4.1/../../../../arm-none-eabi/lib/armv6-m\libg_nano.a(lib_a-nano-mallocr.o)
                0x00001e80                _malloc_r
 .text._realloc_r
                0x00001f40       0x4c c:/program files (x86)/cypress/psoc creator/4.4/psoc creator/import/gnu/arm/5.4.1/bin/../lib/gcc/arm-none-eabi/5.4.1/../../../../arm-none-eabi/lib/armv6-m\libg_nano.a(lib_a-nano-reallocr.o)
                0x00001f40                _realloc_r
 .text._sbrk_r  0x00001f8c       0x24 c:/program files (x86)/cypress/psoc creator/4.4/psoc creator/import/gnu/arm/5.4.1/bin/../lib/gcc/arm-none-eabi/5.4.1/../../../../arm-none-eabi/lib/armv6-m\libg_nano.a(lib_a-sbrkr.o)
                0x00001f8c                _sbrk_r
 .text.__malloc_lock
                0x00001fb0        0x2 c:/program files (x86)/cypress/psoc creator/4.4/psoc creator/import/gnu/arm/5.4.1/bin/../lib/gcc/arm-none-eabi/5.4.1/../../../../arm-none-eabi/lib/armv6-m\libg_nano.a(lib_a-mlock.o)
                0x00001fb0                __malloc_lock
 .text.__malloc_unlock
                0x00001fb2        0x2 c:/program files (x86)/cypress/psoc creator/4.4/psoc creator/import/gnu/arm/5.4.1/bin/../lib/gcc/arm-none-eabi/5.4.1/../../../../arm-none-eabi/lib/armv6-m\libg_nano.a(lib_a-mlock.o)
                0x00001fb2                __malloc_unlock
 .text._malloc_usable_size_r
                0x00001fb4       0x16 c:/program files (x86)/cypress/psoc creator/4.4/psoc creator/import/gnu/arm/5.4.1/bin/../lib/gcc/arm-none-eabi/5.4.1/../../../../arm-none-eabi/lib/armv6-m\libg_nano.a(lib_a-nano-msizer.o)
                0x00001fb4                _malloc_usable_size_r
 *(.plt)
 *(.gnu.warning)
 *(.glue_7t)
 .glue_7t       0x00001fca        0x0 linker stubs
 *(.glue_7)
 .glue_7        0x00001fca        0x0 linker stubs
 *(.vfp11_veneer)
 .vfp11_veneer  0x00001fca        0x0 linker stubs
 *(.bootloader)
 *(.ARM.extab* .gnu.linkonce.armextab.*)
 *(.gcc_except_table)

.v4_bx          0x00001fcc        0x0
 .v4_bx         0x00001fcc        0x0 linker stubs

.iplt           0x00001fcc        0x0
 .iplt          0x00001fcc        0x0 c:/program files (x86)/cypress/psoc creator/4.4/psoc creator/import/gnu/arm/5.4.1/bin/../lib/gcc/arm-none-eabi/5.4.1/armv6-m/crtbegin.o

.eh_frame_hdr
 *(.eh_frame_hdr)

.eh_frame       0x00001fcc        0x4
 *(.eh_frame)
 .eh_frame      0x00001fcc        0x0 c:/program files (x86)/cypress/psoc creator/4.4/psoc creator/import/gnu/arm/5.4.1/bin/../lib/gcc/arm-none-eabi/5.4.1/armv6-m/crtbegin.o
 .eh_frame      0x00001fcc        0x4 c:/program files (x86)/cypress/psoc creator/4.4/psoc creator/import/gnu/arm/5.4.1/bin/../lib/gcc/arm-none-eabi/5.4.1/armv6-m/crtend.o
                [!provide]                PROVIDE (__exidx_start, .)

.ARM.exidx
 *(.ARM.exidx* .gnu.linkonce.armexidx.*)
                0x00001fd0                __exidx_end = .

.rodata         0x00001fd0      0xc68
 *(.rodata .rodata.* .gnu.linkonce.r.*)
 .rodata        0x00001fd0      0x120 .\CortexM0p\ARM_GCC_541\Debug\main.o
 .rodata.str1.4
                0x000020f0      0x9d8 .\CortexM0p\ARM_GCC_541\Debug\main.o
                                0x9d9 (size before relaxing)
 .rodata.str1.1
                0x00002ac8        0x2 c:/program files (x86)/cypress/psoc creator/4.4/psoc creator/import/gnu/arm/5.4.1/bin/../lib/gcc/arm-none-eabi/5.4.1/../../../../arm-none-eabi/lib/armv6-m\libg_nano.a(lib_a-impure.o)
 .rodata._ctype_
                0x00002aca      0x101 c:/program files (x86)/cypress/psoc creator/4.4/psoc creator/import/gnu/arm/5.4.1/bin/../lib/gcc/arm-none-eabi/5.4.1/../../../../arm-none-eabi/lib/armv6-m\libg_nano.a(lib_a-ctype_.o)
                0x00002aca                _ctype_
 .rodata.str1.1
                0x00002bcb       0x11 c:/program files (x86)/cypress/psoc creator/4.4/psoc creator/import/gnu/arm/5.4.1/bin/../lib/gcc/arm-none-eabi/5.4.1/../../../../arm-none-eabi/lib/armv6-m\libg_nano.a(lib_a-nano-svfprintf.o)
 .rodata.str1.1
                0x00002bdc       0x22 c:/program files (x86)/cypress/psoc creator/4.4/psoc creator/import/gnu/arm/5.4.1/bin/../lib/gcc/arm-none-eabi/5.4.1/../../../../arm-none-eabi/lib/armv6-m\libg_nano.a(lib_a-nano-vfprintf_i.o)
                0x00002c00                . = ALIGN (0x4)
 *fill*         0x00002bfe        0x2 
 *(.init)
 .init          0x00002c00        0x4 c:/program files (x86)/cypress/psoc creator/4.4/psoc creator/import/gnu/arm/5.4.1/bin/../lib/gcc/arm-none-eabi/5.4.1/armv6-m/crti.o
                0x00002c00                _init
 .init          0x00002c04        0x8 c:/program files (x86)/cypress/psoc creator/4.4/psoc creator/import/gnu/arm/5.4.1/bin/../lib/gcc/arm-none-eabi/5.4.1/armv6-m/crtn.o
                0x00002c0c                . = ALIGN (0x4)
                0x00002c0c                __preinit_array_start = .
 *(.preinit_array)
                0x00002c0c                __preinit_array_end = .
                0x00002c0c                . = ALIGN (0x4)
                0x00002c0c                __init_array_start = .
 *(SORT(.init_array.*))
 *(.init_array)
 .init_array    0x00002c0c        0x4 c:/program files (x86)/cypress/psoc creator/4.4/psoc creator/import/gnu/arm/5.4.1/bin/../lib/gcc/arm-none-eabi/5.4.1/armv6-m/crtbegin.o
 .init_array    0x00002c10        0x4 .\CortexM0p\ARM_GCC_541\Debug\Cm0plusStart.o
                0x00002c14                __init_array_end = .
                0x00002c14                . = ALIGN (0x4)
 *(.fini)
 .fini          0x00002c14        0x4 c:/program files (x86)/cypress/psoc creator/4.4/psoc creator/import/gnu/arm/5.4.1/bin/../lib/gcc/arm-none-eabi/5.4.1/armv6-m/crti.o
                0x00002c14                _fini
 .fini          0x00002c18        0x8 c:/program files (x86)/cypress/psoc creator/4.4/psoc creator/import/gnu/arm/5.4.1/bin/../lib/gcc/arm-none-eabi/5.4.1/armv6-m/crtn.o
                0x00002c20                . = ALIGN (0x4)
                0x00002c20                __fini_array_start = .
 *(.fini_array)
 .fini_array    0x00002c20        0x4 c:/program files (x86)/cypress/psoc creator/4.4/psoc creator/import/gnu/arm/5.4.1/bin/../lib/gcc/arm-none-eabi/5.4.1/armv6-m/crtbegin.o
 *(SORT(.fini_array.*))
                0x00002c24                __fini_array_end = .
                0x00002c24                . = ALIGN (0x4)
 *crtbegin.o(.ctors)
 *(EXCLUDE_FILE(*crtend.o) .ctors)
 *(SORT(.ctors.*))
 *crtend.o(.ctors)
                0x00002c24                . = ALIGN (0x4)
 *crtbegin.o(.dtors)
 *(EXCLUDE_FILE(*crtend.o) .dtors)
 *(SORT(.dtors.*))
 *crtend.o(.dtors)
                0x00002c24                . = ALIGN (0x4)
                0x00002c24                __cy_regions = .
                0x00002c24        0x4 LONG 0x2c38 __cy_region_init_ram
                0x00002c28        0x4 LONG 0x200000b8 __cy_region_start_data
                0x00002c2c        0x4 LONG 0x90 __cy_region_init_size_ram
                0x00002c30        0x4 LONG 0x60 __cy_region_zero_size_ram
                0x00002c34                __cy_regions_end = .
                0x00002c38                . = ALIGN (0x8)
 *fill*         0x00002c34        0x4 
                0x00002c38                _etext = .

.cy_checksum_exclude
                0x00002c38        0x0
 *(.cy_checksum_exclude)

.ramvectors     0x20000000       0xb4
                0x20000000                __cy_region_start_ram = .
 *(.ramvectors)
 .ramvectors    0x20000000       0xb4 .\CortexM0p\ARM_GCC_541\Debug\Cm0plusStart.o
                0x20000000                CyRamVectors

.noinit
 *(.noinit)

.data           0x200000b8       0x90 load address 0x00002c38
                0x200000b8                __cy_region_start_data = .
 *(.jcr)
 .jcr           0x200000b8        0x0 c:/program files (x86)/cypress/psoc creator/4.4/psoc creator/import/gnu/arm/5.4.1/bin/../lib/gcc/arm-none-eabi/5.4.1/armv6-m/crtbegin.o
 .jcr           0x200000b8        0x4 c:/program files (x86)/cypress/psoc creator/4.4/psoc creator/import/gnu/arm/5.4.1/bin/../lib/gcc/arm-none-eabi/5.4.1/armv6-m/crtend.o
 *(.got.plt)
 *(.got)
 *(.shdata)
 *(.data .data.* .gnu.linkonce.d.*)
 .data          0x200000bc        0x4 .\CortexM0p\ARM_GCC_541\Debug\main.o
                0x200000bc                servo_angle
                0x200000be                servo_pulse
 .data          0x200000c0        0x4 .\CortexM0p\ARM_GCC_541\Debug\Cm0plusStart.o
 .data          0x200000c4       0x14 .\CortexM0p\ARM_GCC_541\Debug\servoplusschritt.a(CyLib.o)
                0x200000c4                CySysClkPumpConfig
                0x200000c8                cydelay32kMs
                0x200000cc                cydelayFreqKhz
                0x200000d0                cydelayFreqMhz
                0x200000d4                cydelayFreqHz
 .data          0x200000d8        0x4 .\CortexM0p\ARM_GCC_541\Debug\servoplusschritt.a(CyLFClk.o)
 .data.impure_data
                0x200000dc       0x60 c:/program files (x86)/cypress/psoc creator/4.4/psoc creator/import/gnu/arm/5.4.1/bin/../lib/gcc/arm-none-eabi/5.4.1/../../../../arm-none-eabi/lib/armv6-m\libg_nano.a(lib_a-impure.o)
 .data._impure_ptr
                0x2000013c        0x4 c:/program files (x86)/cypress/psoc creator/4.4/psoc creator/import/gnu/arm/5.4.1/bin/../lib/gcc/arm-none-eabi/5.4.1/../../../../arm-none-eabi/lib/armv6-m\libg_nano.a(lib_a-impure.o)
                0x2000013c                _impure_ptr
 .data.__ctype_ptr__
                0x20000140        0x4 c:/program files (x86)/cypress/psoc creator/4.4/psoc creator/import/gnu/arm/5.4.1/bin/../lib/gcc/arm-none-eabi/5.4.1/../../../../arm-none-eabi/lib/armv6-m\libg_nano.a(lib_a-ctype_.o)
                0x20000140                __ctype_ptr__
                0x20000148                . = ALIGN (0x8)
 *fill*         0x20000144        0x4 
 *(.ram)
                0x20000148                _edata = .

.igot.plt       0x20000148        0x0 load address 0x00002cc8
 .igot.plt      0x20000148        0x0 c:/program files (x86)/cypress/psoc creator/4.4/psoc creator/import/gnu/arm/5.4.1/bin/../lib/gcc/arm-none-eabi/5.4.1/armv6-m/crtbegin.o

.bss            0x20000148       0x60 load address 0x00002cc8
                0x20000148                PROVIDE (__bss_start__, .)
 *(.shbss)
 *(.bss .bss.* .gnu.linkonce.b.*)
 .bss           0x20000148       0x1c c:/program files (x86)/cypress/psoc creator/4.4/psoc creator/import/gnu/arm/5.4.1/bin/../lib/gcc/arm-none-eabi/5.4.1/armv6-m/crtbegin.o
 .bss           0x20000164       0x12 .\CortexM0p\ARM_GCC_541\Debug\main.o
                0x20000164                stepper_position
                0x20000168                servo_sweep_active
                0x20000169                current_mode
 .bss           0x20000176        0x4 .\CortexM0p\ARM_GCC_541\Debug\servoplusschritt.a(UART.o)
                0x20000176                UART_initVar
                0x20000178                UART_IntrTxMask
 *fill*         0x2000017a        0x2 
 .bss           0x2000017c       0x18 .\CortexM0p\ARM_GCC_541\Debug\servoplusschritt.a(CyLFClk.o)
 .bss           0x20000194        0x1 .\CortexM0p\ARM_GCC_541\Debug\servoplusschritt.a(PWM_Servo.o)
                0x20000194                PWM_Servo_initVar
 *fill*         0x20000195        0x3 
 .bss.__malloc_sbrk_start
                0x20000198        0x4 c:/program files (x86)/cypress/psoc creator/4.4/psoc creator/import/gnu/arm/5.4.1/bin/../lib/gcc/arm-none-eabi/5.4.1/../../../../arm-none-eabi/lib/armv6-m\libg_nano.a(lib_a-nano-mallocr.o)
                0x20000198                __malloc_sbrk_start
 .bss.__malloc_free_list
                0x2000019c        0x4 c:/program files (x86)/cypress/psoc creator/4.4/psoc creator/import/gnu/arm/5.4.1/bin/../lib/gcc/arm-none-eabi/5.4.1/../../../../arm-none-eabi/lib/armv6-m\libg_nano.a(lib_a-nano-mallocr.o)
                0x2000019c                __malloc_free_list
 *(COMMON)
 COMMON         0x200001a0        0x4 c:/program files (x86)/cypress/psoc creator/4.4/psoc creator/import/gnu/arm/5.4.1/bin/../lib/gcc/arm-none-eabi/5.4.1/../../../../arm-none-eabi/lib/armv6-m\libg_nano.a(lib_a-reent.o)
                0x200001a0                errno
                0x200001a8                . = ALIGN (0x8)
 *fill*         0x200001a4        0x4 
 *(.ram.b)
                0x200001a8                _end = .
                0x200001a8                __end = .
                0x200001a8                PROVIDE (end, .)
                0x200001a8                PROVIDE (__bss_end__, .)
                0x00002c38                __cy_region_init_ram = LOADADDR (.data)
                0x00000090                __cy_region_init_size_ram = (_edata - ADDR (.data))
                0x00000060                __cy_region_zero_size_ram = (_end - _edata)

.heap           0x200001a8       0x80 load address 0x00002cc8
                0x200001a8                . = _end
                0x20000228                . = (. + 0x80)
 *fill*         0x200001a8       0x80 
                0x20000228                __cy_heap_limit = .

.stack          0x20007800      0x800
                0x20007800                __cy_stack_limit = .
                0x20008000                . = (. + 0x800)
 *fill*         0x20007800      0x800 
                0x00000001                ASSERT ((__cy_stack_limit >= __cy_heap_limit), region RAM overflowed with stack)
                0x00000000                cy_checksum_exclude_size = (CY_APPL_LOADABLE == 0x1)?SIZEOF (.cy_checksum_exclude):0x0
                0x00000001                ASSERT ((cy_checksum_exclude_size <= CY_CHECKSUM_EXCLUDE_SIZE), CY_BOOT: Section .cy_checksum_exclude size exceedes specified limit.)
                0x0003ffc0                cyloadermeta_start = (cy_project_type_bootloader || cy_project_type_app_for_stack_and_copier)?(LENGTH (rom) - CY_METADATA_SIZE):0xf0000000

.cyloadermeta
 *(.cyloadermeta)
                0x0003ffc0                cyloadablemeta_start = cy_project_type_app_for_stack_and_copier?((LENGTH (rom) - CY_FLASH_ROW_SIZE) - CY_METADATA_SIZE):((LENGTH (rom) - (CY_FLASH_ROW_SIZE * (CY_APPL_NUM - 0x1))) - CY_METADATA_SIZE)

.cyloadablemeta
 *(.cyloadablemeta)

.cyflashprotect
                0x90400000       0x80
 *(.cyflashprotect)
 .cyflashprotect
                0x90400000       0x80 .\CortexM0p\ARM_GCC_541\Debug\cymetadata.o
                0x90400000                cy_meta_flashprotect

.cymeta         0x90500000        0xc
 *(.cymeta)
 .cymeta        0x90500000        0xc .\CortexM0p\ARM_GCC_541\Debug\cymetadata.o
                0x90500000                cy_metadata

.cychipprotect  0x90600000        0x1
 *(.cychipprotect)
 .cychipprotect
                0x90600000        0x1 .\CortexM0p\ARM_GCC_541\Debug\cymetadata.o
                0x90600000                cy_meta_chipprotect

.rel.dyn        0x00002cc8        0x0 load address 0x90600004
 .rel.iplt      0x00002cc8        0x0 c:/program files (x86)/cypress/psoc creator/4.4/psoc creator/import/gnu/arm/5.4.1/bin/../lib/gcc/arm-none-eabi/5.4.1/armv6-m/crtbegin.o

.stab
 *(.stab)

.stabstr
 *(.stabstr)

.debug
 *(.debug)

.line
 *(.line)

.debug_srcinfo
 *(.debug_srcinfo)

.debug_sfnames
 *(.debug_sfnames)

.debug_aranges  0x00000000      0x958
 *(.debug_aranges)
 .debug_aranges
                0x00000000       0x90 .\CortexM0p\ARM_GCC_541\Debug\main.o
 .debug_aranges
                0x00000090       0x30 .\CortexM0p\ARM_GCC_541\Debug\cyfitter_cfg.o
 .debug_aranges
                0x000000c0       0x18 .\CortexM0p\ARM_GCC_541\Debug\cymetadata.o
 .debug_aranges
                0x000000d8       0x48 .\CortexM0p\ARM_GCC_541\Debug\Cm0plusStart.o
 .debug_aranges
                0x00000120       0x58 .\CortexM0p\ARM_GCC_541\Debug\servoplusschritt.a(UART.o)
 .debug_aranges
                0x00000178       0x60 .\CortexM0p\ARM_GCC_541\Debug\servoplusschritt.a(UART_SPI_UART.o)
 .debug_aranges
                0x000001d8       0x90 .\CortexM0p\ARM_GCC_541\Debug\servoplusschritt.a(UART_UART.o)
 .debug_aranges
                0x00000268       0x48 .\CortexM0p\ARM_GCC_541\Debug\servoplusschritt.a(Pin_STEP.o)
 .debug_aranges
                0x000002b0       0x48 .\CortexM0p\ARM_GCC_541\Debug\servoplusschritt.a(Pin_DIR.o)
 .debug_aranges
                0x000002f8       0x48 .\CortexM0p\ARM_GCC_541\Debug\servoplusschritt.a(Pin_ENABLE.o)
 .debug_aranges
                0x00000340      0x2b0 .\CortexM0p\ARM_GCC_541\Debug\servoplusschritt.a(CyLib.o)
 .debug_aranges
                0x000005f0      0x1a8 .\CortexM0p\ARM_GCC_541\Debug\servoplusschritt.a(CyLFClk.o)
 .debug_aranges
                0x00000798      0x158 .\CortexM0p\ARM_GCC_541\Debug\servoplusschritt.a(PWM_Servo.o)
 .debug_aranges
                0x000008f0       0x20 .\CortexM0p\ARM_GCC_541\Debug\servoplusschritt.a(CyBootAsmGnu.o)
 .debug_aranges
                0x00000910       0x48 .\CortexM0p\ARM_GCC_541\Debug\servoplusschritt.a(CyFlash.o)

.debug_pubnames
 *(.debug_pubnames)

.debug_info     0x00000000     0x5a35
 *(.debug_info .gnu.linkonce.wi.*)
 .debug_info    0x00000000     0x1485 .\CortexM0p\ARM_GCC_541\Debug\main.o
 .debug_info    0x00001485      0x170 .\CortexM0p\ARM_GCC_541\Debug\cyfitter_cfg.o
 .debug_info    0x000015f5       0xf8 .\CortexM0p\ARM_GCC_541\Debug\cymetadata.o
 .debug_info    0x000016ed      0x3a5 .\CortexM0p\ARM_GCC_541\Debug\Cm0plusStart.o
 .debug_info    0x00001a92      0x23a .\CortexM0p\ARM_GCC_541\Debug\servoplusschritt.a(UART.o)
 .debug_info    0x00001ccc      0x220 .\CortexM0p\ARM_GCC_541\Debug\servoplusschritt.a(UART_SPI_UART.o)
 .debug_info    0x00001eec      0x3b5 .\CortexM0p\ARM_GCC_541\Debug\servoplusschritt.a(UART_UART.o)
 .debug_info    0x000022a1      0x19d .\CortexM0p\ARM_GCC_541\Debug\servoplusschritt.a(Pin_STEP.o)
 .debug_info    0x0000243e      0x19d .\CortexM0p\ARM_GCC_541\Debug\servoplusschritt.a(Pin_DIR.o)
 .debug_info    0x000025db      0x19d .\CortexM0p\ARM_GCC_541\Debug\servoplusschritt.a(Pin_ENABLE.o)
 .debug_info    0x00002778     0x17fc .\CortexM0p\ARM_GCC_541\Debug\servoplusschritt.a(CyLib.o)
 .debug_info    0x00003f74      0xd06 .\CortexM0p\ARM_GCC_541\Debug\servoplusschritt.a(CyLFClk.o)
 .debug_info    0x00004c7a      0x90b .\CortexM0p\ARM_GCC_541\Debug\servoplusschritt.a(PWM_Servo.o)
 .debug_info    0x00005585       0x9e .\CortexM0p\ARM_GCC_541\Debug\servoplusschritt.a(CyBootAsmGnu.o)
 .debug_info    0x00005623      0x412 .\CortexM0p\ARM_GCC_541\Debug\servoplusschritt.a(CyFlash.o)

.debug_abbrev   0x00000000     0x1210
 *(.debug_abbrev)
 .debug_abbrev  0x00000000      0x238 .\CortexM0p\ARM_GCC_541\Debug\main.o
 .debug_abbrev  0x00000238       0xc6 .\CortexM0p\ARM_GCC_541\Debug\cyfitter_cfg.o
 .debug_abbrev  0x000002fe       0x5d .\CortexM0p\ARM_GCC_541\Debug\cymetadata.o
 .debug_abbrev  0x0000035b      0x1d0 .\CortexM0p\ARM_GCC_541\Debug\Cm0plusStart.o
 .debug_abbrev  0x0000052b       0xd5 .\CortexM0p\ARM_GCC_541\Debug\servoplusschritt.a(UART.o)
 .debug_abbrev  0x00000600      0x14f .\CortexM0p\ARM_GCC_541\Debug\servoplusschritt.a(UART_SPI_UART.o)
 .debug_abbrev  0x0000074f      0x132 .\CortexM0p\ARM_GCC_541\Debug\servoplusschritt.a(UART_UART.o)
 .debug_abbrev  0x00000881       0xc8 .\CortexM0p\ARM_GCC_541\Debug\servoplusschritt.a(Pin_STEP.o)
 .debug_abbrev  0x00000949       0xc8 .\CortexM0p\ARM_GCC_541\Debug\servoplusschritt.a(Pin_DIR.o)
 .debug_abbrev  0x00000a11       0xc8 .\CortexM0p\ARM_GCC_541\Debug\servoplusschritt.a(Pin_ENABLE.o)
 .debug_abbrev  0x00000ad9      0x265 .\CortexM0p\ARM_GCC_541\Debug\servoplusschritt.a(CyLib.o)
 .debug_abbrev  0x00000d3e      0x207 .\CortexM0p\ARM_GCC_541\Debug\servoplusschritt.a(CyLFClk.o)
 .debug_abbrev  0x00000f45      0x119 .\CortexM0p\ARM_GCC_541\Debug\servoplusschritt.a(PWM_Servo.o)
 .debug_abbrev  0x0000105e       0x14 .\CortexM0p\ARM_GCC_541\Debug\servoplusschritt.a(CyBootAsmGnu.o)
 .debug_abbrev  0x00001072      0x19e .\CortexM0p\ARM_GCC_541\Debug\servoplusschritt.a(CyFlash.o)

.debug_line     0x00000000     0x2408
 *(.debug_line)
 .debug_line    0x00000000      0x4b1 .\CortexM0p\ARM_GCC_541\Debug\main.o
 .debug_line    0x000004b1       0xb1 .\CortexM0p\ARM_GCC_541\Debug\cyfitter_cfg.o
 .debug_line    0x00000562      0x141 .\CortexM0p\ARM_GCC_541\Debug\cymetadata.o
 .debug_line    0x000006a3      0x247 .\CortexM0p\ARM_GCC_541\Debug\Cm0plusStart.o
 .debug_line    0x000008ea      0x108 .\CortexM0p\ARM_GCC_541\Debug\servoplusschritt.a(UART.o)
 .debug_line    0x000009f2      0x11a .\CortexM0p\ARM_GCC_541\Debug\servoplusschritt.a(UART_SPI_UART.o)
 .debug_line    0x00000b0c      0x1cf .\CortexM0p\ARM_GCC_541\Debug\servoplusschritt.a(UART_UART.o)
 .debug_line    0x00000cdb       0xc0 .\CortexM0p\ARM_GCC_541\Debug\servoplusschritt.a(Pin_STEP.o)
 .debug_line    0x00000d9b       0xbf .\CortexM0p\ARM_GCC_541\Debug\servoplusschritt.a(Pin_DIR.o)
 .debug_line    0x00000e5a       0xc2 .\CortexM0p\ARM_GCC_541\Debug\servoplusschritt.a(Pin_ENABLE.o)
 .debug_line    0x00000f1c      0x95e .\CortexM0p\ARM_GCC_541\Debug\servoplusschritt.a(CyLib.o)
 .debug_line    0x0000187a      0x5c1 .\CortexM0p\ARM_GCC_541\Debug\servoplusschritt.a(CyLFClk.o)
 .debug_line    0x00001e3b      0x382 .\CortexM0p\ARM_GCC_541\Debug\servoplusschritt.a(PWM_Servo.o)
 .debug_line    0x000021bd       0x68 .\CortexM0p\ARM_GCC_541\Debug\servoplusschritt.a(CyBootAsmGnu.o)
 .debug_line    0x00002225      0x1e3 .\CortexM0p\ARM_GCC_541\Debug\servoplusschritt.a(CyFlash.o)

.debug_frame    0x00000000     0x1b70
 *(.debug_frame)
 .debug_frame   0x00000000      0x1c8 .\CortexM0p\ARM_GCC_541\Debug\main.o
 .debug_frame   0x000001c8       0x5c .\CortexM0p\ARM_GCC_541\Debug\cyfitter_cfg.o
 .debug_frame   0x00000224       0xbc .\CortexM0p\ARM_GCC_541\Debug\Cm0plusStart.o
 .debug_frame   0x000002e0       0xd8 .\CortexM0p\ARM_GCC_541\Debug\servoplusschritt.a(UART.o)
 .debug_frame   0x000003b8       0xb0 .\CortexM0p\ARM_GCC_541\Debug\servoplusschritt.a(UART_SPI_UART.o)
 .debug_frame   0x00000468      0x144 .\CortexM0p\ARM_GCC_541\Debug\servoplusschritt.a(UART_UART.o)
 .debug_frame   0x000005ac       0x70 .\CortexM0p\ARM_GCC_541\Debug\servoplusschritt.a(Pin_STEP.o)
 .debug_frame   0x0000061c       0x70 .\CortexM0p\ARM_GCC_541\Debug\servoplusschritt.a(Pin_DIR.o)
 .debug_frame   0x0000068c       0x70 .\CortexM0p\ARM_GCC_541\Debug\servoplusschritt.a(Pin_ENABLE.o)
 .debug_frame   0x000006fc      0x778 .\CortexM0p\ARM_GCC_541\Debug\servoplusschritt.a(CyLib.o)
 .debug_frame   0x00000e74      0x484 .\CortexM0p\ARM_GCC_541\Debug\servoplusschritt.a(CyLFClk.o)
 .debug_frame   0x000012f8      0x3a0 .\CortexM0p\ARM_GCC_541\Debug\servoplusschritt.a(PWM_Servo.o)
 .debug_frame   0x00001698       0xa8 .\CortexM0p\ARM_GCC_541\Debug\servoplusschritt.a(CyFlash.o)
 .debug_frame   0x00001740       0x20 c:/program files (x86)/cypress/psoc creator/4.4/psoc creator/import/gnu/arm/5.4.1/bin/../lib/gcc/arm-none-eabi/5.4.1/armv6-m\libgcc.a(_udivsi3.o)
 .debug_frame   0x00001760       0x20 c:/program files (x86)/cypress/psoc creator/4.4/psoc creator/import/gnu/arm/5.4.1/bin/../lib/gcc/arm-none-eabi/5.4.1/armv6-m\libgcc.a(_divsi3.o)
 .debug_frame   0x00001780       0x40 c:/program files (x86)/cypress/psoc creator/4.4/psoc creator/import/gnu/arm/5.4.1/bin/../lib/gcc/arm-none-eabi/5.4.1/../../../../arm-none-eabi/lib/armv6-m\libg_nano.a(lib_a-atoi.o)
 .debug_frame   0x000017c0       0x20 c:/program files (x86)/cypress/psoc creator/4.4/psoc creator/import/gnu/arm/5.4.1/bin/../lib/gcc/arm-none-eabi/5.4.1/../../../../arm-none-eabi/lib/armv6-m\libg_nano.a(lib_a-errno.o)
 .debug_frame   0x000017e0       0x28 c:/program files (x86)/cypress/psoc creator/4.4/psoc creator/import/gnu/arm/5.4.1/bin/../lib/gcc/arm-none-eabi/5.4.1/../../../../arm-none-eabi/lib/armv6-m\libg_nano.a(lib_a-exit.o)
 .debug_frame   0x00001808       0x2c c:/program files (x86)/cypress/psoc creator/4.4/psoc creator/import/gnu/arm/5.4.1/bin/../lib/gcc/arm-none-eabi/5.4.1/../../../../arm-none-eabi/lib/armv6-m\libg_nano.a(lib_a-init.o)
 .debug_frame   0x00001834       0x28 c:/program files (x86)/cypress/psoc creator/4.4/psoc creator/import/gnu/arm/5.4.1/bin/../lib/gcc/arm-none-eabi/5.4.1/../../../../arm-none-eabi/lib/armv6-m\libg_nano.a(lib_a-memcpy-stub.o)
 .debug_frame   0x0000185c       0x20 c:/program files (x86)/cypress/psoc creator/4.4/psoc creator/import/gnu/arm/5.4.1/bin/../lib/gcc/arm-none-eabi/5.4.1/../../../../arm-none-eabi/lib/armv6-m\libg_nano.a(lib_a-memset.o)
 .debug_frame   0x0000187c       0x50 c:/program files (x86)/cypress/psoc creator/4.4/psoc creator/import/gnu/arm/5.4.1/bin/../lib/gcc/arm-none-eabi/5.4.1/../../../../arm-none-eabi/lib/armv6-m\libg_nano.a(lib_a-sprintf.o)
 .debug_frame   0x000018cc       0x48 c:/program files (x86)/cypress/psoc creator/4.4/psoc creator/import/gnu/arm/5.4.1/bin/../lib/gcc/arm-none-eabi/5.4.1/../../../../arm-none-eabi/lib/armv6-m\libg_nano.a(lib_a-strtol.o)
 .debug_frame   0x00001914       0x74 c:/program files (x86)/cypress/psoc creator/4.4/psoc creator/import/gnu/arm/5.4.1/bin/../lib/gcc/arm-none-eabi/5.4.1/../../../../arm-none-eabi/lib/armv6-m\libg_nano.a(lib_a-nano-svfprintf.o)
 .debug_frame   0x00001988       0x54 c:/program files (x86)/cypress/psoc creator/4.4/psoc creator/import/gnu/arm/5.4.1/bin/../lib/gcc/arm-none-eabi/5.4.1/../../../../arm-none-eabi/lib/armv6-m\libg_nano.a(lib_a-nano-vfprintf_i.o)
 .debug_frame   0x000019dc       0x20 c:/program files (x86)/cypress/psoc creator/4.4/psoc creator/import/gnu/arm/5.4.1/bin/../lib/gcc/arm-none-eabi/5.4.1/../../../../arm-none-eabi/lib/armv6-m\libg_nano.a(lib_a-memchr-stub.o)
 .debug_frame   0x000019fc       0x28 c:/program files (x86)/cypress/psoc creator/4.4/psoc creator/import/gnu/arm/5.4.1/bin/../lib/gcc/arm-none-eabi/5.4.1/../../../../arm-none-eabi/lib/armv6-m\libg_nano.a(lib_a-memmove.o)
 .debug_frame   0x00001a24       0x2c c:/program files (x86)/cypress/psoc creator/4.4/psoc creator/import/gnu/arm/5.4.1/bin/../lib/gcc/arm-none-eabi/5.4.1/../../../../arm-none-eabi/lib/armv6-m\libg_nano.a(lib_a-nano-freer.o)
 .debug_frame   0x00001a50       0x2c c:/program files (x86)/cypress/psoc creator/4.4/psoc creator/import/gnu/arm/5.4.1/bin/../lib/gcc/arm-none-eabi/5.4.1/../../../../arm-none-eabi/lib/armv6-m\libg_nano.a(lib_a-nano-mallocr.o)
 .debug_frame   0x00001a7c       0x30 c:/program files (x86)/cypress/psoc creator/4.4/psoc creator/import/gnu/arm/5.4.1/bin/../lib/gcc/arm-none-eabi/5.4.1/../../../../arm-none-eabi/lib/armv6-m\libg_nano.a(lib_a-nano-reallocr.o)
 .debug_frame   0x00001aac       0x2c c:/program files (x86)/cypress/psoc creator/4.4/psoc creator/import/gnu/arm/5.4.1/bin/../lib/gcc/arm-none-eabi/5.4.1/../../../../arm-none-eabi/lib/armv6-m\libg_nano.a(lib_a-sbrkr.o)
 .debug_frame   0x00001ad8       0x30 c:/program files (x86)/cypress/psoc creator/4.4/psoc creator/import/gnu/arm/5.4.1/bin/../lib/gcc/arm-none-eabi/5.4.1/../../../../arm-none-eabi/lib/armv6-m\libg_nano.a(lib_a-mlock.o)
 .debug_frame   0x00001b08       0x20 c:/program files (x86)/cypress/psoc creator/4.4/psoc creator/import/gnu/arm/5.4.1/bin/../lib/gcc/arm-none-eabi/5.4.1/../../../../arm-none-eabi/lib/armv6-m\libg_nano.a(lib_a-nano-msizer.o)
 .debug_frame   0x00001b28       0x48 c:/program files (x86)/cypress/psoc creator/4.4/psoc creator/import/gnu/arm/5.4.1/bin/../lib/gcc/arm-none-eabi/5.4.1/../../../../arm-none-eabi/lib/armv6-m\libg_nano.a(lib_a-reent.o)

.debug_str      0x00000000     0x213d
 *(.debug_str)
 .debug_str     0x00000000      0x3cf .\CortexM0p\ARM_GCC_541\Debug\main.o
                                0x432 (size before relaxing)
 .debug_str     0x000003cf       0x9c .\CortexM0p\ARM_GCC_541\Debug\cyfitter_cfg.o
                                0x230 (size before relaxing)
 .debug_str     0x0000046b       0x59 .\CortexM0p\ARM_GCC_541\Debug\cymetadata.o
                                0x1da (size before relaxing)
 .debug_str     0x000004c4      0x155 .\CortexM0p\ARM_GCC_541\Debug\Cm0plusStart.o
                                0x321 (size before relaxing)
 .debug_str     0x00000619       0xf7 .\CortexM0p\ARM_GCC_541\Debug\servoplusschritt.a(UART.o)
                                0x2a9 (size before relaxing)
 .debug_str     0x00000710      0x11d .\CortexM0p\ARM_GCC_541\Debug\servoplusschritt.a(UART_SPI_UART.o)
                                0x2e0 (size before relaxing)
 .debug_str     0x0000082d      0x175 .\CortexM0p\ARM_GCC_541\Debug\servoplusschritt.a(UART_UART.o)
                                0x3da (size before relaxing)
 .debug_str     0x000009a2       0xae .\CortexM0p\ARM_GCC_541\Debug\servoplusschritt.a(Pin_STEP.o)
                                0x25d (size before relaxing)
 .debug_str     0x00000a50       0x87 .\CortexM0p\ARM_GCC_541\Debug\servoplusschritt.a(Pin_DIR.o)
                                0x256 (size before relaxing)
 .debug_str     0x00000ad7       0x99 .\CortexM0p\ARM_GCC_541\Debug\servoplusschritt.a(Pin_ENABLE.o)
                                0x26b (size before relaxing)
 .debug_str     0x00000b70      0xa14 .\CortexM0p\ARM_GCC_541\Debug\servoplusschritt.a(CyLib.o)
                                0xc35 (size before relaxing)
 .debug_str     0x00001584      0x63d .\CortexM0p\ARM_GCC_541\Debug\servoplusschritt.a(CyLFClk.o)
                                0x8ab (size before relaxing)
 .debug_str     0x00001bc1      0x458 .\CortexM0p\ARM_GCC_541\Debug\servoplusschritt.a(PWM_Servo.o)
                                0x66b (size before relaxing)
 .debug_str     0x00002019      0x124 .\CortexM0p\ARM_GCC_541\Debug\servoplusschritt.a(CyFlash.o)
                                0x334 (size before relaxing)

.debug_loc      0x00000000     0x3335
 *(.debug_loc)
 .debug_loc     0x00000000      0x425 .\CortexM0p\ARM_GCC_541\Debug\main.o
 .debug_loc     0x00000425      0x14f .\CortexM0p\ARM_GCC_541\Debug\Cm0plusStart.o
 .debug_loc     0x00000574       0x7e .\CortexM0p\ARM_GCC_541\Debug\servoplusschritt.a(UART.o)
 .debug_loc     0x000005f2       0x96 .\CortexM0p\ARM_GCC_541\Debug\servoplusschritt.a(UART_SPI_UART.o)
 .debug_loc     0x00000688      0x223 .\CortexM0p\ARM_GCC_541\Debug\servoplusschritt.a(UART_UART.o)
 .debug_loc     0x000008ab       0xa2 .\CortexM0p\ARM_GCC_541\Debug\servoplusschritt.a(Pin_STEP.o)
 .debug_loc     0x0000094d       0xa2 .\CortexM0p\ARM_GCC_541\Debug\servoplusschritt.a(Pin_DIR.o)
 .debug_loc     0x000009ef       0xa2 .\CortexM0p\ARM_GCC_541\Debug\servoplusschritt.a(Pin_ENABLE.o)
 .debug_loc     0x00000a91     0x1718 .\CortexM0p\ARM_GCC_541\Debug\servoplusschritt.a(CyLib.o)
 .debug_loc     0x000021a9      0xa88 .\CortexM0p\ARM_GCC_541\Debug\servoplusschritt.a(CyLFClk.o)
 .debug_loc     0x00002c31      0x547 .\CortexM0p\ARM_GCC_541\Debug\servoplusschritt.a(PWM_Servo.o)
 .debug_loc     0x00003178      0x1bd .\CortexM0p\ARM_GCC_541\Debug\servoplusschritt.a(CyFlash.o)

.debug_macinfo
 *(.debug_macinfo)

.debug_ranges   0x00000000      0x868
 *(.debug_ranges)
 .debug_ranges  0x00000000       0x98 .\CortexM0p\ARM_GCC_541\Debug\main.o
 .debug_ranges  0x00000098       0x20 .\CortexM0p\ARM_GCC_541\Debug\cyfitter_cfg.o
 .debug_ranges  0x000000b8       0x38 .\CortexM0p\ARM_GCC_541\Debug\Cm0plusStart.o
 .debug_ranges  0x000000f0       0x48 .\CortexM0p\ARM_GCC_541\Debug\servoplusschritt.a(UART.o)
 .debug_ranges  0x00000138       0x50 .\CortexM0p\ARM_GCC_541\Debug\servoplusschritt.a(UART_SPI_UART.o)
 .debug_ranges  0x00000188       0x80 .\CortexM0p\ARM_GCC_541\Debug\servoplusschritt.a(UART_UART.o)
 .debug_ranges  0x00000208       0x38 .\CortexM0p\ARM_GCC_541\Debug\servoplusschritt.a(Pin_STEP.o)
 .debug_ranges  0x00000240       0x38 .\CortexM0p\ARM_GCC_541\Debug\servoplusschritt.a(Pin_DIR.o)
 .debug_ranges  0x00000278       0x38 .\CortexM0p\ARM_GCC_541\Debug\servoplusschritt.a(Pin_ENABLE.o)
 .debug_ranges  0x000002b0      0x2a0 .\CortexM0p\ARM_GCC_541\Debug\servoplusschritt.a(CyLib.o)
 .debug_ranges  0x00000550      0x198 .\CortexM0p\ARM_GCC_541\Debug\servoplusschritt.a(CyLFClk.o)
 .debug_ranges  0x000006e8      0x148 .\CortexM0p\ARM_GCC_541\Debug\servoplusschritt.a(PWM_Servo.o)
 .debug_ranges  0x00000830       0x38 .\CortexM0p\ARM_GCC_541\Debug\servoplusschritt.a(CyFlash.o)

.comment        0x00000000       0x6e
 .comment       0x00000000       0x6e .\CortexM0p\ARM_GCC_541\Debug\main.o
                                 0x6f (size before relaxing)
 .comment       0x0000006e       0x6f .\CortexM0p\ARM_GCC_541\Debug\cyfitter_cfg.o
 .comment       0x0000006e       0x6f .\CortexM0p\ARM_GCC_541\Debug\cymetadata.o
 .comment       0x0000006e       0x6f .\CortexM0p\ARM_GCC_541\Debug\Cm0plusStart.o
 .comment       0x0000006e       0x6f .\CortexM0p\ARM_GCC_541\Debug\servoplusschritt.a(UART.o)
 .comment       0x0000006e       0x6f .\CortexM0p\ARM_GCC_541\Debug\servoplusschritt.a(UART_SPI_UART.o)
 .comment       0x0000006e       0x6f .\CortexM0p\ARM_GCC_541\Debug\servoplusschritt.a(UART_UART.o)
 .comment       0x0000006e       0x6f .\CortexM0p\ARM_GCC_541\Debug\servoplusschritt.a(Pin_STEP.o)
 .comment       0x0000006e       0x6f .\CortexM0p\ARM_GCC_541\Debug\servoplusschritt.a(Pin_DIR.o)
 .comment       0x0000006e       0x6f .\CortexM0p\ARM_GCC_541\Debug\servoplusschritt.a(Pin_ENABLE.o)
 .comment       0x0000006e       0x6f .\CortexM0p\ARM_GCC_541\Debug\servoplusschritt.a(CyLib.o)
 .comment       0x0000006e       0x6f .\CortexM0p\ARM_GCC_541\Debug\servoplusschritt.a(CyLFClk.o)
 .comment       0x0000006e       0x6f .\CortexM0p\ARM_GCC_541\Debug\servoplusschritt.a(PWM_Servo.o)
 .comment       0x0000006e       0x6f .\CortexM0p\ARM_GCC_541\Debug\servoplusschritt.a(CyFlash.o)

.debug_weaknames
 *(.debug_weaknames)

.debug_funcnames
 *(.debug_funcnames)

.debug_typenames
 *(.debug_typenames)

.debug_varnames
 *(.debug_varnames)

.note.gnu.arm.ident
 *(.note.gnu.arm.ident)

.ARM.attributes
                0x00000000       0x28
 *(.ARM.attributes)
 .ARM.attributes
                0x00000000       0x1e c:/program files (x86)/cypress/psoc creator/4.4/psoc creator/import/gnu/arm/5.4.1/bin/../lib/gcc/arm-none-eabi/5.4.1/armv6-m/crti.o
 .ARM.attributes
                0x0000001e       0x2c c:/program files (x86)/cypress/psoc creator/4.4/psoc creator/import/gnu/arm/5.4.1/bin/../lib/gcc/arm-none-eabi/5.4.1/armv6-m/crtbegin.o
 .ARM.attributes
                0x0000004a       0x1b c:/program files (x86)/cypress/psoc creator/4.4/psoc creator/import/gnu/arm/5.4.1/bin/../lib/gcc/arm-none-eabi/5.4.1/../../../../arm-none-eabi/lib/armv6-m/crt0.o
 .ARM.attributes
                0x00000065       0x32 .\CortexM0p\ARM_GCC_541\Debug\main.o
 .ARM.attributes
                0x00000097       0x32 .\CortexM0p\ARM_GCC_541\Debug\cyfitter_cfg.o
 .ARM.attributes
                0x000000c9       0x32 .\CortexM0p\ARM_GCC_541\Debug\cymetadata.o
 .ARM.attributes
                0x000000fb       0x32 .\CortexM0p\ARM_GCC_541\Debug\Cm0plusStart.o
 .ARM.attributes
                0x0000012d       0x32 .\CortexM0p\ARM_GCC_541\Debug\servoplusschritt.a(UART.o)
 .ARM.attributes
                0x0000015f       0x32 .\CortexM0p\ARM_GCC_541\Debug\servoplusschritt.a(UART_SPI_UART.o)
 .ARM.attributes
                0x00000191       0x32 .\CortexM0p\ARM_GCC_541\Debug\servoplusschritt.a(UART_UART.o)
 .ARM.attributes
                0x000001c3       0x32 .\CortexM0p\ARM_GCC_541\Debug\servoplusschritt.a(Pin_STEP.o)
 .ARM.attributes
                0x000001f5       0x32 .\CortexM0p\ARM_GCC_541\Debug\servoplusschritt.a(Pin_DIR.o)
 .ARM.attributes
                0x00000227       0x32 .\CortexM0p\ARM_GCC_541\Debug\servoplusschritt.a(Pin_ENABLE.o)
 .ARM.attributes
                0x00000259       0x32 .\CortexM0p\ARM_GCC_541\Debug\servoplusschritt.a(CyLib.o)
 .ARM.attributes
                0x0000028b       0x32 .\CortexM0p\ARM_GCC_541\Debug\servoplusschritt.a(CyLFClk.o)
 .ARM.attributes
                0x000002bd       0x32 .\CortexM0p\ARM_GCC_541\Debug\servoplusschritt.a(PWM_Servo.o)
 .ARM.attributes
                0x000002ef       0x22 .\CortexM0p\ARM_GCC_541\Debug\servoplusschritt.a(CyBootAsmGnu.o)
 .ARM.attributes
                0x00000311       0x32 .\CortexM0p\ARM_GCC_541\Debug\servoplusschritt.a(CyFlash.o)
 .ARM.attributes
                0x00000343       0x1e c:/program files (x86)/cypress/psoc creator/4.4/psoc creator/import/gnu/arm/5.4.1/bin/../lib/gcc/arm-none-eabi/5.4.1/armv6-m\libgcc.a(_udivsi3.o)
 .ARM.attributes
                0x00000361       0x1e c:/program files (x86)/cypress/psoc creator/4.4/psoc creator/import/gnu/arm/5.4.1/bin/../lib/gcc/arm-none-eabi/5.4.1/armv6-m\libgcc.a(_divsi3.o)
 .ARM.attributes
                0x0000037f       0x1e c:/program files (x86)/cypress/psoc creator/4.4/psoc creator/import/gnu/arm/5.4.1/bin/../lib/gcc/arm-none-eabi/5.4.1/armv6-m\libgcc.a(_dvmd_tls.o)
 .ARM.attributes
                0x0000039d       0x2c c:/program files (x86)/cypress/psoc creator/4.4/psoc creator/import/gnu/arm/5.4.1/bin/../lib/gcc/arm-none-eabi/5.4.1/../../../../arm-none-eabi/lib/armv6-m\libg_nano.a(lib_a-atoi.o)
 .ARM.attributes
                0x000003c9       0x2c c:/program files (x86)/cypress/psoc creator/4.4/psoc creator/import/gnu/arm/5.4.1/bin/../lib/gcc/arm-none-eabi/5.4.1/../../../../arm-none-eabi/lib/armv6-m\libg_nano.a(lib_a-errno.o)
 .ARM.attributes
                0x000003f5       0x2c c:/program files (x86)/cypress/psoc creator/4.4/psoc creator/import/gnu/arm/5.4.1/bin/../lib/gcc/arm-none-eabi/5.4.1/../../../../arm-none-eabi/lib/armv6-m\libg_nano.a(lib_a-exit.o)
 .ARM.attributes
                0x00000421       0x2c c:/program files (x86)/cypress/psoc creator/4.4/psoc creator/import/gnu/arm/5.4.1/bin/../lib/gcc/arm-none-eabi/5.4.1/../../../../arm-none-eabi/lib/armv6-m\libg_nano.a(lib_a-impure.o)
 .ARM.attributes
                0x0000044d       0x2c c:/program files (x86)/cypress/psoc creator/4.4/psoc creator/import/gnu/arm/5.4.1/bin/../lib/gcc/arm-none-eabi/5.4.1/../../../../arm-none-eabi/lib/armv6-m\libg_nano.a(lib_a-init.o)
 .ARM.attributes
                0x00000479       0x2c c:/program files (x86)/cypress/psoc creator/4.4/psoc creator/import/gnu/arm/5.4.1/bin/../lib/gcc/arm-none-eabi/5.4.1/../../../../arm-none-eabi/lib/armv6-m\libg_nano.a(lib_a-memcpy-stub.o)
 .ARM.attributes
                0x000004a5       0x2c c:/program files (x86)/cypress/psoc creator/4.4/psoc creator/import/gnu/arm/5.4.1/bin/../lib/gcc/arm-none-eabi/5.4.1/../../../../arm-none-eabi/lib/armv6-m\libg_nano.a(lib_a-memset.o)
 .ARM.attributes
                0x000004d1       0x2c c:/program files (x86)/cypress/psoc creator/4.4/psoc creator/import/gnu/arm/5.4.1/bin/../lib/gcc/arm-none-eabi/5.4.1/../../../../arm-none-eabi/lib/armv6-m\libg_nano.a(lib_a-sprintf.o)
 .ARM.attributes
                0x000004fd       0x2c c:/program files (x86)/cypress/psoc creator/4.4/psoc creator/import/gnu/arm/5.4.1/bin/../lib/gcc/arm-none-eabi/5.4.1/../../../../arm-none-eabi/lib/armv6-m\libg_nano.a(lib_a-strtol.o)
 .ARM.attributes
                0x00000529       0x2c c:/program files (x86)/cypress/psoc creator/4.4/psoc creator/import/gnu/arm/5.4.1/bin/../lib/gcc/arm-none-eabi/5.4.1/../../../../arm-none-eabi/lib/armv6-m\libg_nano.a(lib_a-ctype_.o)
 .ARM.attributes
                0x00000555       0x2c c:/program files (x86)/cypress/psoc creator/4.4/psoc creator/import/gnu/arm/5.4.1/bin/../lib/gcc/arm-none-eabi/5.4.1/../../../../arm-none-eabi/lib/armv6-m\libg_nano.a(lib_a-nano-svfprintf.o)
 .ARM.attributes
                0x00000581       0x2c c:/program files (x86)/cypress/psoc creator/4.4/psoc creator/import/gnu/arm/5.4.1/bin/../lib/gcc/arm-none-eabi/5.4.1/../../../../arm-none-eabi/lib/armv6-m\libg_nano.a(lib_a-nano-vfprintf_i.o)
 .ARM.attributes
                0x000005ad       0x2c c:/program files (x86)/cypress/psoc creator/4.4/psoc creator/import/gnu/arm/5.4.1/bin/../lib/gcc/arm-none-eabi/5.4.1/../../../../arm-none-eabi/lib/armv6-m\libg_nano.a(lib_a-memchr-stub.o)
 .ARM.attributes
                0x000005d9       0x2c c:/program files (x86)/cypress/psoc creator/4.4/psoc creator/import/gnu/arm/5.4.1/bin/../lib/gcc/arm-none-eabi/5.4.1/../../../../arm-none-eabi/lib/armv6-m\libg_nano.a(lib_a-memmove.o)
 .ARM.attributes
                0x00000605       0x2c c:/program files (x86)/cypress/psoc creator/4.4/psoc creator/import/gnu/arm/5.4.1/bin/../lib/gcc/arm-none-eabi/5.4.1/../../../../arm-none-eabi/lib/armv6-m\libg_nano.a(lib_a-nano-freer.o)
 .ARM.attributes
                0x00000631       0x2c c:/program files (x86)/cypress/psoc creator/4.4/psoc creator/import/gnu/arm/5.4.1/bin/../lib/gcc/arm-none-eabi/5.4.1/../../../../arm-none-eabi/lib/armv6-m\libg_nano.a(lib_a-nano-mallocr.o)
 .ARM.attributes
                0x0000065d       0x2c c:/program files (x86)/cypress/psoc creator/4.4/psoc creator/import/gnu/arm/5.4.1/bin/../lib/gcc/arm-none-eabi/5.4.1/../../../../arm-none-eabi/lib/armv6-m\libg_nano.a(lib_a-nano-reallocr.o)
 .ARM.attributes
                0x00000689       0x2c c:/program files (x86)/cypress/psoc creator/4.4/psoc creator/import/gnu/arm/5.4.1/bin/../lib/gcc/arm-none-eabi/5.4.1/../../../../arm-none-eabi/lib/armv6-m\libg_nano.a(lib_a-sbrkr.o)
 .ARM.attributes
                0x000006b5       0x2c c:/program files (x86)/cypress/psoc creator/4.4/psoc creator/import/gnu/arm/5.4.1/bin/../lib/gcc/arm-none-eabi/5.4.1/../../../../arm-none-eabi/lib/armv6-m\libg_nano.a(lib_a-mlock.o)
 .ARM.attributes
                0x000006e1       0x2c c:/program files (x86)/cypress/psoc creator/4.4/psoc creator/import/gnu/arm/5.4.1/bin/../lib/gcc/arm-none-eabi/5.4.1/../../../../arm-none-eabi/lib/armv6-m\libg_nano.a(lib_a-nano-msizer.o)
 .ARM.attributes
                0x0000070d       0x2c c:/program files (x86)/cypress/psoc creator/4.4/psoc creator/import/gnu/arm/5.4.1/bin/../lib/gcc/arm-none-eabi/5.4.1/../../../../arm-none-eabi/lib/armv6-m\libg_nano.a(lib_a-reent.o)
 .ARM.attributes
                0x00000739       0x2c c:/program files (x86)/cypress/psoc creator/4.4/psoc creator/import/gnu/arm/5.4.1/bin/../lib/gcc/arm-none-eabi/5.4.1/armv6-m/crtend.o
 .ARM.attributes
                0x00000765       0x1e c:/program files (x86)/cypress/psoc creator/4.4/psoc creator/import/gnu/arm/5.4.1/bin/../lib/gcc/arm-none-eabi/5.4.1/armv6-m/crtn.o

/DISCARD/
 *(.note.GNU-stack)
OUTPUT(C:\Users\12548\Studies_Works\IP\2Motorlaufen\Workspace01\servoplusschritt.cydsn\CortexM0p\ARM_GCC_541\Debug\servoplusschritt.elf elf32-littlearm)
