Archive member included to satisfy reference by file (symbol)

.\CortexM0p\ARM_GCC_541\Debug\VL6180X_Distance_Test.a(UART.o)
                              .\CortexM0p\ARM_GCC_541\Debug\main.o (UART_Start)
.\CortexM0p\ARM_GCC_541\Debug\VL6180X_Distance_Test.a(UART_UART.o)
                              .\CortexM0p\ARM_GCC_541\Debug\VL6180X_Distance_Test.a(UART.o) (UART_UartInit)
.\CortexM0p\ARM_GCC_541\Debug\VL6180X_Distance_Test.a(CyLib.o)
                              .\CortexM0p\ARM_GCC_541\Debug\cyfitter_cfg.o (CyIntEnable)
.\CortexM0p\ARM_GCC_541\Debug\VL6180X_Distance_Test.a(CyLFClk.o)
                              .\CortexM0p\ARM_GCC_541\Debug\VL6180X_Distance_Test.a(CyLib.o) (CySysClkWcoEnabled)
.\CortexM0p\ARM_GCC_541\Debug\VL6180X_Distance_Test.a(I2C_Distance.o)
                              .\CortexM0p\ARM_GCC_541\Debug\main.o (I2C_Distance_Start)
.\CortexM0p\ARM_GCC_541\Debug\VL6180X_Distance_Test.a(I2C_Distance_I2C.o)
                              .\CortexM0p\ARM_GCC_541\Debug\VL6180X_Distance_Test.a(I2C_Distance.o) (I2C_Distance_I2CInit)
.\CortexM0p\ARM_GCC_541\Debug\VL6180X_Distance_Test.a(I2C_Distance_I2C_MASTER.o)
                              .\CortexM0p\ARM_GCC_541\Debug\main.o (I2C_Distance_I2CMasterSendStart)
.\CortexM0p\ARM_GCC_541\Debug\VL6180X_Distance_Test.a(CyBootAsmGnu.o)
                              .\CortexM0p\ARM_GCC_541\Debug\VL6180X_Distance_Test.a(CyLib.o) (CyDelayCycles)
.\CortexM0p\ARM_GCC_541\Debug\VL6180X_Distance_Test.a(UART_SPI_UART.o)
                              .\CortexM0p\ARM_GCC_541\Debug\VL6180X_Distance_Test.a(UART_UART.o) (UART_SpiUartReadRxData)
.\CortexM0p\ARM_GCC_541\Debug\VL6180X_Distance_Test.a(CyFlash.o)
                              .\CortexM0p\ARM_GCC_541\Debug\VL6180X_Distance_Test.a(CyLib.o) (CySysFlashSetWaitCycles)
.\CortexM0p\ARM_GCC_541\Debug\VL6180X_Distance_Test.a(I2C_Distance_I2C_INT.o)
                              .\CortexM0p\ARM_GCC_541\Debug\VL6180X_Distance_Test.a(I2C_Distance_I2C.o) (I2C_Distance_I2C_ISR)
c:/program files (x86)/cypress/psoc creator/4.4/psoc creator/import/gnu/arm/5.4.1/bin/../lib/gcc/arm-none-eabi/5.4.1/armv6-m\libgcc.a(_udivsi3.o)
                              .\CortexM0p\ARM_GCC_541\Debug\main.o (__aeabi_uidiv)
c:/program files (x86)/cypress/psoc creator/4.4/psoc creator/import/gnu/arm/5.4.1/bin/../lib/gcc/arm-none-eabi/5.4.1/armv6-m\libgcc.a(_divsi3.o)
                              .\CortexM0p\ARM_GCC_541\Debug\VL6180X_Distance_Test.a(CyLib.o) (__aeabi_idiv)
c:/program files (x86)/cypress/psoc creator/4.4/psoc creator/import/gnu/arm/5.4.1/bin/../lib/gcc/arm-none-eabi/5.4.1/armv6-m\libgcc.a(_dvmd_tls.o)
                              c:/program files (x86)/cypress/psoc creator/4.4/psoc creator/import/gnu/arm/5.4.1/bin/../lib/gcc/arm-none-eabi/5.4.1/armv6-m\libgcc.a(_udivsi3.o) (__aeabi_idiv0)
c:/program files (x86)/cypress/psoc creator/4.4/psoc creator/import/gnu/arm/5.4.1/bin/../lib/gcc/arm-none-eabi/5.4.1/../../../../arm-none-eabi/lib/armv6-m\libg_nano.a(lib_a-errno.o)
                              .\CortexM0p\ARM_GCC_541\Debug\Cm0plusStart.o (__errno)
c:/program files (x86)/cypress/psoc creator/4.4/psoc creator/import/gnu/arm/5.4.1/bin/../lib/gcc/arm-none-eabi/5.4.1/../../../../arm-none-eabi/lib/armv6-m\libg_nano.a(lib_a-exit.o)
                              c:/program files (x86)/cypress/psoc creator/4.4/psoc creator/import/gnu/arm/5.4.1/bin/../lib/gcc/arm-none-eabi/5.4.1/../../../../arm-none-eabi/lib/armv6-m/crt0.o (exit)
c:/program files (x86)/cypress/psoc creator/4.4/psoc creator/import/gnu/arm/5.4.1/bin/../lib/gcc/arm-none-eabi/5.4.1/../../../../arm-none-eabi/lib/armv6-m\libg_nano.a(lib_a-impure.o)
                              c:/program files (x86)/cypress/psoc creator/4.4/psoc creator/import/gnu/arm/5.4.1/bin/../lib/gcc/arm-none-eabi/5.4.1/../../../../arm-none-eabi/lib/armv6-m\libg_nano.a(lib_a-exit.o) (_global_impure_ptr)
c:/program files (x86)/cypress/psoc creator/4.4/psoc creator/import/gnu/arm/5.4.1/bin/../lib/gcc/arm-none-eabi/5.4.1/../../../../arm-none-eabi/lib/armv6-m\libg_nano.a(lib_a-init.o)
                              c:/program files (x86)/cypress/psoc creator/4.4/psoc creator/import/gnu/arm/5.4.1/bin/../lib/gcc/arm-none-eabi/5.4.1/../../../../arm-none-eabi/lib/armv6-m/crt0.o (__libc_init_array)
c:/program files (x86)/cypress/psoc creator/4.4/psoc creator/import/gnu/arm/5.4.1/bin/../lib/gcc/arm-none-eabi/5.4.1/../../../../arm-none-eabi/lib/armv6-m\libg_nano.a(lib_a-memcpy-stub.o)
                              .\CortexM0p\ARM_GCC_541\Debug\VL6180X_Distance_Test.a(CyFlash.o) (memcpy)
c:/program files (x86)/cypress/psoc creator/4.4/psoc creator/import/gnu/arm/5.4.1/bin/../lib/gcc/arm-none-eabi/5.4.1/../../../../arm-none-eabi/lib/armv6-m\libg_nano.a(lib_a-memset.o)
                              c:/program files (x86)/cypress/psoc creator/4.4/psoc creator/import/gnu/arm/5.4.1/bin/../lib/gcc/arm-none-eabi/5.4.1/../../../../arm-none-eabi/lib/armv6-m/crt0.o (memset)
[...]
Memory Configuration

Name             Origin             Length             Attributes
rom              0x00000000         0x00040000         xr
ram              0x20000000         0x00008000         xrw
*default*        0x00000000         0xffffffff

Linker script and memory map

LOAD c:/program files (x86)/cypress/psoc creator/4.4/psoc creator/import/gnu/arm/5.4.1/bin/../lib/gcc/arm-none-eabi/5.4.1/armv6-m/crti.o
LOAD c:/program files (x86)/cypress/psoc creator/4.4/psoc creator/import/gnu/arm/5.4.1/bin/../lib/gcc/arm-none-eabi/5.4.1/armv6-m/crtbegin.o
LOAD c:/program files (x86)/cypress/psoc creator/4.4/psoc creator/import/gnu/arm/5.4.1/bin/../lib/gcc/arm-none-eabi/5.4.1/../../../../arm-none-eabi/lib/armv6-m/crt0.o
START GROUP
LOAD .\CortexM0p\ARM_GCC_541\Debug\main.o
LOAD .\CortexM0p\ARM_GCC_541\Debug\cyfitter_cfg.o
LOAD .\CortexM0p\ARM_GCC_541\Debug\cymetadata.o
LOAD .\CortexM0p\ARM_GCC_541\Debug\Cm0plusStart.o
LOAD .\CortexM0p\ARM_GCC_541\Debug\VL6180X_Distance_Test.a
END GROUP
START GROUP
LOAD c:/program files (x86)/cypress/psoc creator/4.4/psoc creator/import/gnu/arm/5.4.1/bin/../lib/gcc/arm-none-eabi/5.4.1/armv6-m\libgcc.a
LOAD c:/program files (x86)/cypress/psoc creator/4.4/psoc creator/import/gnu/arm/5.4.1/bin/../lib/gcc/arm-none-eabi/5.4.1/../../../../arm-none-eabi/lib/armv6-m\libg_nano.a
LOAD c:/program files (x86)/cypress/psoc creator/4.4/psoc creator/import/gnu/arm/5.4.1/bin/../lib/gcc/arm-none-eabi/5.4.1/../../../../arm-none-eabi/lib/armv6-m\libc_nano.a
END GROUP
START GROUP
LOAD c:/program files (x86)/cypress/psoc creator/4.4/psoc creator/import/gnu/arm/5.4.1/bin/../lib/gcc/arm-none-eabi/5.4.1/armv6-m\libgcc.a
LOAD c:/program files (x86)/cypress/psoc creator/4.4/psoc creator/import/gnu/arm/5.4.1/bin/../lib/gcc/arm-none-eabi/5.4.1/../../../../arm-none-eabi/lib/armv6-m\libc_nano.a
END GROUP
LOAD c:/program files (x86)/cypress/psoc creator/4.4/psoc creator/import/gnu/arm/5.4.1/bin/../lib/gcc/arm-none-eabi/5.4.1/armv6-m/crtend.o
LOAD c:/program files (x86)/cypress/psoc creator/4.4/psoc creator/import/gnu/arm/5.4.1/bin/../lib/gcc/arm-none-eabi/5.4.1/armv6-m/crtn.o
START GROUP
LOAD c:/program files (x86)/cypress/psoc creator/4.4/psoc creator/import/gnu/arm/5.4.1/bin/../lib/gcc/arm-none-eabi/5.4.1/armv6-m\libgcc.a
LOAD c:/program files (x86)/cypress/psoc creator/4.4/psoc creator/import/gnu/arm/5.4.1/bin/../lib/gcc/arm-none-eabi/5.4.1/../../../../arm-none-eabi/lib/armv6-m\libc.a
LOAD c:/program files (x86)/cypress/psoc creator/4.4/psoc creator/import/gnu/arm/5.4.1/bin/../lib/gcc/arm-none-eabi/5.4.1/../../../../arm-none-eabi/lib/armv6-m\libnosys.a
END GROUP
                0x00000000                CY_APPL_ORIGIN = 0x0
                0x00000100                CY_FLASH_ROW_SIZE = 0x100
                0x00000001                CY_APPL_NUM = 0x1
                0x00000001                CY_APPL_MAX = 0x1
                0x00000040                CY_METADATA_SIZE = 0x40
                0x00000000                CY_APPL_LOADABLE = 0x0
                0x00000000                CY_CHECKSUM_EXCLUDE_SIZE = ALIGN (0x0, CY_FLASH_ROW_SIZE)
                0x00000000                CY_APP_FOR_STACK_AND_COPIER = 0x0
                [!provide]                PROVIDE (__cy_heap_start, _end)
                0x00000001                PROVIDE (__cy_region_num, ((__cy_regions_end - __cy_regions) / 0x10))
                0x20008000                PROVIDE (__cy_stack, (ORIGIN (ram) + LENGTH (ram)))
                [!provide]                PROVIDE (__cy_heap_end, (__cy_stack - 0x800))

.cybootloader   0x00000000        0x0
 *(.cybootloader)
                0x00000000                appl1_start = CY_APPL_ORIGIN?CY_APPL_ORIGIN:ALIGN (CY_FLASH_ROW_SIZE)
                0x0001ff00                appl2_start = (appl1_start + ALIGN ((((LENGTH (rom) - appl1_start) - (0x2 * CY_FLASH_ROW_SIZE)) / 0x2), CY_FLASH_ROW_SIZE))
                0x00000000                appl_start = (CY_APPL_NUM == 0x1)?appl1_start:appl2_start
                0x00000001                cy_project_type_bootloader = (appl_start == 0x0)?0x1:0x0
                0x00000000                cy_project_type_app_for_stack_and_copier = (CY_APP_FOR_STACK_AND_COPIER == 0x1)?0x1:0x0

.text           0x00000000     0x1fa2
 CREATE_OBJECT_SYMBOLS
                0x00000000                PROVIDE (__cy_interrupt_vector, RomVectors)
 *(.romvectors)
 .romvectors    0x00000000       0x10 .\CortexM0p\ARM_GCC_541\Debug\Cm0plusStart.o
                0x00000000                RomVectors
                0x00000001                ASSERT ((. != __cy_interrupt_vector), No interrupt vector)
                0x00000001                ASSERT (CY_APPL_ORIGIN?(SIZEOF (.cybootloader) <= CY_APPL_ORIGIN):0x1, Wrong image location)
                0x00000010                PROVIDE (__cy_reset, Reset)
 *(.text.Reset)
 .text.Reset    0x00000010        0xc .\CortexM0p\ARM_GCC_541\Debug\Cm0plusStart.o
                0x00000010                Reset
                0x00000001                ASSERT ((. != __cy_reset), No reset code)
 *(.psocinit)
 .psocinit      0x0000001c      0x108 .\CortexM0p\ARM_GCC_541\Debug\cyfitter_cfg.o
                0x000000b4                cyfitter_cfg
                0x00000124                . = MAX (., 0x100)
 *(.text .text.* .gnu.linkonce.t.*)
 .text          0x00000124       0x60 c:/program files (x86)/cypress/psoc creator/4.4/psoc creator/import/gnu/arm/5.4.1/bin/../lib/gcc/arm-none-eabi/5.4.1/armv6-m/crtbegin.o
 .text.uart_print
                0x00000184        0x8 .\CortexM0p\ARM_GCC_541\Debug\main.o
                0x00000184                uart_print
 .text.uart_print_number
                0x0000018c       0x1c .\CortexM0p\ARM_GCC_541\Debug\main.o
                0x0000018c                uart_print_number
 .text.uart_print_hex
                0x000001a8       0x1c .\CortexM0p\ARM_GCC_541\Debug\main.o
                0x000001a8                uart_print_hex
 .text.vl6180x_write_byte
                0x000001c4       0x4c .\CortexM0p\ARM_GCC_541\Debug\main.o
                0x000001c4                vl6180x_write_byte
 .text.vl6180x_read_byte
                0x00000210       0x64 .\CortexM0p\ARM_GCC_541\Debug\main.o
                0x00000210                vl6180x_read_byte
 .text.vl6180x_configure_default
                0x00000274      0x134 .\CortexM0p\ARM_GCC_541\Debug\main.o
                0x00000274                vl6180x_configure_default
 .text.vl6180x_init
                0x000003a8       0xf0 .\CortexM0p\ARM_GCC_541\Debug\main.o
                0x000003a8                vl6180x_init
 .text.vl6180x_read_distance
                0x00000498       0x84 .\CortexM0p\ARM_GCC_541\Debug\main.o
                0x00000498                vl6180x_read_distance
 .text.main     0x0000051c      0x1bc .\CortexM0p\ARM_GCC_541\Debug\main.o
                0x0000051c                main
 .text.AnalogSetDefault
                0x000006d8       0x28 .\CortexM0p\ARM_GCC_541\Debug\cyfitter_cfg.o
 .text.IntDefaultHandler
                0x00000700       0x10 .\CortexM0p\ARM_GCC_541\Debug\Cm0plusStart.o
                0x00000700                IntDefaultHandler
 .text._sbrk    0x00000710       0x30 .\CortexM0p\ARM_GCC_541\Debug\Cm0plusStart.o
                0x00000710                _sbrk
 .text.Start_c  0x00000740       0x48 .\CortexM0p\ARM_GCC_541\Debug\Cm0plusStart.o
                0x00000740                Start_c
 .text.initialize_psoc
                0x00000788       0x40 .\CortexM0p\ARM_GCC_541\Debug\Cm0plusStart.o
                0x00000788                initialize_psoc
 .text.UART_ScbModePostEnable
                0x000007c8        0x8 .\CortexM0p\ARM_GCC_541\Debug\VL6180X_Distance_Test.a(UART.o)
 .text.UART_Init
                0x000007d0        0x8 .\CortexM0p\ARM_GCC_541\Debug\VL6180X_Distance_Test.a(UART.o)
                0x000007d0                UART_Init
 .text.UART_Enable
                0x000007d8       0x18 .\CortexM0p\ARM_GCC_541\Debug\VL6180X_Distance_Test.a(UART.o)
                0x000007d8                UART_Enable
 .text.UART_Start
                0x000007f0       0x20 .\CortexM0p\ARM_GCC_541\Debug\VL6180X_Distance_Test.a(UART.o)
                0x000007f0                UART_Start
 .text.UART_UartInit
                0x00000810       0xa8 .\CortexM0p\ARM_GCC_541\Debug\VL6180X_Distance_Test.a(UART_UART.o)
                0x00000810                UART_UartInit
 .text.UART_UartPostEnable
                0x000008b8       0x2c .\CortexM0p\ARM_GCC_541\Debug\VL6180X_Distance_Test.a(UART_UART.o)
                0x000008b8                UART_UartPostEnable
 .text.UART_UartPutString
                0x000008e4       0x18 .\CortexM0p\ARM_GCC_541\Debug\VL6180X_Distance_Test.a(UART_UART.o)
                0x000008e4                UART_UartPutString
 .text.CySysClkImoDisableWcoLock
                0x000008fc       0x4c .\CortexM0p\ARM_GCC_541\Debug\VL6180X_Distance_Test.a(CyLib.o)
                0x000008fc                CySysClkImoDisableWcoLock
 .text.CySysClkImoGetWcoLock
                0x00000948       0x14 .\CortexM0p\ARM_GCC_541\Debug\VL6180X_Distance_Test.a(CyLib.o)
                0x00000948                CySysClkImoGetWcoLock
 .text.CyIntEnable
                0x0000095c       0x14 .\CortexM0p\ARM_GCC_541\Debug\VL6180X_Distance_Test.a(CyLib.o)
                0x0000095c                CyIntEnable
 .text.CyIntDisable
                0x00000970       0x14 .\CortexM0p\ARM_GCC_541\Debug\VL6180X_Distance_Test.a(CyLib.o)
                0x00000970                CyIntDisable
 .text.CyHalt   0x00000984        0x4 .\CortexM0p\ARM_GCC_541\Debug\VL6180X_Distance_Test.a(CyLib.o)
                0x00000984                CyHalt
 .text.CyIntSetVector
                0x00000988       0x24 .\CortexM0p\ARM_GCC_541\Debug\VL6180X_Distance_Test.a(CyLib.o)
                0x00000988                CyIntSetVector
 .text.CyIntSetPriority
                0x000009ac       0x4c .\CortexM0p\ARM_GCC_541\Debug\VL6180X_Distance_Test.a(CyLib.o)
                0x000009ac                CyIntSetPriority
 .text.CyDelay  0x000009f8       0x30 .\CortexM0p\ARM_GCC_541\Debug\VL6180X_Distance_Test.a(CyLib.o)
                0x000009f8                CyDelay
 .text.CySysClkImoEnableWcoLock
                0x00000a28       0xd0 .\CortexM0p\ARM_GCC_541\Debug\VL6180X_Distance_Test.a(CyLib.o)
                0x00000a28                CySysClkImoEnableWcoLock
 .text.CySysClkWriteImoFreq
                0x00000af8       0xd8 .\CortexM0p\ARM_GCC_541\Debug\VL6180X_Distance_Test.a(CyLib.o)
                0x00000af8                CySysClkWriteImoFreq
 .text.CyDelayUs
                0x00000bd0       0x14 .\CortexM0p\ARM_GCC_541\Debug\VL6180X_Distance_Test.a(CyLib.o)
                0x00000bd0                CyDelayUs
 .text.CySysClkGetTimerSource
                0x00000be4       0x10 .\CortexM0p\ARM_GCC_541\Debug\VL6180X_Distance_Test.a(CyLFClk.o)
 .text.CySysClkWcoEnabled
                0x00000bf4       0x14 .\CortexM0p\ARM_GCC_541\Debug\VL6180X_Distance_Test.a(CyLFClk.o)
                0x00000bf4                CySysClkWcoEnabled
 .text.CySysWdtDisable
                0x00000c08       0x10 .\CortexM0p\ARM_GCC_541\Debug\VL6180X_Distance_Test.a(CyLFClk.o)
                0x00000c08                CySysWdtDisable
 .text.CySysClkSetTimerSource
                0x00000c18       0x68 .\CortexM0p\ARM_GCC_541\Debug\VL6180X_Distance_Test.a(CyLFClk.o)
                0x00000c18                CySysClkSetTimerSource
 .text.CySysTimerClearInterrupt
                0x00000c80       0x2c .\CortexM0p\ARM_GCC_541\Debug\VL6180X_Distance_Test.a(CyLFClk.o)
                0x00000c80                CySysTimerClearInterrupt
 .text.CySysTimerIsr
                0x00000cac       0xa4 .\CortexM0p\ARM_GCC_541\Debug\VL6180X_Distance_Test.a(CyLFClk.o)
                0x00000cac                CySysTimerIsr
 .text.I2C_Distance_ScbEnableIntr
                0x00000d50        0xc .\CortexM0p\ARM_GCC_541\Debug\VL6180X_Distance_Test.a(I2C_Distance.o)
 .text.I2C_Distance_Init
                0x00000d5c        0x8 .\CortexM0p\ARM_GCC_541\Debug\VL6180X_Distance_Test.a(I2C_Distance.o)
                0x00000d5c                I2C_Distance_Init
 .text.I2C_Distance_Enable
                0x00000d64       0x18 .\CortexM0p\ARM_GCC_541\Debug\VL6180X_Distance_Test.a(I2C_Distance.o)
                0x00000d64                I2C_Distance_Enable
 .text.I2C_Distance_Start
                0x00000d7c       0x20 .\CortexM0p\ARM_GCC_541\Debug\VL6180X_Distance_Test.a(I2C_Distance.o)
                0x00000d7c                I2C_Distance_Start
 .text.I2C_Distance_I2CInit
                0x00000d9c       0xb8 .\CortexM0p\ARM_GCC_541\Debug\VL6180X_Distance_Test.a(I2C_Distance_I2C.o)
                0x00000d9c                I2C_Distance_I2CInit
 .text.I2C_Distance_I2CFwBlockReset
                0x00000e54       0x5c .\CortexM0p\ARM_GCC_541\Debug\VL6180X_Distance_Test.a(I2C_Distance_I2C.o)
                0x00000e54                I2C_Distance_I2CFwBlockReset
 .text.I2C_Distance_I2CMasterWaitOneUnit
                0x00000eb0       0x28 .\CortexM0p\ARM_GCC_541\Debug\VL6180X_Distance_Test.a(I2C_Distance_I2C_MASTER.o)
 .text.I2C_Distance_I2CMasterHandleStatus
                0x00000ed8       0xc4 .\CortexM0p\ARM_GCC_541\Debug\VL6180X_Distance_Test.a(I2C_Distance_I2C_MASTER.o)
 .text.I2C_Distance_I2CMasterSendStart
                0x00000f9c       0xc4 .\CortexM0p\ARM_GCC_541\Debug\VL6180X_Distance_Test.a(I2C_Distance_I2C_MASTER.o)
                0x00000f9c                I2C_Distance_I2CMasterSendStart
 .text.I2C_Distance_I2CMasterSendStop
                0x00001060       0x58 .\CortexM0p\ARM_GCC_541\Debug\VL6180X_Distance_Test.a(I2C_Distance_I2C_MASTER.o)
                0x00001060                I2C_Distance_I2CMasterSendStop
 .text.I2C_Distance_I2CMasterWriteByte
                0x000010b8       0x48 .\CortexM0p\ARM_GCC_541\Debug\VL6180X_Distance_Test.a(I2C_Distance_I2C_MASTER.o)
                0x000010b8                I2C_Distance_I2CMasterWriteByte
 .text.I2C_Distance_I2CMasterReadByte
                0x00001100       0x7c .\CortexM0p\ARM_GCC_541\Debug\VL6180X_Distance_Test.a(I2C_Distance_I2C_MASTER.o)
                0x00001100                I2C_Distance_I2CMasterReadByte
 .text.I2C_Distance_I2CReStartGeneration
                0x0000117c       0x20 .\CortexM0p\ARM_GCC_541\Debug\VL6180X_Distance_Test.a(I2C_Distance_I2C_MASTER.o)
                0x0000117c                I2C_Distance_I2CReStartGeneration
 .text.I2C_Distance_I2CMasterSendRestart
                0x0000119c       0x68 .\CortexM0p\ARM_GCC_541\Debug\VL6180X_Distance_Test.a(I2C_Distance_I2C_MASTER.o)
                0x0000119c                I2C_Distance_I2CMasterSendRestart
 *fill*         0x00001204        0x4 
 .text          0x00001208       0x20 .\CortexM0p\ARM_GCC_541\Debug\VL6180X_Distance_Test.a(CyBootAsmGnu.o)
                0x00001208                CyDelayCycles
                0x0000121a                CyEnterCriticalSection
                0x00001222                CyExitCriticalSection
 .text.UART_SpiUartWriteTxData
                0x00001228       0x1c .\CortexM0p\ARM_GCC_541\Debug\VL6180X_Distance_Test.a(UART_SPI_UART.o)
                0x00001228                UART_SpiUartWriteTxData
 .text.CySysFlashSetWaitCycles
                0x00001244       0x54 .\CortexM0p\ARM_GCC_541\Debug\VL6180X_Distance_Test.a(CyFlash.o)
                0x00001244                CySysFlashSetWaitCycles
 .text.I2C_Distance_I2C_ISR
                0x00001298      0x340 .\CortexM0p\ARM_GCC_541\Debug\VL6180X_Distance_Test.a(I2C_Distance_I2C_INT.o)
                0x00001298                I2C_Distance_I2C_ISR
 .text          0x000015d8      0x114 c:/program files (x86)/cypress/psoc creator/4.4/psoc creator/import/gnu/arm/5.4.1/bin/../lib/gcc/arm-none-eabi/5.4.1/armv6-m\libgcc.a(_udivsi3.o)
                0x000015d8                __aeabi_uidiv
                0x000015d8                __udivsi3
                0x000016e4                __aeabi_uidivmod
 .text          0x000016ec        0x4 c:/program files (x86)/cypress/psoc creator/4.4/psoc creator/import/gnu/arm/5.4.1/bin/../lib/gcc/arm-none-eabi/5.4.1/armv6-m\libgcc.a(_dvmd_tls.o)
                0x000016ec                __aeabi_idiv0
                0x000016ec                __aeabi_ldiv0
 .text.__errno  0x000016f0        0xc c:/program files (x86)/cypress/psoc creator/4.4/psoc creator/import/gnu/arm/5.4.1/bin/../lib/gcc/arm-none-eabi/5.4.1/../../../../arm-none-eabi/lib/armv6-m\libg_nano.a(lib_a-errno.o)
                0x000016f0                __errno
 .text.__libc_init_array
                0x000016fc       0x4c c:/program files (x86)/cypress/psoc creator/4.4/psoc creator/import/gnu/arm/5.4.1/bin/../lib/gcc/arm-none-eabi/5.4.1/../../../../arm-none-eabi/lib/armv6-m\libg_nano.a(lib_a-init.o)
                0x000016fc                __libc_init_array
 .text.memcpy   0x00001748       0x12 c:/program files (x86)/cypress/psoc creator/4.4/psoc creator/import/gnu/arm/5.4.1/bin/../lib/gcc/arm-none-eabi/5.4.1/../../../../arm-none-eabi/lib/armv6-m\libg_nano.a(lib_a-memcpy-stub.o)
                0x00001748                memcpy
 *fill*         0x0000175a        0x2 
 .text.sprintf  0x0000175c       0x44 c:/program files (x86)/cypress/psoc creator/4.4/psoc creator/import/gnu/arm/5.4.1/bin/../lib/gcc/arm-none-eabi/5.4.1/../../../../arm-none-eabi/lib/armv6-m\libg_nano.a(lib_a-sprintf.o)
                0x0000175c                siprintf
                0x0000175c                sprintf
 .text.__ssputs_r
                0x000017a0       0xc4 c:/program files (x86)/cypress/psoc creator/4.4/psoc creator/import/gnu/arm/5.4.1/bin/../lib/gcc/arm-none-eabi/5.4.1/../../../../arm-none-eabi/lib/armv6-m\libg_nano.a(lib_a-nano-svfprintf.o)
                0x000017a0                __ssputs_r
 .text._svfprintf_r
                0x00001864      0x1fc c:/program files (x86)/cypress/psoc creator/4.4/psoc creator/import/gnu/arm/5.4.1/bin/../lib/gcc/arm-none-eabi/5.4.1/../../../../arm-none-eabi/lib/armv6-m\libg_nano.a(lib_a-nano-svfprintf.o)
                0x00001864                _svfiprintf_r
                0x00001864                _svfprintf_r
 .text._printf_common
                0x00001a60       0xdc c:/program files (x86)/cypress/psoc creator/4.4/psoc creator/import/gnu/arm/5.4.1/bin/../lib/gcc/arm-none-eabi/5.4.1/../../../../arm-none-eabi/lib/armv6-m\libg_nano.a(lib_a-nano-vfprintf_i.o)
                0x00001a60                _printf_common
 .text._printf_i
                0x00001b3c      0x244 c:/program files (x86)/cypress/psoc creator/4.4/psoc creator/import/gnu/arm/5.4.1/bin/../lib/gcc/arm-none-eabi/5.4.1/../../../../arm-none-eabi/lib/armv6-m\libg_nano.a(lib_a-nano-vfprintf_i.o)
                0x00001b3c                _printf_i
 .text.memchr   0x00001d80       0x16 c:/program files (x86)/cypress/psoc creator/4.4/psoc creator/import/gnu/arm/5.4.1/bin/../lib/gcc/arm-none-eabi/5.4.1/../../../../arm-none-eabi/lib/armv6-m\libg_nano.a(lib_a-memchr-stub.o)
                0x00001d80                memchr
 .text.memmove  0x00001d96       0x2a c:/program files (x86)/cypress/psoc creator/4.4/psoc creator/import/gnu/arm/5.4.1/bin/../lib/gcc/arm-none-eabi/5.4.1/../../../../arm-none-eabi/lib/armv6-m\libg_nano.a(lib_a-memmove.o)
                0x00001d96                memmove
 .text._free_r  0x00001dc0       0x98 c:/program files (x86)/cypress/psoc creator/4.4/psoc creator/import/gnu/arm/5.4.1/bin/../lib/gcc/arm-none-eabi/5.4.1/../../../../arm-none-eabi/lib/armv6-m\libg_nano.a(lib_a-nano-freer.o)
                0x00001dc0                _free_r
 .text._malloc_r
                0x00001e58       0xc0 c:/program files (x86)/cypress/psoc creator/4.4/psoc creator/import/gnu/arm/5.4.1/bin/../lib/gcc/arm-none-eabi/5.4.1/../../../../arm-none-eabi/lib/armv6-m\libg_nano.a(lib_a-nano-mallocr.o)
                0x00001e58                _malloc_r
 .text._realloc_r
                0x00001f18       0x4c c:/program files (x86)/cypress/psoc creator/4.4/psoc creator/import/gnu/arm/5.4.1/bin/../lib/gcc/arm-none-eabi/5.4.1/../../../../arm-none-eabi/lib/armv6-m\libg_nano.a(lib_a-nano-reallocr.o)
                0x00001f18                _realloc_r
 .text._sbrk_r  0x00001f64       0x24 c:/program files (x86)/cypress/psoc creator/4.4/psoc creator/import/gnu/arm/5.4.1/bin/../lib/gcc/arm-none-eabi/5.4.1/../../../../arm-none-eabi/lib/armv6-m\libg_nano.a(lib_a-sbrkr.o)
                0x00001f64                _sbrk_r
 .text.__malloc_lock
                0x00001f88        0x2 c:/program files (x86)/cypress/psoc creator/4.4/psoc creator/import/gnu/arm/5.4.1/bin/../lib/gcc/arm-none-eabi/5.4.1/../../../../arm-none-eabi/lib/armv6-m\libg_nano.a(lib_a-mlock.o)
                0x00001f88                __malloc_lock
 .text.__malloc_unlock
                0x00001f8a        0x2 c:/program files (x86)/cypress/psoc creator/4.4/psoc creator/import/gnu/arm/5.4.1/bin/../lib/gcc/arm-none-eabi/5.4.1/../../../../arm-none-eabi/lib/armv6-m\libg_nano.a(lib_a-mlock.o)
                0x00001f8a                __malloc_unlock
 .text._malloc_usable_size_r
                0x00001f8c       0x16 c:/program files (x86)/cypress/psoc creator/4.4/psoc creator/import/gnu/arm/5.4.1/bin/../lib/gcc/arm-none-eabi/5.4.1/../../../../arm-none-eabi/lib/armv6-m\libg_nano.a(lib_a-nano-msizer.o)
                0x00001f8c                _malloc_usable_size_r
 *(.plt)
 *(.gnu.warning)
 *(.glue_7t)
 .glue_7t       0x00001fa2        0x0 linker stubs
 *(.glue_7)
 .glue_7        0x00001fa2        0x0 linker stubs
 *(.vfp11_veneer)
 .vfp11_veneer  0x00001fa2        0x0 linker stubs
 *(.bootloader)
 *(.ARM.extab* .gnu.linkonce.armextab.*)
 *(.gcc_except_table)

.v4_bx          0x00001fa4        0x0
 .v4_bx         0x00001fa4        0x0 linker stubs

.iplt           0x00001fa4        0x0
 .iplt          0x00001fa4        0x0 c:/program files (x86)/cypress/psoc creator/4.4/psoc creator/import/gnu/arm/5.4.1/bin/../lib/gcc/arm-none-eabi/5.4.1/armv6-m/crtbegin.o

.eh_frame_hdr
 *(.eh_frame_hdr)

.eh_frame       0x00001fa4        0x4
 *(.eh_frame)
 .eh_frame      0x00001fa4        0x0 c:/program files (x86)/cypress/psoc creator/4.4/psoc creator/import/gnu/arm/5.4.1/bin/../lib/gcc/arm-none-eabi/5.4.1/armv6-m/crtbegin.o
 .eh_frame      0x00001fa4        0x4 c:/program files (x86)/cypress/psoc creator/4.4/psoc creator/import/gnu/arm/5.4.1/bin/../lib/gcc/arm-none-eabi/5.4.1/armv6-m/crtend.o
                [!provide]                PROVIDE (__exidx_start, .)

.ARM.exidx
 *(.ARM.exidx* .gnu.linkonce.armexidx.*)
                0x00001fa8                __exidx_end = .

.rodata         0x00001fa8      0x458
 *(.rodata .rodata.* .gnu.linkonce.r.*)
 .rodata.str1.4
                0x00001fa8      0x3ec .\CortexM0p\ARM_GCC_541\Debug\main.o
                                0x3fb (size before relaxing)
 .rodata.str1.1
                0x00002394        0x2 c:/program files (x86)/cypress/psoc creator/4.4/psoc creator/import/gnu/arm/5.4.1/bin/../lib/gcc/arm-none-eabi/5.4.1/../../../../arm-none-eabi/lib/armv6-m\libg_nano.a(lib_a-impure.o)
 .rodata.str1.1
                0x00002396       0x11 c:/program files (x86)/cypress/psoc creator/4.4/psoc creator/import/gnu/arm/5.4.1/bin/../lib/gcc/arm-none-eabi/5.4.1/../../../../arm-none-eabi/lib/armv6-m\libg_nano.a(lib_a-nano-svfprintf.o)
 .rodata.str1.1
                0x000023a7       0x22 c:/program files (x86)/cypress/psoc creator/4.4/psoc creator/import/gnu/arm/5.4.1/bin/../lib/gcc/arm-none-eabi/5.4.1/../../../../arm-none-eabi/lib/armv6-m\libg_nano.a(lib_a-nano-vfprintf_i.o)
                0x000023cc                . = ALIGN (0x4)
 *fill*         0x000023c9        0x3 
 *(.init)
 .init          0x000023cc        0x4 c:/program files (x86)/cypress/psoc creator/4.4/psoc creator/import/gnu/arm/5.4.1/bin/../lib/gcc/arm-none-eabi/5.4.1/armv6-m/crti.o
                0x000023cc                _init
 .init          0x000023d0        0x8 c:/program files (x86)/cypress/psoc creator/4.4/psoc creator/import/gnu/arm/5.4.1/bin/../lib/gcc/arm-none-eabi/5.4.1/armv6-m/crtn.o
                0x000023d8                . = ALIGN (0x4)
                0x000023d8                __preinit_array_start = .
 *(.preinit_array)
                0x000023d8                __preinit_array_end = .
                0x000023d8                . = ALIGN (0x4)
                0x000023d8                __init_array_start = .
 *(SORT(.init_array.*))
 *(.init_array)
 .init_array    0x000023d8        0x4 c:/program files (x86)/cypress/psoc creator/4.4/psoc creator/import/gnu/arm/5.4.1/bin/../lib/gcc/arm-none-eabi/5.4.1/armv6-m/crtbegin.o
 .init_array    0x000023dc        0x4 .\CortexM0p\ARM_GCC_541\Debug\Cm0plusStart.o
                0x000023e0                __init_array_end = .
                0x000023e0                . = ALIGN (0x4)
 *(.fini)
 .fini          0x000023e0        0x4 c:/program files (x86)/cypress/psoc creator/4.4/psoc creator/import/gnu/arm/5.4.1/bin/../lib/gcc/arm-none-eabi/5.4.1/armv6-m/crti.o
                0x000023e0                _fini
 .fini          0x000023e4        0x8 c:/program files (x86)/cypress/psoc creator/4.4/psoc creator/import/gnu/arm/5.4.1/bin/../lib/gcc/arm-none-eabi/5.4.1/armv6-m/crtn.o
                0x000023ec                . = ALIGN (0x4)
                0x000023ec                __fini_array_start = .
 *(.fini_array)
 .fini_array    0x000023ec        0x4 c:/program files (x86)/cypress/psoc creator/4.4/psoc creator/import/gnu/arm/5.4.1/bin/../lib/gcc/arm-none-eabi/5.4.1/armv6-m/crtbegin.o
 *(SORT(.fini_array.*))
                0x000023f0                __fini_array_end = .
                0x000023f0                . = ALIGN (0x4)
 *crtbegin.o(.ctors)
 *(EXCLUDE_FILE(*crtend.o) .ctors)
 *(SORT(.ctors.*))
 *crtend.o(.ctors)
                0x000023f0                . = ALIGN (0x4)
 *crtbegin.o(.dtors)
 *(EXCLUDE_FILE(*crtend.o) .dtors)
 *(SORT(.dtors.*))
 *crtend.o(.dtors)
                0x000023f0                . = ALIGN (0x4)
                0x000023f0                __cy_regions = .
                0x000023f0        0x4 LONG 0x2400 __cy_region_init_ram
                0x000023f4        0x4 LONG 0x200000b8 __cy_region_start_data
                0x000023f8        0x4 LONG 0x88 __cy_region_init_size_ram
                0x000023fc        0x4 LONG 0x78 __cy_region_zero_size_ram
                0x00002400                __cy_regions_end = .
                0x00002400                . = ALIGN (0x8)
                0x00002400                _etext = .

.cy_checksum_exclude
                0x00002400        0x0
 *(.cy_checksum_exclude)

.ramvectors     0x20000000       0xb4
                0x20000000                __cy_region_start_ram = .
 *(.ramvectors)
 .ramvectors    0x20000000       0xb4 .\CortexM0p\ARM_GCC_541\Debug\Cm0plusStart.o
                0x20000000                CyRamVectors

.noinit
 *(.noinit)

.data           0x200000b8       0x88 load address 0x00002400
                0x200000b8                __cy_region_start_data = .
 *(.jcr)
 .jcr           0x200000b8        0x0 c:/program files (x86)/cypress/psoc creator/4.4/psoc creator/import/gnu/arm/5.4.1/bin/../lib/gcc/arm-none-eabi/5.4.1/armv6-m/crtbegin.o
 .jcr           0x200000b8        0x4 c:/program files (x86)/cypress/psoc creator/4.4/psoc creator/import/gnu/arm/5.4.1/bin/../lib/gcc/arm-none-eabi/5.4.1/armv6-m/crtend.o
 *(.got.plt)
 *(.got)
 *(.shdata)
 *(.data .data.* .gnu.linkonce.d.*)
 .data          0x200000bc        0x4 .\CortexM0p\ARM_GCC_541\Debug\Cm0plusStart.o
 .data          0x200000c0       0x14 .\CortexM0p\ARM_GCC_541\Debug\VL6180X_Distance_Test.a(CyLib.o)
                0x200000c0                CySysClkPumpConfig
                0x200000c4                cydelay32kMs
                0x200000c8                cydelayFreqKhz
                0x200000cc                cydelayFreqMhz
                0x200000d0                cydelayFreqHz
 .data          0x200000d4        0x4 .\CortexM0p\ARM_GCC_541\Debug\VL6180X_Distance_Test.a(CyLFClk.o)
 .data.impure_data
                0x200000d8       0x60 c:/program files (x86)/cypress/psoc creator/4.4/psoc creator/import/gnu/arm/5.4.1/bin/../lib/gcc/arm-none-eabi/5.4.1/../../../../arm-none-eabi/lib/armv6-m\libg_nano.a(lib_a-impure.o)
 .data._impure_ptr
                0x20000138        0x4 c:/program files (x86)/cypress/psoc creator/4.4/psoc creator/import/gnu/arm/5.4.1/bin/../lib/gcc/arm-none-eabi/5.4.1/../../../../arm-none-eabi/lib/armv6-m\libg_nano.a(lib_a-impure.o)
                0x20000138                _impure_ptr
                0x20000140                . = ALIGN (0x8)
 *fill*         0x2000013c        0x4 
 *(.ram)
                0x20000140                _edata = .

.igot.plt       0x20000140        0x0 load address 0x00002488
 .igot.plt      0x20000140        0x0 c:/program files (x86)/cypress/psoc creator/4.4/psoc creator/import/gnu/arm/5.4.1/bin/../lib/gcc/arm-none-eabi/5.4.1/armv6-m/crtbegin.o

.bss            0x20000140       0x78 load address 0x00002488
                0x20000140                PROVIDE (__bss_start__, .)
 *(.shbss)
 *(.bss .bss.* .gnu.linkonce.b.*)
 .bss           0x20000140       0x1c c:/program files (x86)/cypress/psoc creator/4.4/psoc creator/import/gnu/arm/5.4.1/bin/../lib/gcc/arm-none-eabi/5.4.1/armv6-m/crtbegin.o
 .bss           0x2000015c        0x4 .\CortexM0p\ARM_GCC_541\Debug\VL6180X_Distance_Test.a(UART.o)
                0x2000015c                UART_initVar
                0x2000015e                UART_IntrTxMask
 .bss           0x20000160       0x18 .\CortexM0p\ARM_GCC_541\Debug\VL6180X_Distance_Test.a(CyLFClk.o)
 .bss           0x20000178        0x8 .\CortexM0p\ARM_GCC_541\Debug\VL6180X_Distance_Test.a(I2C_Distance.o)
                0x20000178                I2C_Distance_initVar
                0x2000017c                I2C_Distance_customIntrHandler
 .bss.__malloc_sbrk_start
                0x20000180        0x4 c:/program files (x86)/cypress/psoc creator/4.4/psoc creator/import/gnu/arm/5.4.1/bin/../lib/gcc/arm-none-eabi/5.4.1/../../../../arm-none-eabi/lib/armv6-m\libg_nano.a(lib_a-nano-mallocr.o)
                0x20000180                __malloc_sbrk_start
 .bss.__malloc_free_list
                0x20000184        0x4 c:/program files (x86)/cypress/psoc creator/4.4/psoc creator/import/gnu/arm/5.4.1/bin/../lib/gcc/arm-none-eabi/5.4.1/../../../../arm-none-eabi/lib/armv6-m\libg_nano.a(lib_a-nano-mallocr.o)
                0x20000184                __malloc_free_list
 *(COMMON)
 COMMON         0x20000188        0x1 .\CortexM0p\ARM_GCC_541\Debug\VL6180X_Distance_Test.a(I2C_Distance_I2C.o)
                0x20000188                I2C_Distance_state
 *fill*         0x20000189        0x3 
 COMMON         0x2000018c       0x24 .\CortexM0p\ARM_GCC_541\Debug\VL6180X_Distance_Test.a(I2C_Distance_I2C_MASTER.o)
                0x2000018c                I2C_Distance_mstrRdBufPtr
                0x20000190                I2C_Distance_mstrRdBufSize
                0x20000194                I2C_Distance_mstrWrBufIndexTmp
                0x20000198                I2C_Distance_mstrStatus
                0x2000019c                I2C_Distance_mstrWrBufSize
                0x200001a0                I2C_Distance_mstrWrBufIndex
                0x200001a4                I2C_Distance_mstrControl
                0x200001a8                I2C_Distance_mstrRdBufIndex
                0x200001ac                I2C_Distance_mstrWrBufPtr
 COMMON         0x200001b0        0x4 c:/program files (x86)/cypress/psoc creator/4.4/psoc creator/import/gnu/arm/5.4.1/bin/../lib/gcc/arm-none-eabi/5.4.1/../../../../arm-none-eabi/lib/armv6-m\libg_nano.a(lib_a-reent.o)
                0x200001b0                errno
                0x200001b8                . = ALIGN (0x8)
 *fill*         0x200001b4        0x4 
 *(.ram.b)
                0x200001b8                _end = .
                0x200001b8                __end = .
                0x200001b8                PROVIDE (end, .)
                0x200001b8                PROVIDE (__bss_end__, .)
                0x00002400                __cy_region_init_ram = LOADADDR (.data)
                0x00000088                __cy_region_init_size_ram = (_edata - ADDR (.data))
                0x00000078                __cy_region_zero_size_ram = (_end - _edata)

.heap           0x200001b8       0x80 load address 0x00002488
                0x200001b8                . = _end
                0x20000238                . = (. + 0x80)
 *fill*         0x200001b8       0x80 
                0x20000238                __cy_heap_limit = .

.stack          0x20007800      0x800
                0x20007800                __cy_stack_limit = .
                0x20008000                . = (. + 0x800)
 *fill*         0x20007800      0x800 
                0x00000001                ASSERT ((__cy_stack_limit >= __cy_heap_limit), region RAM overflowed with stack)
                0x00000000                cy_checksum_exclude_size = (CY_APPL_LOADABLE == 0x1)?SIZEOF (.cy_checksum_exclude):0x0
                0x00000001                ASSERT ((cy_checksum_exclude_size <= CY_CHECKSUM_EXCLUDE_SIZE), CY_BOOT: Section .cy_checksum_exclude size exceedes specified limit.)
                0x0003ffc0                cyloadermeta_start = (cy_project_type_bootloader || cy_project_type_app_for_stack_and_copier)?(LENGTH (rom) - CY_METADATA_SIZE):0xf0000000

.cyloadermeta
 *(.cyloadermeta)
                0x0003ffc0                cyloadablemeta_start = cy_project_type_app_for_stack_and_copier?((LENGTH (rom) - CY_FLASH_ROW_SIZE) - CY_METADATA_SIZE):((LENGTH (rom) - (CY_FLASH_ROW_SIZE * (CY_APPL_NUM - 0x1))) - CY_METADATA_SIZE)

.cyloadablemeta
 *(.cyloadablemeta)

.cyflashprotect
                0x90400000       0x80
 *(.cyflashprotect)
 .cyflashprotect
                0x90400000       0x80 .\CortexM0p\ARM_GCC_541\Debug\cymetadata.o
                0x90400000                cy_meta_flashprotect

.cymeta         0x90500000        0xc
 *(.cymeta)
 .cymeta        0x90500000        0xc .\CortexM0p\ARM_GCC_541\Debug\cymetadata.o
                0x90500000                cy_metadata

.cychipprotect  0x90600000        0x1
 *(.cychipprotect)
 .cychipprotect
                0x90600000        0x1 .\CortexM0p\ARM_GCC_541\Debug\cymetadata.o
                0x90600000                cy_meta_chipprotect

.rel.dyn        0x00002488        0x0 load address 0x90600004
 .rel.iplt      0x00002488        0x0 c:/program files (x86)/cypress/psoc creator/4.4/psoc creator/import/gnu/arm/5.4.1/bin/../lib/gcc/arm-none-eabi/5.4.1/armv6-m/crtbegin.o

.stab
 *(.stab)

.stabstr
 *(.stabstr)

.debug
 *(.debug)

.line
 *(.line)

.debug_srcinfo
 *(.debug_srcinfo)

.debug_sfnames
 *(.debug_sfnames)

.debug_aranges  0x00000000      0x848
 *(.debug_aranges)
 .debug_aranges
                0x00000000       0x68 .\CortexM0p\ARM_GCC_541\Debug\main.o
 .debug_aranges
                0x00000068       0x30 .\CortexM0p\ARM_GCC_541\Debug\cyfitter_cfg.o
 .debug_aranges
                0x00000098       0x18 .\CortexM0p\ARM_GCC_541\Debug\cymetadata.o
 .debug_aranges
                0x000000b0       0x48 .\CortexM0p\ARM_GCC_541\Debug\Cm0plusStart.o
 .debug_aranges
                0x000000f8       0x58 .\CortexM0p\ARM_GCC_541\Debug\VL6180X_Distance_Test.a(UART.o)
 .debug_aranges
                0x00000150       0x90 .\CortexM0p\ARM_GCC_541\Debug\VL6180X_Distance_Test.a(UART_UART.o)
 .debug_aranges
                0x000001e0      0x2b0 .\CortexM0p\ARM_GCC_541\Debug\VL6180X_Distance_Test.a(CyLib.o)
 .debug_aranges
                0x00000490      0x1a8 .\CortexM0p\ARM_GCC_541\Debug\VL6180X_Distance_Test.a(CyLFClk.o)
 .debug_aranges
                0x00000638       0x60 .\CortexM0p\ARM_GCC_541\Debug\VL6180X_Distance_Test.a(I2C_Distance.o)
 .debug_aranges
                0x00000698       0x30 .\CortexM0p\ARM_GCC_541\Debug\VL6180X_Distance_Test.a(I2C_Distance_I2C.o)
 .debug_aranges
                0x000006c8       0x98 .\CortexM0p\ARM_GCC_541\Debug\VL6180X_Distance_Test.a(I2C_Distance_I2C_MASTER.o)
 .debug_aranges
                0x00000760       0x20 .\CortexM0p\ARM_GCC_541\Debug\VL6180X_Distance_Test.a(CyBootAsmGnu.o)
 .debug_aranges
                0x00000780       0x60 .\CortexM0p\ARM_GCC_541\Debug\VL6180X_Distance_Test.a(UART_SPI_UART.o)
 .debug_aranges
                0x000007e0       0x48 .\CortexM0p\ARM_GCC_541\Debug\VL6180X_Distance_Test.a(CyFlash.o)
 .debug_aranges
                0x00000828       0x20 .\CortexM0p\ARM_GCC_541\Debug\VL6180X_Distance_Test.a(I2C_Distance_I2C_INT.o)

.debug_pubnames
 *(.debug_pubnames)

.debug_info     0x00000000     0x562c
 *(.debug_info .gnu.linkonce.wi.*)
 .debug_info    0x00000000     0x1061 .\CortexM0p\ARM_GCC_541\Debug\main.o
 .debug_info    0x00001061      0x170 .\CortexM0p\ARM_GCC_541\Debug\cyfitter_cfg.o
 .debug_info    0x000011d1       0xf8 .\CortexM0p\ARM_GCC_541\Debug\cymetadata.o
 .debug_info    0x000012c9      0x3a5 .\CortexM0p\ARM_GCC_541\Debug\Cm0plusStart.o
 .debug_info    0x0000166e      0x23a .\CortexM0p\ARM_GCC_541\Debug\VL6180X_Distance_Test.a(UART.o)
 .debug_info    0x000018a8      0x3b5 .\CortexM0p\ARM_GCC_541\Debug\VL6180X_Distance_Test.a(UART_UART.o)
 .debug_info    0x00001c5d     0x17fc .\CortexM0p\ARM_GCC_541\Debug\VL6180X_Distance_Test.a(CyLib.o)
 .debug_info    0x00003459      0xd06 .\CortexM0p\ARM_GCC_541\Debug\VL6180X_Distance_Test.a(CyLFClk.o)
 .debug_info    0x0000415f      0x298 .\CortexM0p\ARM_GCC_541\Debug\VL6180X_Distance_Test.a(I2C_Distance.o)
 .debug_info    0x000043f7      0x195 .\CortexM0p\ARM_GCC_541\Debug\VL6180X_Distance_Test.a(I2C_Distance_I2C.o)
 .debug_info    0x0000458c      0x813 .\CortexM0p\ARM_GCC_541\Debug\VL6180X_Distance_Test.a(I2C_Distance_I2C_MASTER.o)
 .debug_info    0x00004d9f       0xb3 .\CortexM0p\ARM_GCC_541\Debug\VL6180X_Distance_Test.a(CyBootAsmGnu.o)
 .debug_info    0x00004e52      0x220 .\CortexM0p\ARM_GCC_541\Debug\VL6180X_Distance_Test.a(UART_SPI_UART.o)
 .debug_info    0x00005072      0x412 .\CortexM0p\ARM_GCC_541\Debug\VL6180X_Distance_Test.a(CyFlash.o)
 .debug_info    0x00005484      0x1a8 .\CortexM0p\ARM_GCC_541\Debug\VL6180X_Distance_Test.a(I2C_Distance_I2C_INT.o)

.debug_abbrev   0x00000000     0x1209
 *(.debug_abbrev)
 .debug_abbrev  0x00000000      0x15d .\CortexM0p\ARM_GCC_541\Debug\main.o
 .debug_abbrev  0x0000015d       0xc6 .\CortexM0p\ARM_GCC_541\Debug\cyfitter_cfg.o
 .debug_abbrev  0x00000223       0x5d .\CortexM0p\ARM_GCC_541\Debug\cymetadata.o
 .debug_abbrev  0x00000280      0x1d0 .\CortexM0p\ARM_GCC_541\Debug\Cm0plusStart.o
 .debug_abbrev  0x00000450       0xd5 .\CortexM0p\ARM_GCC_541\Debug\VL6180X_Distance_Test.a(UART.o)
 .debug_abbrev  0x00000525      0x132 .\CortexM0p\ARM_GCC_541\Debug\VL6180X_Distance_Test.a(UART_UART.o)
 .debug_abbrev  0x00000657      0x265 .\CortexM0p\ARM_GCC_541\Debug\VL6180X_Distance_Test.a(CyLib.o)
 .debug_abbrev  0x000008bc      0x207 .\CortexM0p\ARM_GCC_541\Debug\VL6180X_Distance_Test.a(CyLFClk.o)
 .debug_abbrev  0x00000ac3      0x118 .\CortexM0p\ARM_GCC_541\Debug\VL6180X_Distance_Test.a(I2C_Distance.o)
 .debug_abbrev  0x00000bdb       0xc7 .\CortexM0p\ARM_GCC_541\Debug\VL6180X_Distance_Test.a(I2C_Distance_I2C.o)
 .debug_abbrev  0x00000ca2      0x1c2 .\CortexM0p\ARM_GCC_541\Debug\VL6180X_Distance_Test.a(I2C_Distance_I2C_MASTER.o)
 .debug_abbrev  0x00000e64       0x14 .\CortexM0p\ARM_GCC_541\Debug\VL6180X_Distance_Test.a(CyBootAsmGnu.o)
 .debug_abbrev  0x00000e78      0x14f .\CortexM0p\ARM_GCC_541\Debug\VL6180X_Distance_Test.a(UART_SPI_UART.o)
 .debug_abbrev  0x00000fc7      0x19e .\CortexM0p\ARM_GCC_541\Debug\VL6180X_Distance_Test.a(CyFlash.o)
 .debug_abbrev  0x00001165       0xa4 .\CortexM0p\ARM_GCC_541\Debug\VL6180X_Distance_Test.a(I2C_Distance_I2C_INT.o)

.debug_line     0x00000000     0x22cf
 *(.debug_line)
 .debug_line    0x00000000      0x2ab .\CortexM0p\ARM_GCC_541\Debug\main.o
 .debug_line    0x000002ab       0xb2 .\CortexM0p\ARM_GCC_541\Debug\cyfitter_cfg.o
 .debug_line    0x0000035d      0x141 .\CortexM0p\ARM_GCC_541\Debug\cymetadata.o
 .debug_line    0x0000049e      0x247 .\CortexM0p\ARM_GCC_541\Debug\Cm0plusStart.o
 .debug_line    0x000006e5      0x108 .\CortexM0p\ARM_GCC_541\Debug\VL6180X_Distance_Test.a(UART.o)
 .debug_line    0x000007ed      0x1cf .\CortexM0p\ARM_GCC_541\Debug\VL6180X_Distance_Test.a(UART_UART.o)
 .debug_line    0x000009bc      0x95e .\CortexM0p\ARM_GCC_541\Debug\VL6180X_Distance_Test.a(CyLib.o)
 .debug_line    0x0000131a      0x5c1 .\CortexM0p\ARM_GCC_541\Debug\VL6180X_Distance_Test.a(CyLFClk.o)
 .debug_line    0x000018db      0x136 .\CortexM0p\ARM_GCC_541\Debug\VL6180X_Distance_Test.a(I2C_Distance.o)
 .debug_line    0x00001a11       0xd4 .\CortexM0p\ARM_GCC_541\Debug\VL6180X_Distance_Test.a(I2C_Distance_I2C.o)
 .debug_line    0x00001ae5      0x30e .\CortexM0p\ARM_GCC_541\Debug\VL6180X_Distance_Test.a(I2C_Distance_I2C_MASTER.o)
 .debug_line    0x00001df3       0x68 .\CortexM0p\ARM_GCC_541\Debug\VL6180X_Distance_Test.a(CyBootAsmGnu.o)
 .debug_line    0x00001e5b      0x11a .\CortexM0p\ARM_GCC_541\Debug\VL6180X_Distance_Test.a(UART_SPI_UART.o)
 .debug_line    0x00001f75      0x1e3 .\CortexM0p\ARM_GCC_541\Debug\VL6180X_Distance_Test.a(CyFlash.o)
 .debug_line    0x00002158      0x177 .\CortexM0p\ARM_GCC_541\Debug\VL6180X_Distance_Test.a(I2C_Distance_I2C_INT.o)

.debug_frame    0x00000000     0x18c0
 *(.debug_frame)
 .debug_frame   0x00000000      0x14c .\CortexM0p\ARM_GCC_541\Debug\main.o
 .debug_frame   0x0000014c       0x5c .\CortexM0p\ARM_GCC_541\Debug\cyfitter_cfg.o
 .debug_frame   0x000001a8       0xbc .\CortexM0p\ARM_GCC_541\Debug\Cm0plusStart.o
 .debug_frame   0x00000264       0xd8 .\CortexM0p\ARM_GCC_541\Debug\VL6180X_Distance_Test.a(UART.o)
 .debug_frame   0x0000033c      0x144 .\CortexM0p\ARM_GCC_541\Debug\VL6180X_Distance_Test.a(UART_UART.o)
 .debug_frame   0x00000480      0x778 .\CortexM0p\ARM_GCC_541\Debug\VL6180X_Distance_Test.a(CyLib.o)
 .debug_frame   0x00000bf8      0x484 .\CortexM0p\ARM_GCC_541\Debug\VL6180X_Distance_Test.a(CyLFClk.o)
 .debug_frame   0x0000107c       0xe8 .\CortexM0p\ARM_GCC_541\Debug\VL6180X_Distance_Test.a(I2C_Distance.o)
 .debug_frame   0x00001164       0x58 .\CortexM0p\ARM_GCC_541\Debug\VL6180X_Distance_Test.a(I2C_Distance_I2C.o)
 .debug_frame   0x000011bc      0x1d8 .\CortexM0p\ARM_GCC_541\Debug\VL6180X_Distance_Test.a(I2C_Distance_I2C_MASTER.o)
 .debug_frame   0x00001394       0xb0 .\CortexM0p\ARM_GCC_541\Debug\VL6180X_Distance_Test.a(UART_SPI_UART.o)
 .debug_frame   0x00001444       0xa8 .\CortexM0p\ARM_GCC_541\Debug\VL6180X_Distance_Test.a(CyFlash.o)
 .debug_frame   0x000014ec       0x2c .\CortexM0p\ARM_GCC_541\Debug\VL6180X_Distance_Test.a(I2C_Distance_I2C_INT.o)
 .debug_frame   0x00001518       0x20 c:/program files (x86)/cypress/psoc creator/4.4/psoc creator/import/gnu/arm/5.4.1/bin/../lib/gcc/arm-none-eabi/5.4.1/armv6-m\libgcc.a(_udivsi3.o)
 .debug_frame   0x00001538       0x20 c:/program files (x86)/cypress/psoc creator/4.4/psoc creator/import/gnu/arm/5.4.1/bin/../lib/gcc/arm-none-eabi/5.4.1/armv6-m\libgcc.a(_divsi3.o)
 .debug_frame   0x00001558       0x20 c:/program files (x86)/cypress/psoc creator/4.4/psoc creator/import/gnu/arm/5.4.1/bin/../lib/gcc/arm-none-eabi/5.4.1/../../../../arm-none-eabi/lib/armv6-m\libg_nano.a(lib_a-errno.o)
 .debug_frame   0x00001578       0x28 c:/program files (x86)/cypress/psoc creator/4.4/psoc creator/import/gnu/arm/5.4.1/bin/../lib/gcc/arm-none-eabi/5.4.1/../../../../arm-none-eabi/lib/armv6-m\libg_nano.a(lib_a-exit.o)
 .debug_frame   0x000015a0       0x2c c:/program files (x86)/cypress/psoc creator/4.4/psoc creator/import/gnu/arm/5.4.1/bin/../lib/gcc/arm-none-eabi/5.4.1/../../../../arm-none-eabi/lib/armv6-m\libg_nano.a(lib_a-init.o)
 .debug_frame   0x000015cc       0x28 c:/program files (x86)/cypress/psoc creator/4.4/psoc creator/import/gnu/arm/5.4.1/bin/../lib/gcc/arm-none-eabi/5.4.1/../../../../arm-none-eabi/lib/armv6-m\libg_nano.a(lib_a-memcpy-stub.o)
 .debug_frame   0x000015f4       0x20 c:/program files (x86)/cypress/psoc creator/4.4/psoc creator/import/gnu/arm/5.4.1/bin/../lib/gcc/arm-none-eabi/5.4.1/../../../../arm-none-eabi/lib/armv6-m\libg_nano.a(lib_a-memset.o)
 .debug_frame   0x00001614       0x50 c:/program files (x86)/cypress/psoc creator/4.4/psoc creator/import/gnu/arm/5.4.1/bin/../lib/gcc/arm-none-eabi/5.4.1/../../../../arm-none-eabi/lib/armv6-m\libg_nano.a(lib_a-sprintf.o)
 .debug_frame   0x00001664       0x74 c:/program files (x86)/cypress/psoc creator/4.4/psoc creator/import/gnu/arm/5.4.1/bin/../lib/gcc/arm-none-eabi/5.4.1/../../../../arm-none-eabi/lib/armv6-m\libg_nano.a(lib_a-nano-svfprintf.o)
 .debug_frame   0x000016d8       0x54 c:/program files (x86)/cypress/psoc creator/4.4/psoc creator/import/gnu/arm/5.4.1/bin/../lib/gcc/arm-none-eabi/5.4.1/../../../../arm-none-eabi/lib/armv6-m\libg_nano.a(lib_a-nano-vfprintf_i.o)
 .debug_frame   0x0000172c       0x20 c:/program files (x86)/cypress/psoc creator/4.4/psoc creator/import/gnu/arm/5.4.1/bin/../lib/gcc/arm-none-eabi/5.4.1/../../../../arm-none-eabi/lib/armv6-m\libg_nano.a(lib_a-memchr-stub.o)
 .debug_frame   0x0000174c       0x28 c:/program files (x86)/cypress/psoc creator/4.4/psoc creator/import/gnu/arm/5.4.1/bin/../lib/gcc/arm-none-eabi/5.4.1/../../../../arm-none-eabi/lib/armv6-m\libg_nano.a(lib_a-memmove.o)
 .debug_frame   0x00001774       0x2c c:/program files (x86)/cypress/psoc creator/4.4/psoc creator/import/gnu/arm/5.4.1/bin/../lib/gcc/arm-none-eabi/5.4.1/../../../../arm-none-eabi/lib/armv6-m\libg_nano.a(lib_a-nano-freer.o)
 .debug_frame   0x000017a0       0x2c c:/program files (x86)/cypress/psoc creator/4.4/psoc creator/import/gnu/arm/5.4.1/bin/../lib/gcc/arm-none-eabi/5.4.1/../../../../arm-none-eabi/lib/armv6-m\libg_nano.a(lib_a-nano-mallocr.o)
 .debug_frame   0x000017cc       0x30 c:/program files (x86)/cypress/psoc creator/4.4/psoc creator/import/gnu/arm/5.4.1/bin/../lib/gcc/arm-none-eabi/5.4.1/../../../../arm-none-eabi/lib/armv6-m\libg_nano.a(lib_a-nano-reallocr.o)
 .debug_frame   0x000017fc       0x2c c:/program files (x86)/cypress/psoc creator/4.4/psoc creator/import/gnu/arm/5.4.1/bin/../lib/gcc/arm-none-eabi/5.4.1/../../../../arm-none-eabi/lib/armv6-m\libg_nano.a(lib_a-sbrkr.o)
 .debug_frame   0x00001828       0x30 c:/program files (x86)/cypress/psoc creator/4.4/psoc creator/import/gnu/arm/5.4.1/bin/../lib/gcc/arm-none-eabi/5.4.1/../../../../arm-none-eabi/lib/armv6-m\libg_nano.a(lib_a-mlock.o)
 .debug_frame   0x00001858       0x20 c:/program files (x86)/cypress/psoc creator/4.4/psoc creator/import/gnu/arm/5.4.1/bin/../lib/gcc/arm-none-eabi/5.4.1/../../../../arm-none-eabi/lib/armv6-m\libg_nano.a(lib_a-nano-msizer.o)
 .debug_frame   0x00001878       0x48 c:/program files (x86)/cypress/psoc creator/4.4/psoc creator/import/gnu/arm/5.4.1/bin/../lib/gcc/arm-none-eabi/5.4.1/../../../../arm-none-eabi/lib/armv6-m\libg_nano.a(lib_a-reent.o)

.debug_str      0x00000000     0x202a
 *(.debug_str)
 .debug_str     0x00000000      0x392 .\CortexM0p\ARM_GCC_541\Debug\main.o
                                0x3e7 (size before relaxing)
 .debug_str     0x00000392       0x9c .\CortexM0p\ARM_GCC_541\Debug\cyfitter_cfg.o
                                0x245 (size before relaxing)
 .debug_str     0x0000042e       0x63 .\CortexM0p\ARM_GCC_541\Debug\cymetadata.o
                                0x1ef (size before relaxing)
 .debug_str     0x00000491      0x150 .\CortexM0p\ARM_GCC_541\Debug\Cm0plusStart.o
                                0x336 (size before relaxing)
 .debug_str     0x000005e1       0xf7 .\CortexM0p\ARM_GCC_541\Debug\VL6180X_Distance_Test.a(UART.o)
                                0x2be (size before relaxing)
 .debug_str     0x000006d8      0x1d8 .\CortexM0p\ARM_GCC_541\Debug\VL6180X_Distance_Test.a(UART_UART.o)
                                0x3ef (size before relaxing)
 .debug_str     0x000008b0      0xa14 .\CortexM0p\ARM_GCC_541\Debug\VL6180X_Distance_Test.a(CyLib.o)
                                0xc4a (size before relaxing)
 .debug_str     0x000012c4      0x642 .\CortexM0p\ARM_GCC_541\Debug\VL6180X_Distance_Test.a(CyLFClk.o)
                                0x8c0 (size before relaxing)
 .debug_str     0x00001906      0x154 .\CortexM0p\ARM_GCC_541\Debug\VL6180X_Distance_Test.a(I2C_Distance.o)
                                0x363 (size before relaxing)
 .debug_str     0x00001a5a       0xaa .\CortexM0p\ARM_GCC_541\Debug\VL6180X_Distance_Test.a(I2C_Distance_I2C.o)
                                0x2bd (size before relaxing)
 .debug_str     0x00001b04      0x2c6 .\CortexM0p\ARM_GCC_541\Debug\VL6180X_Distance_Test.a(I2C_Distance_I2C_MASTER.o)
                                0x5d9 (size before relaxing)
 .debug_str     0x00001dca       0xe3 .\CortexM0p\ARM_GCC_541\Debug\VL6180X_Distance_Test.a(UART_SPI_UART.o)
                                0x2f5 (size before relaxing)
 .debug_str     0x00001ead      0x124 .\CortexM0p\ARM_GCC_541\Debug\VL6180X_Distance_Test.a(CyFlash.o)
                                0x349 (size before relaxing)
 .debug_str     0x00001fd1       0x59 .\CortexM0p\ARM_GCC_541\Debug\VL6180X_Distance_Test.a(I2C_Distance_I2C_INT.o)
                                0x363 (size before relaxing)

.debug_loc      0x00000000     0x36cc
 *(.debug_loc)
 .debug_loc     0x00000000      0x316 .\CortexM0p\ARM_GCC_541\Debug\main.o
 .debug_loc     0x00000316      0x14f .\CortexM0p\ARM_GCC_541\Debug\Cm0plusStart.o
 .debug_loc     0x00000465       0x7e .\CortexM0p\ARM_GCC_541\Debug\VL6180X_Distance_Test.a(UART.o)
 .debug_loc     0x000004e3      0x223 .\CortexM0p\ARM_GCC_541\Debug\VL6180X_Distance_Test.a(UART_UART.o)
 .debug_loc     0x00000706     0x1718 .\CortexM0p\ARM_GCC_541\Debug\VL6180X_Distance_Test.a(CyLib.o)
 .debug_loc     0x00001e1e      0xa88 .\CortexM0p\ARM_GCC_541\Debug\VL6180X_Distance_Test.a(CyLFClk.o)
 .debug_loc     0x000028a6       0x7e .\CortexM0p\ARM_GCC_541\Debug\VL6180X_Distance_Test.a(I2C_Distance.o)
 .debug_loc     0x00002924      0xa49 .\CortexM0p\ARM_GCC_541\Debug\VL6180X_Distance_Test.a(I2C_Distance_I2C_MASTER.o)
 .debug_loc     0x0000336d       0x96 .\CortexM0p\ARM_GCC_541\Debug\VL6180X_Distance_Test.a(UART_SPI_UART.o)
 .debug_loc     0x00003403      0x1bd .\CortexM0p\ARM_GCC_541\Debug\VL6180X_Distance_Test.a(CyFlash.o)
 .debug_loc     0x000035c0      0x10c .\CortexM0p\ARM_GCC_541\Debug\VL6180X_Distance_Test.a(I2C_Distance_I2C_INT.o)

.debug_macinfo
 *(.debug_macinfo)

.debug_ranges   0x00000000      0x740
 *(.debug_ranges)
 .debug_ranges  0x00000000       0x58 .\CortexM0p\ARM_GCC_541\Debug\main.o
 .debug_ranges  0x00000058       0x20 .\CortexM0p\ARM_GCC_541\Debug\cyfitter_cfg.o
 .debug_ranges  0x00000078       0x38 .\CortexM0p\ARM_GCC_541\Debug\Cm0plusStart.o
 .debug_ranges  0x000000b0       0x48 .\CortexM0p\ARM_GCC_541\Debug\VL6180X_Distance_Test.a(UART.o)
 .debug_ranges  0x000000f8       0x80 .\CortexM0p\ARM_GCC_541\Debug\VL6180X_Distance_Test.a(UART_UART.o)
 .debug_ranges  0x00000178      0x2a0 .\CortexM0p\ARM_GCC_541\Debug\VL6180X_Distance_Test.a(CyLib.o)
 .debug_ranges  0x00000418      0x198 .\CortexM0p\ARM_GCC_541\Debug\VL6180X_Distance_Test.a(CyLFClk.o)
 .debug_ranges  0x000005b0       0x50 .\CortexM0p\ARM_GCC_541\Debug\VL6180X_Distance_Test.a(I2C_Distance.o)
 .debug_ranges  0x00000600       0x20 .\CortexM0p\ARM_GCC_541\Debug\VL6180X_Distance_Test.a(I2C_Distance_I2C.o)
 .debug_ranges  0x00000620       0x88 .\CortexM0p\ARM_GCC_541\Debug\VL6180X_Distance_Test.a(I2C_Distance_I2C_MASTER.o)
 .debug_ranges  0x000006a8       0x50 .\CortexM0p\ARM_GCC_541\Debug\VL6180X_Distance_Test.a(UART_SPI_UART.o)
 .debug_ranges  0x000006f8       0x38 .\CortexM0p\ARM_GCC_541\Debug\VL6180X_Distance_Test.a(CyFlash.o)
 .debug_ranges  0x00000730       0x10 .\CortexM0p\ARM_GCC_541\Debug\VL6180X_Distance_Test.a(I2C_Distance_I2C_INT.o)

.comment        0x00000000       0x6e
 .comment       0x00000000       0x6e .\CortexM0p\ARM_GCC_541\Debug\main.o
                                 0x6f (size before relaxing)
 .comment       0x0000006e       0x6f .\CortexM0p\ARM_GCC_541\Debug\cyfitter_cfg.o
 .comment       0x0000006e       0x6f .\CortexM0p\ARM_GCC_541\Debug\cymetadata.o
 .comment       0x0000006e       0x6f .\CortexM0p\ARM_GCC_541\Debug\Cm0plusStart.o
 .comment       0x0000006e       0x6f .\CortexM0p\ARM_GCC_541\Debug\VL6180X_Distance_Test.a(UART.o)
 .comment       0x0000006e       0x6f .\CortexM0p\ARM_GCC_541\Debug\VL6180X_Distance_Test.a(UART_UART.o)
 .comment       0x0000006e       0x6f .\CortexM0p\ARM_GCC_541\Debug\VL6180X_Distance_Test.a(CyLib.o)
 .comment       0x0000006e       0x6f .\CortexM0p\ARM_GCC_541\Debug\VL6180X_Distance_Test.a(CyLFClk.o)
 .comment       0x0000006e       0x6f .\CortexM0p\ARM_GCC_541\Debug\VL6180X_Distance_Test.a(I2C_Distance.o)
 .comment       0x0000006e       0x6f .\CortexM0p\ARM_GCC_541\Debug\VL6180X_Distance_Test.a(I2C_Distance_I2C.o)
 .comment       0x0000006e       0x6f .\CortexM0p\ARM_GCC_541\Debug\VL6180X_Distance_Test.a(I2C_Distance_I2C_MASTER.o)
 .comment       0x0000006e       0x6f .\CortexM0p\ARM_GCC_541\Debug\VL6180X_Distance_Test.a(UART_SPI_UART.o)
 .comment       0x0000006e       0x6f .\CortexM0p\ARM_GCC_541\Debug\VL6180X_Distance_Test.a(CyFlash.o)
 .comment       0x0000006e       0x6f .\CortexM0p\ARM_GCC_541\Debug\VL6180X_Distance_Test.a(I2C_Distance_I2C_INT.o)

.debug_weaknames
 *(.debug_weaknames)

.debug_funcnames
 *(.debug_funcnames)

.debug_typenames
 *(.debug_typenames)

.debug_varnames
 *(.debug_varnames)

.note.gnu.arm.ident
 *(.note.gnu.arm.ident)

.ARM.attributes
                0x00000000       0x28
 *(.ARM.attributes)
 .ARM.attributes
                0x00000000       0x1e c:/program files (x86)/cypress/psoc creator/4.4/psoc creator/import/gnu/arm/5.4.1/bin/../lib/gcc/arm-none-eabi/5.4.1/armv6-m/crti.o
 .ARM.attributes
                0x0000001e       0x2c c:/program files (x86)/cypress/psoc creator/4.4/psoc creator/import/gnu/arm/5.4.1/bin/../lib/gcc/arm-none-eabi/5.4.1/armv6-m/crtbegin.o
 .ARM.attributes
                0x0000004a       0x1b c:/program files (x86)/cypress/psoc creator/4.4/psoc creator/import/gnu/arm/5.4.1/bin/../lib/gcc/arm-none-eabi/5.4.1/../../../../arm-none-eabi/lib/armv6-m/crt0.o
 .ARM.attributes
                0x00000065       0x32 .\CortexM0p\ARM_GCC_541\Debug\main.o
 .ARM.attributes
                0x00000097       0x32 .\CortexM0p\ARM_GCC_541\Debug\cyfitter_cfg.o
 .ARM.attributes
                0x000000c9       0x32 .\CortexM0p\ARM_GCC_541\Debug\cymetadata.o
 .ARM.attributes
                0x000000fb       0x32 .\CortexM0p\ARM_GCC_541\Debug\Cm0plusStart.o
 .ARM.attributes
                0x0000012d       0x32 .\CortexM0p\ARM_GCC_541\Debug\VL6180X_Distance_Test.a(UART.o)
 .ARM.attributes
                0x0000015f       0x32 .\CortexM0p\ARM_GCC_541\Debug\VL6180X_Distance_Test.a(UART_UART.o)
 .ARM.attributes
                0x00000191       0x32 .\CortexM0p\ARM_GCC_541\Debug\VL6180X_Distance_Test.a(CyLib.o)
 .ARM.attributes
                0x000001c3       0x32 .\CortexM0p\ARM_GCC_541\Debug\VL6180X_Distance_Test.a(CyLFClk.o)
 .ARM.attributes
                0x000001f5       0x32 .\CortexM0p\ARM_GCC_541\Debug\VL6180X_Distance_Test.a(I2C_Distance.o)
 .ARM.attributes
                0x00000227       0x32 .\CortexM0p\ARM_GCC_541\Debug\VL6180X_Distance_Test.a(I2C_Distance_I2C.o)
 .ARM.attributes
                0x00000259       0x32 .\CortexM0p\ARM_GCC_541\Debug\VL6180X_Distance_Test.a(I2C_Distance_I2C_MASTER.o)
 .ARM.attributes
                0x0000028b       0x22 .\CortexM0p\ARM_GCC_541\Debug\VL6180X_Distance_Test.a(CyBootAsmGnu.o)
 .ARM.attributes
                0x000002ad       0x32 .\CortexM0p\ARM_GCC_541\Debug\VL6180X_Distance_Test.a(UART_SPI_UART.o)
 .ARM.attributes
                0x000002df       0x32 .\CortexM0p\ARM_GCC_541\Debug\VL6180X_Distance_Test.a(CyFlash.o)
 .ARM.attributes
                0x00000311       0x32 .\CortexM0p\ARM_GCC_541\Debug\VL6180X_Distance_Test.a(I2C_Distance_I2C_INT.o)
 .ARM.attributes
                0x00000343       0x1e c:/program files (x86)/cypress/psoc creator/4.4/psoc creator/import/gnu/arm/5.4.1/bin/../lib/gcc/arm-none-eabi/5.4.1/armv6-m\libgcc.a(_udivsi3.o)
 .ARM.attributes
                0x00000361       0x1e c:/program files (x86)/cypress/psoc creator/4.4/psoc creator/import/gnu/arm/5.4.1/bin/../lib/gcc/arm-none-eabi/5.4.1/armv6-m\libgcc.a(_divsi3.o)
 .ARM.attributes
                0x0000037f       0x1e c:/program files (x86)/cypress/psoc creator/4.4/psoc creator/import/gnu/arm/5.4.1/bin/../lib/gcc/arm-none-eabi/5.4.1/armv6-m\libgcc.a(_dvmd_tls.o)
 .ARM.attributes
                0x0000039d       0x2c c:/program files (x86)/cypress/psoc creator/4.4/psoc creator/import/gnu/arm/5.4.1/bin/../lib/gcc/arm-none-eabi/5.4.1/../../../../arm-none-eabi/lib/armv6-m\libg_nano.a(lib_a-errno.o)
 .ARM.attributes
                0x000003c9       0x2c c:/program files (x86)/cypress/psoc creator/4.4/psoc creator/import/gnu/arm/5.4.1/bin/../lib/gcc/arm-none-eabi/5.4.1/../../../../arm-none-eabi/lib/armv6-m\libg_nano.a(lib_a-exit.o)
 .ARM.attributes
                0x000003f5       0x2c c:/program files (x86)/cypress/psoc creator/4.4/psoc creator/import/gnu/arm/5.4.1/bin/../lib/gcc/arm-none-eabi/5.4.1/../../../../arm-none-eabi/lib/armv6-m\libg_nano.a(lib_a-impure.o)
 .ARM.attributes
                0x00000421       0x2c c:/program files (x86)/cypress/psoc creator/4.4/psoc creator/import/gnu/arm/5.4.1/bin/../lib/gcc/arm-none-eabi/5.4.1/../../../../arm-none-eabi/lib/armv6-m\libg_nano.a(lib_a-init.o)
 .ARM.attributes
                0x0000044d       0x2c c:/program files (x86)/cypress/psoc creator/4.4/psoc creator/import/gnu/arm/5.4.1/bin/../lib/gcc/arm-none-eabi/5.4.1/../../../../arm-none-eabi/lib/armv6-m\libg_nano.a(lib_a-memcpy-stub.o)
 .ARM.attributes
                0x00000479       0x2c c:/program files (x86)/cypress/psoc creator/4.4/psoc creator/import/gnu/arm/5.4.1/bin/../lib/gcc/arm-none-eabi/5.4.1/../../../../arm-none-eabi/lib/armv6-m\libg_nano.a(lib_a-memset.o)
 .ARM.attributes
                0x000004a5       0x2c c:/program files (x86)/cypress/psoc creator/4.4/psoc creator/import/gnu/arm/5.4.1/bin/../lib/gcc/arm-none-eabi/5.4.1/../../../../arm-none-eabi/lib/armv6-m\libg_nano.a(lib_a-sprintf.o)
 .ARM.attributes
                0x000004d1       0x2c c:/program files (x86)/cypress/psoc creator/4.4/psoc creator/import/gnu/arm/5.4.1/bin/../lib/gcc/arm-none-eabi/5.4.1/../../../../arm-none-eabi/lib/armv6-m\libg_nano.a(lib_a-nano-svfprintf.o)
 .ARM.attributes
                0x000004fd       0x2c c:/program files (x86)/cypress/psoc creator/4.4/psoc creator/import/gnu/arm/5.4.1/bin/../lib/gcc/arm-none-eabi/5.4.1/../../../../arm-none-eabi/lib/armv6-m\libg_nano.a(lib_a-nano-vfprintf_i.o)
 .ARM.attributes
                0x00000529       0x2c c:/program files (x86)/cypress/psoc creator/4.4/psoc creator/import/gnu/arm/5.4.1/bin/../lib/gcc/arm-none-eabi/5.4.1/../../../../arm-none-eabi/lib/armv6-m\libg_nano.a(lib_a-memchr-stub.o)
 .ARM.attributes
                0x00000555       0x2c c:/program files (x86)/cypress/psoc creator/4.4/psoc creator/import/gnu/arm/5.4.1/bin/../lib/gcc/arm-none-eabi/5.4.1/../../../../arm-none-eabi/lib/armv6-m\libg_nano.a(lib_a-memmove.o)
 .ARM.attributes
                0x00000581       0x2c c:/program files (x86)/cypress/psoc creator/4.4/psoc creator/import/gnu/arm/5.4.1/bin/../lib/gcc/arm-none-eabi/5.4.1/../../../../arm-none-eabi/lib/armv6-m\libg_nano.a(lib_a-nano-freer.o)
 .ARM.attributes
                0x000005ad       0x2c c:/program files (x86)/cypress/psoc creator/4.4/psoc creator/import/gnu/arm/5.4.1/bin/../lib/gcc/arm-none-eabi/5.4.1/../../../../arm-none-eabi/lib/armv6-m\libg_nano.a(lib_a-nano-mallocr.o)
 .ARM.attributes
                0x000005d9       0x2c c:/program files (x86)/cypress/psoc creator/4.4/psoc creator/import/gnu/arm/5.4.1/bin/../lib/gcc/arm-none-eabi/5.4.1/../../../../arm-none-eabi/lib/armv6-m\libg_nano.a(lib_a-nano-reallocr.o)
 .ARM.attributes
                0x00000605       0x2c c:/program files (x86)/cypress/psoc creator/4.4/psoc creator/import/gnu/arm/5.4.1/bin/../lib/gcc/arm-none-eabi/5.4.1/../../../../arm-none-eabi/lib/armv6-m\libg_nano.a(lib_a-sbrkr.o)
 .ARM.attributes
                0x00000631       0x2c c:/program files (x86)/cypress/psoc creator/4.4/psoc creator/import/gnu/arm/5.4.1/bin/../lib/gcc/arm-none-eabi/5.4.1/../../../../arm-none-eabi/lib/armv6-m\libg_nano.a(lib_a-mlock.o)
 .ARM.attributes
                0x0000065d       0x2c c:/program files (x86)/cypress/psoc creator/4.4/psoc creator/import/gnu/arm/5.4.1/bin/../lib/gcc/arm-none-eabi/5.4.1/../../../../arm-none-eabi/lib/armv6-m\libg_nano.a(lib_a-nano-msizer.o)
 .ARM.attributes
                0x00000689       0x2c c:/program files (x86)/cypress/psoc creator/4.4/psoc creator/import/gnu/arm/5.4.1/bin/../lib/gcc/arm-none-eabi/5.4.1/../../../../arm-none-eabi/lib/armv6-m\libg_nano.a(lib_a-reent.o)
 .ARM.attributes
                0x000006b5       0x2c c:/program files (x86)/cypress/psoc creator/4.4/psoc creator/import/gnu/arm/5.4.1/bin/../lib/gcc/arm-none-eabi/5.4.1/armv6-m/crtend.o
 .ARM.attributes
                0x000006e1       0x1e c:/program files (x86)/cypress/psoc creator/4.4/psoc creator/import/gnu/arm/5.4.1/bin/../lib/gcc/arm-none-eabi/5.4.1/armv6-m/crtn.o

/DISCARD/
 *(.note.GNU-stack)
OUTPUT(C:\Users\12548\Studies_Works\VL6180X_Distance_Test\VL6180X_Distance_Test\VL6180X_Distance_Test.cydsn\CortexM0p\ARM_GCC_541\Debug\VL6180X_Distance_Test.elf elf32-littlearm)
